Archive member included to satisfy reference by file (symbol)

/Applications/Simplicity Studio.app/Contents/Eclipse/developer/toolchains/gnu_arm/7.2_2017q4/bin/../lib/gcc/arm-none-eabi/7.2.1/thumb/v7e-m/fpv4-sp/softfp/libgcc.a(_arm_addsubdf3.o)
                              ./src/Source_Files/SI7021.o (__aeabi_dsub)
/Applications/Simplicity Studio.app/Contents/Eclipse/developer/toolchains/gnu_arm/7.2_2017q4/bin/../lib/gcc/arm-none-eabi/7.2.1/thumb/v7e-m/fpv4-sp/softfp/libgcc.a(_arm_muldivdf3.o)
                              ./src/Source_Files/SI7021.o (__aeabi_dmul)
/Applications/Simplicity Studio.app/Contents/Eclipse/developer/toolchains/gnu_arm/7.2_2017q4/bin/../lib/gcc/arm-none-eabi/7.2.1/thumb/v7e-m/fpv4-sp/softfp/libgcc.a(_arm_truncdfsf2.o)
                              ./src/Source_Files/SI7021.o (__aeabi_d2f)
/Applications/Simplicity Studio.app/Contents/Eclipse/developer/toolchains/gnu_arm/7.2_2017q4/bin/../lib/gcc/arm-none-eabi/7.2.1/thumb/v7e-m/fpv4-sp/softfp/libgcc.a(_aeabi_uldivmod.o)
                              ./emlib/em_usart.o (__aeabi_uldivmod)
/Applications/Simplicity Studio.app/Contents/Eclipse/developer/toolchains/gnu_arm/7.2_2017q4/bin/../lib/gcc/arm-none-eabi/7.2.1/thumb/v7e-m/fpv4-sp/softfp/libgcc.a(_udivmoddi4.o)
                              /Applications/Simplicity Studio.app/Contents/Eclipse/developer/toolchains/gnu_arm/7.2_2017q4/bin/../lib/gcc/arm-none-eabi/7.2.1/thumb/v7e-m/fpv4-sp/softfp/libgcc.a(_aeabi_uldivmod.o) (__udivmoddi4)
/Applications/Simplicity Studio.app/Contents/Eclipse/developer/toolchains/gnu_arm/7.2_2017q4/bin/../lib/gcc/arm-none-eabi/7.2.1/thumb/v7e-m/fpv4-sp/softfp/libgcc.a(_dvmd_tls.o)
                              /Applications/Simplicity Studio.app/Contents/Eclipse/developer/toolchains/gnu_arm/7.2_2017q4/bin/../lib/gcc/arm-none-eabi/7.2.1/thumb/v7e-m/fpv4-sp/softfp/libgcc.a(_aeabi_uldivmod.o) (__aeabi_ldiv0)
/Applications/Simplicity Studio.app/Contents/Eclipse/developer/toolchains/gnu_arm/7.2_2017q4/bin/../lib/gcc/arm-none-eabi/7.2.1/../../../../arm-none-eabi/lib/thumb/v7e-m/fpv4-sp/softfp/libc_nano.a(lib_a-abs.o)
                              ./src/Source_Files/ble.o (abs)
/Applications/Simplicity Studio.app/Contents/Eclipse/developer/toolchains/gnu_arm/7.2_2017q4/bin/../lib/gcc/arm-none-eabi/7.2.1/../../../../arm-none-eabi/lib/thumb/v7e-m/fpv4-sp/softfp/libc_nano.a(lib_a-exit.o)
                              /Applications/Simplicity Studio.app/Contents/Eclipse/developer/toolchains/gnu_arm/7.2_2017q4/bin/../lib/gcc/arm-none-eabi/7.2.1/../../../../arm-none-eabi/lib/thumb/v7e-m/fpv4-sp/softfp/crt0.o (exit)
/Applications/Simplicity Studio.app/Contents/Eclipse/developer/toolchains/gnu_arm/7.2_2017q4/bin/../lib/gcc/arm-none-eabi/7.2.1/../../../../arm-none-eabi/lib/thumb/v7e-m/fpv4-sp/softfp/libc_nano.a(lib_a-impure.o)
                              /Applications/Simplicity Studio.app/Contents/Eclipse/developer/toolchains/gnu_arm/7.2_2017q4/bin/../lib/gcc/arm-none-eabi/7.2.1/../../../../arm-none-eabi/lib/thumb/v7e-m/fpv4-sp/softfp/libc_nano.a(lib_a-exit.o) (_global_impure_ptr)
/Applications/Simplicity Studio.app/Contents/Eclipse/developer/toolchains/gnu_arm/7.2_2017q4/bin/../lib/gcc/arm-none-eabi/7.2.1/../../../../arm-none-eabi/lib/thumb/v7e-m/fpv4-sp/softfp/libc_nano.a(lib_a-init.o)
                              /Applications/Simplicity Studio.app/Contents/Eclipse/developer/toolchains/gnu_arm/7.2_2017q4/bin/../lib/gcc/arm-none-eabi/7.2.1/../../../../arm-none-eabi/lib/thumb/v7e-m/fpv4-sp/softfp/crt0.o (__libc_init_array)
/Applications/Simplicity Studio.app/Contents/Eclipse/developer/toolchains/gnu_arm/7.2_2017q4/bin/../lib/gcc/arm-none-eabi/7.2.1/../../../../arm-none-eabi/lib/thumb/v7e-m/fpv4-sp/softfp/libc_nano.a(lib_a-memcpy-stub.o)
                              ./emlib/em_crypto.o (memcpy)
/Applications/Simplicity Studio.app/Contents/Eclipse/developer/toolchains/gnu_arm/7.2_2017q4/bin/../lib/gcc/arm-none-eabi/7.2.1/../../../../arm-none-eabi/lib/thumb/v7e-m/fpv4-sp/softfp/libc_nano.a(lib_a-memset.o)
                              /Applications/Simplicity Studio.app/Contents/Eclipse/developer/toolchains/gnu_arm/7.2_2017q4/bin/../lib/gcc/arm-none-eabi/7.2.1/../../../../arm-none-eabi/lib/thumb/v7e-m/fpv4-sp/softfp/crt0.o (memset)
/Applications/Simplicity Studio.app/Contents/Eclipse/developer/toolchains/gnu_arm/7.2_2017q4/bin/../lib/gcc/arm-none-eabi/7.2.1/../../../../arm-none-eabi/lib/thumb/v7e-m/fpv4-sp/softfp/libc_nano.a(lib_a-nano-vfprintf_float.o)
                              (_printf_float)
/Applications/Simplicity Studio.app/Contents/Eclipse/developer/toolchains/gnu_arm/7.2_2017q4/bin/../lib/gcc/arm-none-eabi/7.2.1/../../../../arm-none-eabi/lib/thumb/v7e-m/fpv4-sp/softfp/libc_nano.a(lib_a-nano-vfprintf_i.o)
[...]
Memory Configuration

Name             Origin             Length             Attributes
FLASH            0x0000000000000000 0x0000000000100000 xr
RAM              0x0000000020000000 0x0000000000040000 xrw
*default*        0x0000000000000000 0xffffffffffffffff

Linker script and memory map

LOAD /Applications/Simplicity Studio.app/Contents/Eclipse/developer/toolchains/gnu_arm/7.2_2017q4/bin/../lib/gcc/arm-none-eabi/7.2.1/thumb/v7e-m/fpv4-sp/softfp/crti.o
LOAD /Applications/Simplicity Studio.app/Contents/Eclipse/developer/toolchains/gnu_arm/7.2_2017q4/bin/../lib/gcc/arm-none-eabi/7.2.1/thumb/v7e-m/fpv4-sp/softfp/crtbegin.o
LOAD /Applications/Simplicity Studio.app/Contents/Eclipse/developer/toolchains/gnu_arm/7.2_2017q4/bin/../lib/gcc/arm-none-eabi/7.2.1/../../../../arm-none-eabi/lib/thumb/v7e-m/fpv4-sp/softfp/crt0.o
LOAD ./CMSIS/EFM32PG12B/startup_gcc_efm32pg12b.o
LOAD ./CMSIS/EFM32PG12B/system_efm32pg12b.o
LOAD ./emlib/em_acmp.o
LOAD ./emlib/em_adc.o
LOAD ./emlib/em_aes.o
LOAD ./emlib/em_assert.o
LOAD ./emlib/em_burtc.o
LOAD ./emlib/em_can.o
LOAD ./emlib/em_cmu.o
LOAD ./emlib/em_core.o
LOAD ./emlib/em_cryotimer.o
LOAD ./emlib/em_crypto.o
LOAD ./emlib/em_csen.o
LOAD ./emlib/em_dac.o
LOAD ./emlib/em_dbg.o
LOAD ./emlib/em_dma.o
LOAD ./emlib/em_ebi.o
LOAD ./emlib/em_emu.o
LOAD ./emlib/em_eusart.o
LOAD ./emlib/em_gpcrc.o
LOAD ./emlib/em_gpio.o
LOAD ./emlib/em_i2c.o
LOAD ./emlib/em_iadc.o
LOAD ./emlib/em_idac.o
LOAD ./emlib/em_int.o
LOAD ./emlib/em_lcd.o
LOAD ./emlib/em_ldma.o
LOAD ./emlib/em_lesense.o
LOAD ./emlib/em_letimer.o
LOAD ./emlib/em_leuart.o
LOAD ./emlib/em_mpu.o
LOAD ./emlib/em_msc.o
LOAD ./emlib/em_opamp.o
LOAD ./emlib/em_pcnt.o
LOAD ./emlib/em_pdm.o
LOAD ./emlib/em_prs.o
LOAD ./emlib/em_qspi.o
LOAD ./emlib/em_rmu.o
LOAD ./emlib/em_rtc.o
LOAD ./emlib/em_rtcc.o
LOAD ./emlib/em_se.o
LOAD ./emlib/em_system.o
LOAD ./emlib/em_timer.o
LOAD ./emlib/em_usart.o
LOAD ./emlib/em_vcmp.o
LOAD ./emlib/em_vdac.o
LOAD ./emlib/em_wdog.o
LOAD ./src/Source_Files/HW_delay.o
LOAD ./src/Source_Files/SI7021.o
LOAD ./src/Source_Files/app.o
LOAD ./src/Source_Files/ble.o
LOAD ./src/Source_Files/cmu.o
LOAD ./src/Source_Files/gpio.o
LOAD ./src/Source_Files/i2c.o
LOAD ./src/Source_Files/letimer.o
LOAD ./src/Source_Files/leuart.o
LOAD ./src/Source_Files/scheduler.o
LOAD ./src/Source_Files/sleep_routines.o
LOAD ./src/Source_Files/veml6030.o
LOAD ./src/main.o
START GROUP
LOAD /Applications/Simplicity Studio.app/Contents/Eclipse/developer/toolchains/gnu_arm/7.2_2017q4/bin/../lib/gcc/arm-none-eabi/7.2.1/thumb/v7e-m/fpv4-sp/softfp/libgcc.a
LOAD /Applications/Simplicity Studio.app/Contents/Eclipse/developer/toolchains/gnu_arm/7.2_2017q4/bin/../lib/gcc/arm-none-eabi/7.2.1/../../../../arm-none-eabi/lib/thumb/v7e-m/fpv4-sp/softfp/libc_nano.a
LOAD /Applications/Simplicity Studio.app/Contents/Eclipse/developer/toolchains/gnu_arm/7.2_2017q4/bin/../lib/gcc/arm-none-eabi/7.2.1/../../../../arm-none-eabi/lib/thumb/v7e-m/fpv4-sp/softfp/libnosys.a
END GROUP
START GROUP
LOAD /Applications/Simplicity Studio.app/Contents/Eclipse/developer/toolchains/gnu_arm/7.2_2017q4/bin/../lib/gcc/arm-none-eabi/7.2.1/thumb/v7e-m/fpv4-sp/softfp/libgcc.a
LOAD /Applications/Simplicity Studio.app/Contents/Eclipse/developer/toolchains/gnu_arm/7.2_2017q4/bin/../lib/gcc/arm-none-eabi/7.2.1/../../../../arm-none-eabi/lib/thumb/v7e-m/fpv4-sp/softfp/libg_nano.a
LOAD /Applications/Simplicity Studio.app/Contents/Eclipse/developer/toolchains/gnu_arm/7.2_2017q4/bin/../lib/gcc/arm-none-eabi/7.2.1/../../../../arm-none-eabi/lib/thumb/v7e-m/fpv4-sp/softfp/libc_nano.a
END GROUP
START GROUP
LOAD /Applications/Simplicity Studio.app/Contents/Eclipse/developer/toolchains/gnu_arm/7.2_2017q4/bin/../lib/gcc/arm-none-eabi/7.2.1/thumb/v7e-m/fpv4-sp/softfp/libgcc.a
LOAD /Applications/Simplicity Studio.app/Contents/Eclipse/developer/toolchains/gnu_arm/7.2_2017q4/bin/../lib/gcc/arm-none-eabi/7.2.1/../../../../arm-none-eabi/lib/thumb/v7e-m/fpv4-sp/softfp/libc_nano.a
END GROUP
LOAD /Applications/Simplicity Studio.app/Contents/Eclipse/developer/toolchains/gnu_arm/7.2_2017q4/bin/../lib/gcc/arm-none-eabi/7.2.1/thumb/v7e-m/fpv4-sp/softfp/crtend.o
LOAD /Applications/Simplicity Studio.app/Contents/Eclipse/developer/toolchains/gnu_arm/7.2_2017q4/bin/../lib/gcc/arm-none-eabi/7.2.1/thumb/v7e-m/fpv4-sp/softfp/crtn.o

.text           0x0000000000000000     0x8aec
 *(.vectors)
 .vectors       0x0000000000000000      0x10c ./CMSIS/EFM32PG12B/startup_gcc_efm32pg12b.o
                0x0000000000000000                __Vectors
                0x000000000000010c                __Vectors_End = .
                0x000000000000010c                __Vectors_Size = (__Vectors_End - __Vectors)
                0x000000000000010c                __end__ = .
 *(.text*)
 .text          0x000000000000010c       0x40 /Applications/Simplicity Studio.app/Contents/Eclipse/developer/toolchains/gnu_arm/7.2_2017q4/bin/../lib/gcc/arm-none-eabi/7.2.1/thumb/v7e-m/fpv4-sp/softfp/crtbegin.o
 .text          0x000000000000014c       0x74 /Applications/Simplicity Studio.app/Contents/Eclipse/developer/toolchains/gnu_arm/7.2_2017q4/bin/../lib/gcc/arm-none-eabi/7.2.1/../../../../arm-none-eabi/lib/thumb/v7e-m/fpv4-sp/softfp/crt0.o
                0x000000000000014c                _mainCRTStartup
                0x000000000000014c                _start
 .text          0x00000000000001c0       0x30 ./CMSIS/EFM32PG12B/startup_gcc_efm32pg12b.o
                0x00000000000001c0                Reset_Handler
                0x00000000000001ec                USART0_TX_IRQHandler
                0x00000000000001ec                HardFault_Handler
                0x00000000000001ec                SysTick_Handler
                0x00000000000001ec                USART1_RX_IRQHandler
                0x00000000000001ec                PendSV_Handler
                0x00000000000001ec                NMI_Handler
                0x00000000000001ec                WTIMER0_IRQHandler
                0x00000000000001ec                CRYPTO0_IRQHandler
                0x00000000000001ec                WDOG0_IRQHandler
                0x00000000000001ec                USART1_TX_IRQHandler
                0x00000000000001ec                SMU_IRQHandler
                0x00000000000001ec                MSC_IRQHandler
                0x00000000000001ec                ADC0_IRQHandler
                0x00000000000001ec                UsageFault_Handler
                0x00000000000001ec                WDOG1_IRQHandler
                0x00000000000001ec                FPUEH_IRQHandler
                0x00000000000001ec                WTIMER1_IRQHandler
                0x00000000000001ec                GPIO_EVEN_IRQHandler
                0x00000000000001ec                VDAC0_IRQHandler
                0x00000000000001ec                LDMA_IRQHandler
                0x00000000000001ec                CSEN_IRQHandler
                0x00000000000001ec                CRYPTO1_IRQHandler
                0x00000000000001ec                TIMER0_IRQHandler
                0x00000000000001ec                PCNT2_IRQHandler
                0x00000000000001ec                TIMER1_IRQHandler
                0x00000000000001ec                TRNG0_IRQHandler
                0x00000000000001ec                USART2_RX_IRQHandler
                0x00000000000001ec                Default_Handler
                0x00000000000001ec                EMU_IRQHandler
                0x00000000000001ec                CRYOTIMER_IRQHandler
                0x00000000000001ec                PCNT0_IRQHandler
                0x00000000000001ec                sl_app_properties
                0x00000000000001ec                PCNT1_IRQHandler
                0x00000000000001ec                ACMP0_IRQHandler
                0x00000000000001ec                USART0_RX_IRQHandler
                0x00000000000001ec                MemManage_Handler
                0x00000000000001ec                SVC_Handler
                0x00000000000001ec                USART3_RX_IRQHandler
                0x00000000000001ec                RTCC_IRQHandler
                0x00000000000001ec                CMU_IRQHandler
                0x00000000000001ec                LESENSE_IRQHandler
                0x00000000000001ec                GPIO_ODD_IRQHandler
                0x00000000000001ec                USART3_TX_IRQHandler
                0x00000000000001ec                BusFault_Handler
                0x00000000000001ec                USART2_TX_IRQHandler
                0x00000000000001ec                DebugMon_Handler
                0x00000000000001ec                IDAC0_IRQHandler
 .text.SystemCoreClockGet
                0x00000000000001f0       0x40 ./CMSIS/EFM32PG12B/system_efm32pg12b.o
                0x00000000000001f0                SystemCoreClockGet
 .text.SystemMaxCoreClockGet
                0x0000000000000230       0x14 ./CMSIS/EFM32PG12B/system_efm32pg12b.o
                0x0000000000000230                SystemMaxCoreClockGet
 .text.SystemHFClockGet
                0x0000000000000244       0x88 ./CMSIS/EFM32PG12B/system_efm32pg12b.o
                0x0000000000000244                SystemHFClockGet
 .text.SystemHFXOClockGet
                0x00000000000002cc       0x18 ./CMSIS/EFM32PG12B/system_efm32pg12b.o
                0x00000000000002cc                SystemHFXOClockGet
 .text.SystemInit
                0x00000000000002e4       0x2c ./CMSIS/EFM32PG12B/system_efm32pg12b.o
                0x00000000000002e4                SystemInit
 .text.SystemLFRCOClockGet
                0x0000000000000310       0x12 ./CMSIS/EFM32PG12B/system_efm32pg12b.o
                0x0000000000000310                SystemLFRCOClockGet
 .text.SystemULFRCOClockGet
                0x0000000000000322       0x12 ./CMSIS/EFM32PG12B/system_efm32pg12b.o
                0x0000000000000322                SystemULFRCOClockGet
 .text.SystemLFXOClockGet
                0x0000000000000334       0x18 ./CMSIS/EFM32PG12B/system_efm32pg12b.o
                0x0000000000000334                SystemLFXOClockGet
 .text.assertEFM
                0x000000000000034c        0xc ./emlib/em_assert.o
                0x000000000000034c                assertEFM
 .text.BUS_RegBitWrite
                0x0000000000000358       0x2e ./emlib/em_cmu.o
 .text.BUS_RegBitRead
                0x0000000000000386       0x2a ./emlib/em_cmu.o
 .text.SL_Log2ToDiv
                0x00000000000003b0       0x2c ./emlib/em_cmu.o
 .text.EMU_LDOStatusGet
                0x00000000000003dc       0x24 ./emlib/em_cmu.o
 .text.EMU_VScaleWait
                0x0000000000000400       0x30 ./emlib/em_cmu.o
 .text.EMU_VScaleGet
                0x0000000000000430       0x1c ./emlib/em_cmu.o
 .text.setHfLeConfig
                0x000000000000044c       0x64 ./emlib/em_cmu.o
 .text.auxClkGet
                0x00000000000004b0       0x20 ./emlib/em_cmu.o
 .text.hfSrcClkGet
                0x00000000000004d0       0x2c ./emlib/em_cmu.o
 .text.dbgClkGet
                0x00000000000004fc       0x4c ./emlib/em_cmu.o
 .text.adcAsyncClkGet
                0x0000000000000548       0x98 ./emlib/em_cmu.o
 .text.flashWaitStateControl
                0x00000000000005e0       0x98 ./emlib/em_cmu.o
 .text.flashWaitStateMax
                0x0000000000000678       0x44 ./emlib/em_cmu.o
 .text.CMU_UpdateWaitStates
                0x00000000000006bc       0x40 ./emlib/em_cmu.o
                0x00000000000006bc                CMU_UpdateWaitStates
 .text.getRegIshUpperVal
                0x00000000000006fc       0x36 ./emlib/em_cmu.o
 *fill*         0x0000000000000732        0x2 
 .text.getHfxoTuningMode
                0x0000000000000734       0x1c ./emlib/em_cmu.o
 .text.setHfxoTuningMode
                0x0000000000000750       0x2c ./emlib/em_cmu.o
 .text.lfClkGet
                0x000000000000077c      0x114 ./emlib/em_cmu.o
 .text.syncReg  0x0000000000000890       0x38 ./emlib/em_cmu.o
 .text.hfperClkSafePrescaler
                0x00000000000008c8        0xe ./emlib/em_cmu.o
 .text.hfperClkOptimizedPrescaler
                0x00000000000008d6        0xe ./emlib/em_cmu.o
 .text.CMU_ClockDivGet
                0x00000000000008e4       0x1a ./emlib/em_cmu.o
                0x00000000000008e4                CMU_ClockDivGet
 *fill*         0x00000000000008fe        0x2 
 .text.CMU_ClockEnable
                0x0000000000000900       0xd8 ./emlib/em_cmu.o
                0x0000000000000900                CMU_ClockEnable
 .text.CMU_ClockFreqGet
                0x00000000000009d8      0x240 ./emlib/em_cmu.o
                0x00000000000009d8                CMU_ClockFreqGet
 .text.CMU_ClockPrescGet
                0x0000000000000c18      0x1c0 ./emlib/em_cmu.o
                0x0000000000000c18                CMU_ClockPrescGet
 .text.CMU_ClockSelectGet
                0x0000000000000dd8      0x1c8 ./emlib/em_cmu.o
                0x0000000000000dd8                CMU_ClockSelectGet
 .text.CMU_ClockSelectSet
                0x0000000000000fa0      0x348 ./emlib/em_cmu.o
                0x0000000000000fa0                CMU_ClockSelectSet
 .text.CMU_HFRCODevinfoGet
                0x00000000000012e8       0xdc ./emlib/em_cmu.o
 .text.CMU_HFRCOBandGet
                0x00000000000013c4       0x18 ./emlib/em_cmu.o
                0x00000000000013c4                CMU_HFRCOBandGet
 .text.CMU_HFRCOBandSet
                0x00000000000013dc      0x178 ./emlib/em_cmu.o
                0x00000000000013dc                CMU_HFRCOBandSet
 .text.CMU_HFXOInit
                0x0000000000001554      0x104 ./emlib/em_cmu.o
                0x0000000000001554                CMU_HFXOInit
 .text.CMU_OscillatorEnable
                0x0000000000001658      0x1bc ./emlib/em_cmu.o
                0x0000000000001658                CMU_OscillatorEnable
 .text.CMU_OscillatorTuningGet
                0x0000000000001814       0x7c ./emlib/em_cmu.o
                0x0000000000001814                CMU_OscillatorTuningGet
 .text.CMU_OscillatorTuningSet
                0x0000000000001890      0x154 ./emlib/em_cmu.o
                0x0000000000001890                CMU_OscillatorTuningSet
 .text.CMU_OscillatorTuningWait
                0x00000000000019e4       0xb4 ./emlib/em_cmu.o
                0x00000000000019e4                CMU_OscillatorTuningWait
 .text.CMU_OscillatorTuningOptimize
                0x0000000000001a98       0x64 ./emlib/em_cmu.o
                0x0000000000001a98                CMU_OscillatorTuningOptimize
 .text.CORE_EnterCritical
                0x0000000000001afc       0x20 ./emlib/em_core.o
                0x0000000000001afc                CORE_EnterCritical
 .text.CORE_ExitCritical
                0x0000000000001b1c       0x1c ./emlib/em_core.o
                0x0000000000001b1c                CORE_ExitCritical
 .text.SystemCoreClockUpdate
                0x0000000000001b38        0xc ./emlib/em_emu.o
 .text.BUS_RegBitWrite
                0x0000000000001b44       0x2e ./emlib/em_emu.o
 .text.BUS_RegBitRead
                0x0000000000001b72       0x2a ./emlib/em_emu.o
 .text.EMU_LDOStatusGet
                0x0000000000001b9c       0x24 ./emlib/em_emu.o
 .text.EMU_VScaleWait
                0x0000000000001bc0       0x30 ./emlib/em_emu.o
 .text.EMU_VScaleGet
                0x0000000000001bf0       0x1c ./emlib/em_emu.o
 .text.EMU_IntClear
                0x0000000000001c0c       0x20 ./emlib/em_emu.o
 .text.EMU_IntGet
                0x0000000000001c2c       0x18 ./emlib/em_emu.o
 .text.EMU_PowerLock
                0x0000000000001c44       0x18 ./emlib/em_emu.o
 .text.EMU_PowerUnlock
                0x0000000000001c5c       0x1c ./emlib/em_emu.o
 .text.CMU_Lock
                0x0000000000001c78       0x1c ./emlib/em_emu.o
 .text.CMU_Unlock
                0x0000000000001c94       0x1c ./emlib/em_emu.o
 .text.vScaleEM01Cmd
                0x0000000000001cb0       0x22 ./emlib/em_emu.o
 *fill*         0x0000000000001cd2        0x2 
 .text.emState  0x0000000000001cd4      0x158 ./emlib/em_emu.o
 .text.vScaleDownEM23Setup
                0x0000000000001e2c       0x64 ./emlib/em_emu.o
 .text.vScaleAfterWakeup
                0x0000000000001e90       0x48 ./emlib/em_emu.o
 .text.EMU_EM23PresleepHook
                0x0000000000001ed8        0xe ./emlib/em_emu.o
                0x0000000000001ed8                EMU_EM23PresleepHook
 .text.EMU_EM23PostsleepHook
                0x0000000000001ee6        0xe ./emlib/em_emu.o
                0x0000000000001ee6                EMU_EM23PostsleepHook
 .text.EMU_EnterEM2
                0x0000000000001ef4       0x90 ./emlib/em_emu.o
                0x0000000000001ef4                EMU_EnterEM2
 .text.EMU_EnterEM3
                0x0000000000001f84       0xb8 ./emlib/em_emu.o
                0x0000000000001f84                EMU_EnterEM3
 .text.EMU_VScaleEM01ByClock
                0x000000000000203c       0x84 ./emlib/em_emu.o
                0x000000000000203c                EMU_VScaleEM01ByClock
 .text.EMU_VScaleEM01
                0x00000000000020c0       0xb4 ./emlib/em_emu.o
                0x00000000000020c0                EMU_VScaleEM01
 .text.EMU_EM23Init
                0x0000000000002174       0x50 ./emlib/em_emu.o
                0x0000000000002174                EMU_EM23Init
 .text.dcdcConstCalibrationLoad
                0x00000000000021c4       0x10 ./emlib/em_emu.o
 .text.dcdcValidatedConfigSet
                0x00000000000021d4       0x40 ./emlib/em_emu.o
 .text.currentLimitersUpdate
                0x0000000000002214      0x124 ./emlib/em_emu.o
 .text.userCurrentLimitsSet
                0x0000000000002338       0x30 ./emlib/em_emu.o
 .text.compCtrlSet
                0x0000000000002368       0x4c ./emlib/em_emu.o
 .text.lpCmpHystCalibrationLoad
                0x00000000000023b4       0xec ./emlib/em_emu.o
 .text.lpGetDevinfoVrefLowHigh
                0x00000000000024a0      0x164 ./emlib/em_emu.o
 .text.EMU_DCDCModeSet
                0x0000000000002604      0x10c ./emlib/em_emu.o
                0x0000000000002604                EMU_DCDCModeSet
 .text.EMU_DCDCInit
                0x0000000000002710      0x1c8 ./emlib/em_emu.o
                0x0000000000002710                EMU_DCDCInit
 .text.EMU_DCDCOutputVoltageSet
                0x00000000000028d8      0x2d8 ./emlib/em_emu.o
                0x00000000000028d8                EMU_DCDCOutputVoltageSet
 .text.EMU_DCDCOptimizeSlice
                0x0000000000002bb0       0xe8 ./emlib/em_emu.o
                0x0000000000002bb0                EMU_DCDCOptimizeSlice
 .text.EMU_DCDCLnRcoBandSet
                0x0000000000002c98       0x64 ./emlib/em_emu.o
                0x0000000000002c98                EMU_DCDCLnRcoBandSet
 .text.BUS_RegMaskedSet
                0x0000000000002cfc       0x24 ./emlib/em_gpio.o
 .text.BUS_RegMaskedClear
                0x0000000000002d20       0x24 ./emlib/em_gpio.o
 .text.BUS_RegMaskedWrite
                0x0000000000002d44       0x24 ./emlib/em_gpio.o
 .text.GPIO_PinOutClear
                0x0000000000002d68       0xd0 ./emlib/em_gpio.o
 .text.GPIO_PinOutSet
                0x0000000000002e38       0xd0 ./emlib/em_gpio.o
 .text.GPIO_DriveStrengthSet
                0x0000000000002f08       0x8c ./emlib/em_gpio.o
                0x0000000000002f08                GPIO_DriveStrengthSet
 .text.GPIO_PinModeSet
                0x0000000000002f94      0x18c ./emlib/em_gpio.o
                0x0000000000002f94                GPIO_PinModeSet
 .text.I2C_IntClear
                0x0000000000003120       0x1c ./emlib/em_i2c.o
 .text.BUS_RegBitWrite
                0x000000000000313c       0x2e ./emlib/em_i2c.o
 .text.BUS_RegMaskedSet
                0x000000000000316a       0x24 ./emlib/em_i2c.o
 .text.BUS_RegMaskedClear
                0x000000000000318e       0x24 ./emlib/em_i2c.o
 .text.BUS_RegMaskedWrite
                0x00000000000031b2       0x24 ./emlib/em_i2c.o
 *fill*         0x00000000000031d6        0x2 
 .text.I2C_BusFreqSet
                0x00000000000031d8      0x198 ./emlib/em_i2c.o
                0x00000000000031d8                I2C_BusFreqSet
 .text.I2C_Enable
                0x0000000000003370       0x48 ./emlib/em_i2c.o
                0x0000000000003370                I2C_Enable
 .text.I2C_Init
                0x00000000000033b8       0x7c ./emlib/em_i2c.o
                0x00000000000033b8                I2C_Init
 .text.regSync  0x0000000000003434       0x24 ./emlib/em_letimer.o
 .text.LETIMER_Enable
                0x0000000000003458       0x4c ./emlib/em_letimer.o
                0x0000000000003458                LETIMER_Enable
 .text.LETIMER_Init
                0x00000000000034a4      0x110 ./emlib/em_letimer.o
                0x00000000000034a4                LETIMER_Init
 .text.LEUART_Sync
                0x00000000000035b4       0x32 ./emlib/em_leuart.o
 *fill*         0x00000000000035e6        0x2 
 .text.LEUART_BaudrateSet
                0x00000000000035e8       0x9c ./emlib/em_leuart.o
                0x00000000000035e8                LEUART_BaudrateSet
 .text.LEUART_Enable
                0x0000000000003684       0x58 ./emlib/em_leuart.o
                0x0000000000003684                LEUART_Enable
 .text.LEUART_FreezeEnable
                0x00000000000036dc       0x36 ./emlib/em_leuart.o
                0x00000000000036dc                LEUART_FreezeEnable
 *fill*         0x0000000000003712        0x2 
 .text.LEUART_Init
                0x0000000000003714       0x84 ./emlib/em_leuart.o
                0x0000000000003714                LEUART_Init
 .text.TIMER_Valid
                0x0000000000003798       0x50 ./emlib/em_timer.o
 .text.TIMER_Init
                0x00000000000037e8       0xfc ./emlib/em_timer.o
                0x00000000000037e8                TIMER_Init
 .text.TIMER_Valid
                0x00000000000038e4       0x50 ./src/Source_Files/HW_delay.o
 .text.TIMER_Enable
                0x0000000000003934       0x44 ./src/Source_Files/HW_delay.o
 .text.timer_delay
                0x0000000000003978       0xa0 ./src/Source_Files/HW_delay.o
                0x0000000000003978                timer_delay
 .text.si7021_i2c_open
                0x0000000000003a18       0x4c ./src/Source_Files/SI7021.o
                0x0000000000003a18                si7021_i2c_open
 .text.si7021_read
                0x0000000000003a64       0x64 ./src/Source_Files/SI7021.o
                0x0000000000003a64                si7021_read
 .text.si7021_rel_humidity
                0x0000000000003ac8       0x90 ./src/Source_Files/SI7021.o
                0x0000000000003ac8                si7021_rel_humidity
 .text.si7021_rel_temp
                0x0000000000003b58       0xd4 ./src/Source_Files/SI7021.o
                0x0000000000003b58                si7021_rel_temp
 .text.si7021_tdd_config
                0x0000000000003c2c      0x104 ./src/Source_Files/SI7021.o
                0x0000000000003c2c                si7021_tdd_config
 .text.BUS_RegMaskedSet
                0x0000000000003d30       0x24 ./src/Source_Files/app.o
 .text.BUS_RegMaskedClear
                0x0000000000003d54       0x24 ./src/Source_Files/app.o
 .text.GPIO_PinOutClear
                0x0000000000003d78       0xd0 ./src/Source_Files/app.o
 .text.GPIO_PinOutSet
                0x0000000000003e48       0xd0 ./src/Source_Files/app.o
 .text.app_peripheral_setup
                0x0000000000003f18       0x48 ./src/Source_Files/app.o
                0x0000000000003f18                app_peripheral_setup
 .text.app_letimer_pwm_open
                0x0000000000003f60       0x6c ./src/Source_Files/app.o
 .text.scheduled_letimer0_uf_cb
                0x0000000000003fcc       0x50 ./src/Source_Files/app.o
                0x0000000000003fcc                scheduled_letimer0_uf_cb
 .text.scheduled_letimer0_comp0_cb
                0x000000000000401c       0x1c ./src/Source_Files/app.o
                0x000000000000401c                scheduled_letimer0_comp0_cb
 .text.scheduled_letimer0_comp1_cb
                0x0000000000004038       0x1c ./src/Source_Files/app.o
                0x0000000000004038                scheduled_letimer0_comp1_cb
 .text.service_si7021_humidity_done
                0x0000000000004054       0xa4 ./src/Source_Files/app.o
                0x0000000000004054                service_si7021_humidity_done
 .text.service_si7021_temp_done
                0x00000000000040f8       0x84 ./src/Source_Files/app.o
                0x00000000000040f8                service_si7021_temp_done
 .text.service_veml6030_light_done
                0x000000000000417c       0x7c ./src/Source_Files/app.o
                0x000000000000417c                service_veml6030_light_done
 .text.scheduled_boot_up_cb
                0x00000000000041f8       0x2c ./src/Source_Files/app.o
                0x00000000000041f8                scheduled_boot_up_cb
 .text.scheduled_ble_tx_cb
                0x0000000000004224       0x2c ./src/Source_Files/app.o
                0x0000000000004224                scheduled_ble_tx_cb
 .text.ble_open
                0x0000000000004250       0x54 ./src/Source_Files/ble.o
                0x0000000000004250                ble_open
 .text.ble_write
                0x00000000000042a4       0x20 ./src/Source_Files/ble.o
                0x00000000000042a4                ble_write
 .text.ble_circ_init
                0x00000000000042c4       0x2c ./src/Source_Files/ble.o
 .text.cmu_open
                0x00000000000042f0       0x4c ./src/Source_Files/cmu.o
                0x00000000000042f0                cmu_open
 .text.gpio_open
                0x000000000000433c       0xa4 ./src/Source_Files/gpio.o
                0x000000000000433c                gpio_open
 .text.__NVIC_EnableIRQ
                0x00000000000043e0       0x3c ./src/Source_Files/i2c.o
 .text.i2c_open
                0x000000000000441c      0x148 ./src/Source_Files/i2c.o
                0x000000000000441c                i2c_open
 .text.i2c_bus_reset
                0x0000000000004564       0x76 ./src/Source_Files/i2c.o
                0x0000000000004564                i2c_bus_reset
 *fill*         0x00000000000045da        0x2 
 .text.i2c_start
                0x00000000000045dc       0xd8 ./src/Source_Files/i2c.o
                0x00000000000045dc                i2c_start
 .text.I2C0_IRQHandler
                0x00000000000046b4       0x68 ./src/Source_Files/i2c.o
                0x00000000000046b4                I2C0_IRQHandler
 .text.I2C1_IRQHandler
                0x000000000000471c       0x68 ./src/Source_Files/i2c.o
                0x000000000000471c                I2C1_IRQHandler
 .text.i2c_ack  0x0000000000004784      0x160 ./src/Source_Files/i2c.o
 .text.i2c_nack
                0x00000000000048e4       0xb4 ./src/Source_Files/i2c.o
 .text.i2c_rxdatav
                0x0000000000004998      0x184 ./src/Source_Files/i2c.o
 .text.i2c_mstop
                0x0000000000004b1c      0x13c ./src/Source_Files/i2c.o
 .text.i2c_busy
                0x0000000000004c58       0x44 ./src/Source_Files/i2c.o
                0x0000000000004c58                i2c_busy
 .text.__NVIC_EnableIRQ
                0x0000000000004c9c       0x3c ./src/Source_Files/letimer.o
 .text.letimer_pwm_open
                0x0000000000004cd8      0x19c ./src/Source_Files/letimer.o
                0x0000000000004cd8                letimer_pwm_open
 .text.letimer_start
                0x0000000000004e74       0x46 ./src/Source_Files/letimer.o
                0x0000000000004e74                letimer_start
 *fill*         0x0000000000004eba        0x2 
 .text.LETIMER0_IRQHandler
                0x0000000000004ebc       0xac ./src/Source_Files/letimer.o
                0x0000000000004ebc                LETIMER0_IRQHandler
 .text.__NVIC_EnableIRQ
                0x0000000000004f68       0x3c ./src/Source_Files/leuart.o
 .text.leuart_open
                0x0000000000004fa4      0x14c ./src/Source_Files/leuart.o
                0x0000000000004fa4                leuart_open
 .text.LEUART0_IRQHandler
                0x00000000000050f0       0x48 ./src/Source_Files/leuart.o
                0x00000000000050f0                LEUART0_IRQHandler
 .text.leuart_txbl
                0x0000000000005138       0x98 ./src/Source_Files/leuart.o
 .text.leuart_txc
                0x00000000000051d0       0x68 ./src/Source_Files/leuart.o
 .text.leuart_start
                0x0000000000005238       0x7c ./src/Source_Files/leuart.o
                0x0000000000005238                leuart_start
 .text.leuart_tx_busy
                0x00000000000052b4       0x1c ./src/Source_Files/leuart.o
                0x00000000000052b4                leuart_tx_busy
 .text.leuart_cmd_write
                0x00000000000052d0       0x26 ./src/Source_Files/leuart.o
                0x00000000000052d0                leuart_cmd_write
 .text.leuart_app_transmit_byte
                0x00000000000052f6       0x2c ./src/Source_Files/leuart.o
                0x00000000000052f6                leuart_app_transmit_byte
 *fill*         0x0000000000005322        0x2 
 .text.scheduler_open
                0x0000000000005324       0x24 ./src/Source_Files/scheduler.o
                0x0000000000005324                scheduler_open
 .text.add_scheduled_event
                0x0000000000005348       0x2c ./src/Source_Files/scheduler.o
                0x0000000000005348                add_scheduled_event
 .text.remove_scheduled_event
                0x0000000000005374       0x30 ./src/Source_Files/scheduler.o
                0x0000000000005374                remove_scheduled_event
 .text.get_scheduled_events
                0x00000000000053a4       0x18 ./src/Source_Files/scheduler.o
                0x00000000000053a4                get_scheduled_events
 .text.EMU_EnterEM1
                0x00000000000053bc       0x20 ./src/Source_Files/sleep_routines.o
 .text.sleep_open
                0x00000000000053dc       0x34 ./src/Source_Files/sleep_routines.o
                0x00000000000053dc                sleep_open
 .text.enter_sleep
                0x0000000000005410       0x54 ./src/Source_Files/sleep_routines.o
                0x0000000000005410                enter_sleep
 .text.sleep_unblock_mode
                0x0000000000005464       0x58 ./src/Source_Files/sleep_routines.o
                0x0000000000005464                sleep_unblock_mode
 .text.sleep_block_mode
                0x00000000000054bc       0x4c ./src/Source_Files/sleep_routines.o
                0x00000000000054bc                sleep_block_mode
 .text.veml6030_i2c_open
                0x0000000000005508       0x4c ./src/Source_Files/veml6030.o
                0x0000000000005508                veml6030_i2c_open
 .text.veml6030_read
                0x0000000000005554       0x34 ./src/Source_Files/veml6030.o
                0x0000000000005554                veml6030_read
 .text.veml6030_rel_light
                0x0000000000005588       0x44 ./src/Source_Files/veml6030.o
                0x0000000000005588                veml6030_rel_light
 .text.SYSTEM_GetProdRev
                0x00000000000055cc       0x1c ./src/main.o
 .text.CHIP_Init
                0x00000000000055e8       0x84 ./src/main.o
 .text.main     0x000000000000566c      0x138 ./src/main.o
                0x000000000000566c                main
 .text          0x00000000000057a4      0x378 /Applications/Simplicity Studio.app/Contents/Eclipse/developer/toolchains/gnu_arm/7.2_2017q4/bin/../lib/gcc/arm-none-eabi/7.2.1/thumb/v7e-m/fpv4-sp/softfp/libgcc.a(_arm_addsubdf3.o)
                0x00000000000057a4                __aeabi_drsub
                0x00000000000057ac                __subdf3
                0x00000000000057ac                __aeabi_dsub
                0x00000000000057b0                __aeabi_dadd
                0x00000000000057b0                __adddf3
                0x0000000000005a28                __aeabi_ui2d
                0x0000000000005a28                __floatunsidf
                0x0000000000005a48                __floatsidf
                0x0000000000005a48                __aeabi_i2d
                0x0000000000005a6c                __extendsfdf2
                0x0000000000005a6c                __aeabi_f2d
                0x0000000000005ab0                __aeabi_ul2d
                0x0000000000005ab0                __floatundidf
                0x0000000000005ac0                __aeabi_l2d
                0x0000000000005ac0                __floatdidf
 .text          0x0000000000005b1c      0x424 /Applications/Simplicity Studio.app/Contents/Eclipse/developer/toolchains/gnu_arm/7.2_2017q4/bin/../lib/gcc/arm-none-eabi/7.2.1/thumb/v7e-m/fpv4-sp/softfp/libgcc.a(_arm_muldivdf3.o)
                0x0000000000005b1c                __aeabi_dmul
                0x0000000000005b1c                __muldf3
                0x0000000000005d70                __aeabi_ddiv
                0x0000000000005d70                __divdf3
 .text          0x0000000000005f40       0xa0 /Applications/Simplicity Studio.app/Contents/Eclipse/developer/toolchains/gnu_arm/7.2_2017q4/bin/../lib/gcc/arm-none-eabi/7.2.1/thumb/v7e-m/fpv4-sp/softfp/libgcc.a(_arm_truncdfsf2.o)
                0x0000000000005f40                __aeabi_d2f
                0x0000000000005f40                __truncdfsf2
 .text.exit     0x0000000000005fe0       0x28 /Applications/Simplicity Studio.app/Contents/Eclipse/developer/toolchains/gnu_arm/7.2_2017q4/bin/../lib/gcc/arm-none-eabi/7.2.1/../../../../arm-none-eabi/lib/thumb/v7e-m/fpv4-sp/softfp/libc_nano.a(lib_a-exit.o)
                0x0000000000005fe0                exit
 .text.__libc_init_array
                0x0000000000006008       0x48 /Applications/Simplicity Studio.app/Contents/Eclipse/developer/toolchains/gnu_arm/7.2_2017q4/bin/../lib/gcc/arm-none-eabi/7.2.1/../../../../arm-none-eabi/lib/thumb/v7e-m/fpv4-sp/softfp/libc_nano.a(lib_a-init.o)
                0x0000000000006008                __libc_init_array
 .text.memcpy   0x0000000000006050       0x16 /Applications/Simplicity Studio.app/Contents/Eclipse/developer/toolchains/gnu_arm/7.2_2017q4/bin/../lib/gcc/arm-none-eabi/7.2.1/../../../../arm-none-eabi/lib/thumb/v7e-m/fpv4-sp/softfp/libc_nano.a(lib_a-memcpy-stub.o)
                0x0000000000006050                memcpy
 .text.memset   0x0000000000006066       0x10 /Applications/Simplicity Studio.app/Contents/Eclipse/developer/toolchains/gnu_arm/7.2_2017q4/bin/../lib/gcc/arm-none-eabi/7.2.1/../../../../arm-none-eabi/lib/thumb/v7e-m/fpv4-sp/softfp/libc_nano.a(lib_a-memset.o)
                0x0000000000006066                memset
 .text.__cvt    0x0000000000006076       0xbc /Applications/Simplicity Studio.app/Contents/Eclipse/developer/toolchains/gnu_arm/7.2_2017q4/bin/../lib/gcc/arm-none-eabi/7.2.1/../../../../arm-none-eabi/lib/thumb/v7e-m/fpv4-sp/softfp/libc_nano.a(lib_a-nano-vfprintf_float.o)
                0x0000000000006076                __cvt
 .text.__exponent
                0x0000000000006132       0x66 /Applications/Simplicity Studio.app/Contents/Eclipse/developer/toolchains/gnu_arm/7.2_2017q4/bin/../lib/gcc/arm-none-eabi/7.2.1/../../../../arm-none-eabi/lib/thumb/v7e-m/fpv4-sp/softfp/libc_nano.a(lib_a-nano-vfprintf_float.o)
                0x0000000000006132                __exponent
 .text._printf_float
                0x0000000000006198      0x48c /Applications/Simplicity Studio.app/Contents/Eclipse/developer/toolchains/gnu_arm/7.2_2017q4/bin/../lib/gcc/arm-none-eabi/7.2.1/../../../../arm-none-eabi/lib/thumb/v7e-m/fpv4-sp/softfp/libc_nano.a(lib_a-nano-vfprintf_float.o)
                0x0000000000006198                _printf_float
 .text._printf_common
                0x0000000000006624       0xea /Applications/Simplicity Studio.app/Contents/Eclipse/developer/toolchains/gnu_arm/7.2_2017q4/bin/../lib/gcc/arm-none-eabi/7.2.1/../../../../arm-none-eabi/lib/thumb/v7e-m/fpv4-sp/softfp/libc_nano.a(lib_a-nano-vfprintf_i.o)
                0x0000000000006624                _printf_common
 *fill*         0x000000000000670e        0x2 
 .text._printf_i
                0x0000000000006710      0x224 /Applications/Simplicity Studio.app/Contents/Eclipse/developer/toolchains/gnu_arm/7.2_2017q4/bin/../lib/gcc/arm-none-eabi/7.2.1/../../../../arm-none-eabi/lib/thumb/v7e-m/fpv4-sp/softfp/libc_nano.a(lib_a-nano-vfprintf_i.o)
                0x0000000000006710                _printf_i
 .text.sprintf  0x0000000000006934       0x40 /Applications/Simplicity Studio.app/Contents/Eclipse/developer/toolchains/gnu_arm/7.2_2017q4/bin/../lib/gcc/arm-none-eabi/7.2.1/../../../../arm-none-eabi/lib/thumb/v7e-m/fpv4-sp/softfp/libc_nano.a(lib_a-sprintf.o)
                0x0000000000006934                sprintf
                0x0000000000006934                siprintf
 .text.strcpy   0x0000000000006974       0x10 /Applications/Simplicity Studio.app/Contents/Eclipse/developer/toolchains/gnu_arm/7.2_2017q4/bin/../lib/gcc/arm-none-eabi/7.2.1/../../../../arm-none-eabi/lib/thumb/v7e-m/fpv4-sp/softfp/libc_nano.a(lib_a-strcpy.o)
                0x0000000000006974                strcpy
 .text          0x0000000000006984       0x10 /Applications/Simplicity Studio.app/Contents/Eclipse/developer/toolchains/gnu_arm/7.2_2017q4/bin/../lib/gcc/arm-none-eabi/7.2.1/../../../../arm-none-eabi/lib/thumb/v7e-m/fpv4-sp/softfp/libc_nano.a(lib_a-strlen.o)
                0x0000000000006984                strlen
 .text.quorem   0x0000000000006994      0x118 /Applications/Simplicity Studio.app/Contents/Eclipse/developer/toolchains/gnu_arm/7.2_2017q4/bin/../lib/gcc/arm-none-eabi/7.2.1/../../../../arm-none-eabi/lib/thumb/v7e-m/fpv4-sp/softfp/libc_nano.a(lib_a-dtoa.o)
 *fill*         0x0000000000006aac        0x4 
 .text._dtoa_r  0x0000000000006ab0      0xb7c /Applications/Simplicity Studio.app/Contents/Eclipse/developer/toolchains/gnu_arm/7.2_2017q4/bin/../lib/gcc/arm-none-eabi/7.2.1/../../../../arm-none-eabi/lib/thumb/v7e-m/fpv4-sp/softfp/libc_nano.a(lib_a-dtoa.o)
                0x0000000000006ab0                _dtoa_r
 .text._localeconv_r
                0x000000000000762c       0x1c /Applications/Simplicity Studio.app/Contents/Eclipse/developer/toolchains/gnu_arm/7.2_2017q4/bin/../lib/gcc/arm-none-eabi/7.2.1/../../../../arm-none-eabi/lib/thumb/v7e-m/fpv4-sp/softfp/libc_nano.a(lib_a-localeconv.o)
                0x000000000000762c                _localeconv_r
 .text.malloc   0x0000000000007648       0x10 /Applications/Simplicity Studio.app/Contents/Eclipse/developer/toolchains/gnu_arm/7.2_2017q4/bin/../lib/gcc/arm-none-eabi/7.2.1/../../../../arm-none-eabi/lib/thumb/v7e-m/fpv4-sp/softfp/libc_nano.a(lib_a-malloc.o)
                0x0000000000007648                malloc
 *fill*         0x0000000000007658        0x8 
 .text          0x0000000000007660       0xa0 /Applications/Simplicity Studio.app/Contents/Eclipse/developer/toolchains/gnu_arm/7.2_2017q4/bin/../lib/gcc/arm-none-eabi/7.2.1/../../../../arm-none-eabi/lib/thumb/v7e-m/fpv4-sp/softfp/libc_nano.a(lib_a-memchr.o)
                0x0000000000007660                memchr
 .text._Balloc  0x0000000000007700       0x68 /Applications/Simplicity Studio.app/Contents/Eclipse/developer/toolchains/gnu_arm/7.2_2017q4/bin/../lib/gcc/arm-none-eabi/7.2.1/../../../../arm-none-eabi/lib/thumb/v7e-m/fpv4-sp/softfp/libc_nano.a(lib_a-mprec.o)
                0x0000000000007700                _Balloc
 .text._Bfree   0x0000000000007768       0x2e /Applications/Simplicity Studio.app/Contents/Eclipse/developer/toolchains/gnu_arm/7.2_2017q4/bin/../lib/gcc/arm-none-eabi/7.2.1/../../../../arm-none-eabi/lib/thumb/v7e-m/fpv4-sp/softfp/libc_nano.a(lib_a-mprec.o)
                0x0000000000007768                _Bfree
 .text.__multadd
                0x0000000000007796       0x76 /Applications/Simplicity Studio.app/Contents/Eclipse/developer/toolchains/gnu_arm/7.2_2017q4/bin/../lib/gcc/arm-none-eabi/7.2.1/../../../../arm-none-eabi/lib/thumb/v7e-m/fpv4-sp/softfp/libc_nano.a(lib_a-mprec.o)
                0x0000000000007796                __multadd
 .text.__hi0bits
                0x000000000000780c       0x3e /Applications/Simplicity Studio.app/Contents/Eclipse/developer/toolchains/gnu_arm/7.2_2017q4/bin/../lib/gcc/arm-none-eabi/7.2.1/../../../../arm-none-eabi/lib/thumb/v7e-m/fpv4-sp/softfp/libc_nano.a(lib_a-mprec.o)
                0x000000000000780c                __hi0bits
 .text.__lo0bits
                0x000000000000784a       0x5e /Applications/Simplicity Studio.app/Contents/Eclipse/developer/toolchains/gnu_arm/7.2_2017q4/bin/../lib/gcc/arm-none-eabi/7.2.1/../../../../arm-none-eabi/lib/thumb/v7e-m/fpv4-sp/softfp/libc_nano.a(lib_a-mprec.o)
                0x000000000000784a                __lo0bits
 .text.__i2b    0x00000000000078a8       0x12 /Applications/Simplicity Studio.app/Contents/Eclipse/developer/toolchains/gnu_arm/7.2_2017q4/bin/../lib/gcc/arm-none-eabi/7.2.1/../../../../arm-none-eabi/lib/thumb/v7e-m/fpv4-sp/softfp/libc_nano.a(lib_a-mprec.o)
                0x00000000000078a8                __i2b
 .text.__multiply
                0x00000000000078ba      0x12c /Applications/Simplicity Studio.app/Contents/Eclipse/developer/toolchains/gnu_arm/7.2_2017q4/bin/../lib/gcc/arm-none-eabi/7.2.1/../../../../arm-none-eabi/lib/thumb/v7e-m/fpv4-sp/softfp/libc_nano.a(lib_a-mprec.o)
                0x00000000000078ba                __multiply
 *fill*         0x00000000000079e6        0x2 
 .text.__pow5mult
                0x00000000000079e8       0x9c /Applications/Simplicity Studio.app/Contents/Eclipse/developer/toolchains/gnu_arm/7.2_2017q4/bin/../lib/gcc/arm-none-eabi/7.2.1/../../../../arm-none-eabi/lib/thumb/v7e-m/fpv4-sp/softfp/libc_nano.a(lib_a-mprec.o)
                0x00000000000079e8                __pow5mult
 .text.__lshift
                0x0000000000007a84       0xa8 /Applications/Simplicity Studio.app/Contents/Eclipse/developer/toolchains/gnu_arm/7.2_2017q4/bin/../lib/gcc/arm-none-eabi/7.2.1/../../../../arm-none-eabi/lib/thumb/v7e-m/fpv4-sp/softfp/libc_nano.a(lib_a-mprec.o)
                0x0000000000007a84                __lshift
 .text.__mcmp   0x0000000000007b2c       0x34 /Applications/Simplicity Studio.app/Contents/Eclipse/developer/toolchains/gnu_arm/7.2_2017q4/bin/../lib/gcc/arm-none-eabi/7.2.1/../../../../arm-none-eabi/lib/thumb/v7e-m/fpv4-sp/softfp/libc_nano.a(lib_a-mprec.o)
                0x0000000000007b2c                __mcmp
 .text.__mdiff  0x0000000000007b60       0xba /Applications/Simplicity Studio.app/Contents/Eclipse/developer/toolchains/gnu_arm/7.2_2017q4/bin/../lib/gcc/arm-none-eabi/7.2.1/../../../../arm-none-eabi/lib/thumb/v7e-m/fpv4-sp/softfp/libc_nano.a(lib_a-mprec.o)
                0x0000000000007b60                __mdiff
 .text.__d2b    0x0000000000007c1a       0x9e /Applications/Simplicity Studio.app/Contents/Eclipse/developer/toolchains/gnu_arm/7.2_2017q4/bin/../lib/gcc/arm-none-eabi/7.2.1/../../../../arm-none-eabi/lib/thumb/v7e-m/fpv4-sp/softfp/libc_nano.a(lib_a-mprec.o)
                0x0000000000007c1a                __d2b
 .text._calloc_r
                0x0000000000007cb8       0x1c /Applications/Simplicity Studio.app/Contents/Eclipse/developer/toolchains/gnu_arm/7.2_2017q4/bin/../lib/gcc/arm-none-eabi/7.2.1/../../../../arm-none-eabi/lib/thumb/v7e-m/fpv4-sp/softfp/libc_nano.a(lib_a-nano-callocr.o)
                0x0000000000007cb8                _calloc_r
 .text._free_r  0x0000000000007cd4       0x9c /Applications/Simplicity Studio.app/Contents/Eclipse/developer/toolchains/gnu_arm/7.2_2017q4/bin/../lib/gcc/arm-none-eabi/7.2.1/../../../../arm-none-eabi/lib/thumb/v7e-m/fpv4-sp/softfp/libc_nano.a(lib_a-nano-freer.o)
                0x0000000000007cd4                _free_r
 .text._malloc_r
                0x0000000000007d70       0xb4 /Applications/Simplicity Studio.app/Contents/Eclipse/developer/toolchains/gnu_arm/7.2_2017q4/bin/../lib/gcc/arm-none-eabi/7.2.1/../../../../arm-none-eabi/lib/thumb/v7e-m/fpv4-sp/softfp/libc_nano.a(lib_a-nano-mallocr.o)
                0x0000000000007d70                _malloc_r
 .text.__ssputs_r
                0x0000000000007e24       0xb4 /Applications/Simplicity Studio.app/Contents/Eclipse/developer/toolchains/gnu_arm/7.2_2017q4/bin/../lib/gcc/arm-none-eabi/7.2.1/../../../../arm-none-eabi/lib/thumb/v7e-m/fpv4-sp/softfp/libc_nano.a(lib_a-nano-svfprintf.o)
                0x0000000000007e24                __ssputs_r
 .text._svfprintf_r
                0x0000000000007ed8      0x1ec /Applications/Simplicity Studio.app/Contents/Eclipse/developer/toolchains/gnu_arm/7.2_2017q4/bin/../lib/gcc/arm-none-eabi/7.2.1/../../../../arm-none-eabi/lib/thumb/v7e-m/fpv4-sp/softfp/libc_nano.a(lib_a-nano-svfprintf.o)
                0x0000000000007ed8                _svfprintf_r
                0x0000000000007ed8                _svfiprintf_r
 .text._sbrk_r  0x00000000000080c4       0x20 /Applications/Simplicity Studio.app/Contents/Eclipse/developer/toolchains/gnu_arm/7.2_2017q4/bin/../lib/gcc/arm-none-eabi/7.2.1/../../../../arm-none-eabi/lib/thumb/v7e-m/fpv4-sp/softfp/libc_nano.a(lib_a-sbrkr.o)
                0x00000000000080c4                _sbrk_r
 .text.__ascii_mbtowc
                0x00000000000080e4       0x24 /Applications/Simplicity Studio.app/Contents/Eclipse/developer/toolchains/gnu_arm/7.2_2017q4/bin/../lib/gcc/arm-none-eabi/7.2.1/../../../../arm-none-eabi/lib/thumb/v7e-m/fpv4-sp/softfp/libc_nano.a(lib_a-mbtowc_r.o)
                0x00000000000080e4                __ascii_mbtowc
 .text.memmove  0x0000000000008108       0x32 /Applications/Simplicity Studio.app/Contents/Eclipse/developer/toolchains/gnu_arm/7.2_2017q4/bin/../lib/gcc/arm-none-eabi/7.2.1/../../../../arm-none-eabi/lib/thumb/v7e-m/fpv4-sp/softfp/libc_nano.a(lib_a-memmove.o)
                0x0000000000008108                memmove
 .text.__malloc_lock
                0x000000000000813a        0x2 /Applications/Simplicity Studio.app/Contents/Eclipse/developer/toolchains/gnu_arm/7.2_2017q4/bin/../lib/gcc/arm-none-eabi/7.2.1/../../../../arm-none-eabi/lib/thumb/v7e-m/fpv4-sp/softfp/libc_nano.a(lib_a-mlock.o)
                0x000000000000813a                __malloc_lock
 .text.__malloc_unlock
                0x000000000000813c        0x2 /Applications/Simplicity Studio.app/Contents/Eclipse/developer/toolchains/gnu_arm/7.2_2017q4/bin/../lib/gcc/arm-none-eabi/7.2.1/../../../../arm-none-eabi/lib/thumb/v7e-m/fpv4-sp/softfp/libc_nano.a(lib_a-mlock.o)
                0x000000000000813c                __malloc_unlock
 .text._realloc_r
                0x000000000000813e       0x4c /Applications/Simplicity Studio.app/Contents/Eclipse/developer/toolchains/gnu_arm/7.2_2017q4/bin/../lib/gcc/arm-none-eabi/7.2.1/../../../../arm-none-eabi/lib/thumb/v7e-m/fpv4-sp/softfp/libc_nano.a(lib_a-nano-reallocr.o)
                0x000000000000813e                _realloc_r
 .text.__ascii_wctomb
                0x000000000000818a       0x1a /Applications/Simplicity Studio.app/Contents/Eclipse/developer/toolchains/gnu_arm/7.2_2017q4/bin/../lib/gcc/arm-none-eabi/7.2.1/../../../../arm-none-eabi/lib/thumb/v7e-m/fpv4-sp/softfp/libc_nano.a(lib_a-wctomb_r.o)
                0x000000000000818a                __ascii_wctomb
 .text._malloc_usable_size_r
                0x00000000000081a4       0x10 /Applications/Simplicity Studio.app/Contents/Eclipse/developer/toolchains/gnu_arm/7.2_2017q4/bin/../lib/gcc/arm-none-eabi/7.2.1/../../../../arm-none-eabi/lib/thumb/v7e-m/fpv4-sp/softfp/libc_nano.a(lib_a-nano-msizer.o)
                0x00000000000081a4                _malloc_usable_size_r
 .text._sbrk    0x00000000000081b4       0x1c /Applications/Simplicity Studio.app/Contents/Eclipse/developer/toolchains/gnu_arm/7.2_2017q4/bin/../lib/gcc/arm-none-eabi/7.2.1/../../../../arm-none-eabi/lib/thumb/v7e-m/fpv4-sp/softfp/libnosys.a(sbrk.o)
                0x00000000000081b4                _sbrk
 .text._exit    0x00000000000081d0        0x4 /Applications/Simplicity Studio.app/Contents/Eclipse/developer/toolchains/gnu_arm/7.2_2017q4/bin/../lib/gcc/arm-none-eabi/7.2.1/../../../../arm-none-eabi/lib/thumb/v7e-m/fpv4-sp/softfp/libnosys.a(_exit.o)
                0x00000000000081d0                _exit
 .text          0x00000000000081d4      0x110 /Applications/Simplicity Studio.app/Contents/Eclipse/developer/toolchains/gnu_arm/7.2_2017q4/bin/../lib/gcc/arm-none-eabi/7.2.1/thumb/v7e-m/fpv4-sp/softfp/libgcc.a(_arm_cmpdf2.o)
                0x00000000000081d4                __gedf2
                0x00000000000081d4                __gtdf2
                0x00000000000081dc                __ledf2
                0x00000000000081dc                __ltdf2
                0x00000000000081e4                __cmpdf2
                0x00000000000081e4                __eqdf2
                0x00000000000081e4                __nedf2
                0x0000000000008260                __aeabi_cdrcmple
                0x0000000000008270                __aeabi_cdcmple
                0x0000000000008270                __aeabi_cdcmpeq
                0x0000000000008280                __aeabi_dcmpeq
                0x0000000000008294                __aeabi_dcmplt
                0x00000000000082a8                __aeabi_dcmple
                0x00000000000082bc                __aeabi_dcmpge
                0x00000000000082d0                __aeabi_dcmpgt
 .text          0x00000000000082e4       0x2c /Applications/Simplicity Studio.app/Contents/Eclipse/developer/toolchains/gnu_arm/7.2_2017q4/bin/../lib/gcc/arm-none-eabi/7.2.1/thumb/v7e-m/fpv4-sp/softfp/libgcc.a(_arm_unorddf2.o)
                0x00000000000082e4                __aeabi_dcmpun
                0x00000000000082e4                __unorddf2
 .text          0x0000000000008310       0x50 /Applications/Simplicity Studio.app/Contents/Eclipse/developer/toolchains/gnu_arm/7.2_2017q4/bin/../lib/gcc/arm-none-eabi/7.2.1/thumb/v7e-m/fpv4-sp/softfp/libgcc.a(_arm_fixdfsi.o)
                0x0000000000008310                __fixdfsi
                0x0000000000008310                __aeabi_d2iz
 *(.init)
 .init          0x0000000000008360        0x4 /Applications/Simplicity Studio.app/Contents/Eclipse/developer/toolchains/gnu_arm/7.2_2017q4/bin/../lib/gcc/arm-none-eabi/7.2.1/thumb/v7e-m/fpv4-sp/softfp/crti.o
                0x0000000000008360                _init
 .init          0x0000000000008364        0x8 /Applications/Simplicity Studio.app/Contents/Eclipse/developer/toolchains/gnu_arm/7.2_2017q4/bin/../lib/gcc/arm-none-eabi/7.2.1/thumb/v7e-m/fpv4-sp/softfp/crtn.o
 *(.fini)
 .fini          0x000000000000836c        0x4 /Applications/Simplicity Studio.app/Contents/Eclipse/developer/toolchains/gnu_arm/7.2_2017q4/bin/../lib/gcc/arm-none-eabi/7.2.1/thumb/v7e-m/fpv4-sp/softfp/crti.o
                0x000000000000836c                _fini
 .fini          0x0000000000008370        0x8 /Applications/Simplicity Studio.app/Contents/Eclipse/developer/toolchains/gnu_arm/7.2_2017q4/bin/../lib/gcc/arm-none-eabi/7.2.1/thumb/v7e-m/fpv4-sp/softfp/crtn.o
 .fini.__stub   0x0000000000008378        0x8 linker stubs
 *crtbegin.o(.ctors)
 *crtbegin?.o(.ctors)
 *(EXCLUDE_FILE(*crtend.o *crtend?.o) .ctors)
 *(SORT_BY_NAME(.ctors.*))
 *(.ctors)
 *crtbegin.o(.dtors)
 *crtbegin?.o(.dtors)
 *(EXCLUDE_FILE(*crtend.o *crtend?.o) .dtors)
 *(SORT_BY_NAME(.dtors.*))
 *(.dtors)
 *(.rodata*)
 .rodata        0x0000000000008380      0x106 ./emlib/em_cmu.o
 *fill*         0x0000000000008486        0x2 
 .rodata.flashWsTable
                0x0000000000008488       0x28 ./emlib/em_cmu.o
 .rodata        0x00000000000084b0       0x12 ./emlib/em_emu.o
 *fill*         0x00000000000084c2        0x2 
 .rodata        0x00000000000084c4       0x8b ./emlib/em_gpio.o
 *fill*         0x000000000000854f        0x1 
 .rodata.i2cNSum
                0x0000000000008550        0x4 ./emlib/em_i2c.o
 .rodata        0x0000000000008554       0x12 ./emlib/em_i2c.o
 *fill*         0x0000000000008566        0x2 
 .rodata        0x0000000000008568       0x16 ./emlib/em_letimer.o
 *fill*         0x000000000000857e        0x2 
 .rodata        0x0000000000008580       0x15 ./emlib/em_leuart.o
 *fill*         0x0000000000008595        0x3 
 .rodata        0x0000000000008598       0x8c ./emlib/em_timer.o
 .rodata        0x0000000000008624       0x78 ./src/Source_Files/HW_delay.o
 .rodata        0x000000000000869c       0x1d ./src/Source_Files/SI7021.o
 *fill*         0x00000000000086b9        0x3 
 .rodata        0x00000000000086bc      0x112 ./src/Source_Files/app.o
 *fill*         0x00000000000087ce        0x2 
 .rodata        0x00000000000087d0       0x1a ./src/Source_Files/i2c.o
 *fill*         0x00000000000087ea        0x2 
 .rodata        0x00000000000087ec       0x1e ./src/Source_Files/letimer.o
 *fill*         0x000000000000880a        0x2 
 .rodata        0x000000000000880c       0x1d ./src/Source_Files/leuart.o
 *fill*         0x0000000000008829        0x3 
 .rodata        0x000000000000882c       0x25 ./src/Source_Files/sleep_routines.o
 *fill*         0x0000000000008851        0x3 
 .rodata        0x0000000000008854       0x32 ./src/main.o
 *fill*         0x0000000000008886        0x2 
 .rodata._global_impure_ptr
                0x0000000000008888        0x4 /Applications/Simplicity Studio.app/Contents/Eclipse/developer/toolchains/gnu_arm/7.2_2017q4/bin/../lib/gcc/arm-none-eabi/7.2.1/../../../../arm-none-eabi/lib/thumb/v7e-m/fpv4-sp/softfp/libc_nano.a(lib_a-impure.o)
                0x0000000000008888                _global_impure_ptr
 .rodata._printf_float.str1.1
                0x000000000000888c       0x12 /Applications/Simplicity Studio.app/Contents/Eclipse/developer/toolchains/gnu_arm/7.2_2017q4/bin/../lib/gcc/arm-none-eabi/7.2.1/../../../../arm-none-eabi/lib/thumb/v7e-m/fpv4-sp/softfp/libc_nano.a(lib_a-nano-vfprintf_float.o)
 .rodata._printf_i.str1.1
                0x000000000000889e       0x22 /Applications/Simplicity Studio.app/Contents/Eclipse/developer/toolchains/gnu_arm/7.2_2017q4/bin/../lib/gcc/arm-none-eabi/7.2.1/../../../../arm-none-eabi/lib/thumb/v7e-m/fpv4-sp/softfp/libc_nano.a(lib_a-nano-vfprintf_i.o)
 .rodata._dtoa_r.str1.1
                0x00000000000088c0        0xd /Applications/Simplicity Studio.app/Contents/Eclipse/developer/toolchains/gnu_arm/7.2_2017q4/bin/../lib/gcc/arm-none-eabi/7.2.1/../../../../arm-none-eabi/lib/thumb/v7e-m/fpv4-sp/softfp/libc_nano.a(lib_a-dtoa.o)
                                          0xf (size before relaxing)
 *fill*         0x00000000000088cd        0x3 
 .rodata.__mprec_bigtens
                0x00000000000088d0       0x28 /Applications/Simplicity Studio.app/Contents/Eclipse/developer/toolchains/gnu_arm/7.2_2017q4/bin/../lib/gcc/arm-none-eabi/7.2.1/../../../../arm-none-eabi/lib/thumb/v7e-m/fpv4-sp/softfp/libc_nano.a(lib_a-mprec.o)
                0x00000000000088d0                __mprec_bigtens
 .rodata.__mprec_tens
                0x00000000000088f8       0xc8 /Applications/Simplicity Studio.app/Contents/Eclipse/developer/toolchains/gnu_arm/7.2_2017q4/bin/../lib/gcc/arm-none-eabi/7.2.1/../../../../arm-none-eabi/lib/thumb/v7e-m/fpv4-sp/softfp/libc_nano.a(lib_a-mprec.o)
                0x00000000000088f8                __mprec_tens
 .rodata.p05.7359
                0x00000000000089c0        0xc /Applications/Simplicity Studio.app/Contents/Eclipse/developer/toolchains/gnu_arm/7.2_2017q4/bin/../lib/gcc/arm-none-eabi/7.2.1/../../../../arm-none-eabi/lib/thumb/v7e-m/fpv4-sp/softfp/libc_nano.a(lib_a-mprec.o)
 .rodata._svfprintf_r.str1.1
                0x00000000000089cc       0x11 /Applications/Simplicity Studio.app/Contents/Eclipse/developer/toolchains/gnu_arm/7.2_2017q4/bin/../lib/gcc/arm-none-eabi/7.2.1/../../../../arm-none-eabi/lib/thumb/v7e-m/fpv4-sp/softfp/libc_nano.a(lib_a-nano-svfprintf.o)
 .rodata._setlocale_r.str1.1
                0x00000000000089dd        0x8 /Applications/Simplicity Studio.app/Contents/Eclipse/developer/toolchains/gnu_arm/7.2_2017q4/bin/../lib/gcc/arm-none-eabi/7.2.1/../../../../arm-none-eabi/lib/thumb/v7e-m/fpv4-sp/softfp/libc_nano.a(lib_a-locale.o)
                                          0x9 (size before relaxing)
 .rodata.str1.1
                0x00000000000089e5        0x2 /Applications/Simplicity Studio.app/Contents/Eclipse/developer/toolchains/gnu_arm/7.2_2017q4/bin/../lib/gcc/arm-none-eabi/7.2.1/../../../../arm-none-eabi/lib/thumb/v7e-m/fpv4-sp/softfp/libc_nano.a(lib_a-locale.o)
 .rodata._ctype_
                0x00000000000089e7      0x101 /Applications/Simplicity Studio.app/Contents/Eclipse/developer/toolchains/gnu_arm/7.2_2017q4/bin/../lib/gcc/arm-none-eabi/7.2.1/../../../../arm-none-eabi/lib/thumb/v7e-m/fpv4-sp/softfp/libc_nano.a(lib_a-ctype_.o)
                0x00000000000089e7                _ctype_
 *(.eh_frame*)
 .eh_frame      0x0000000000008ae8        0x0 /Applications/Simplicity Studio.app/Contents/Eclipse/developer/toolchains/gnu_arm/7.2_2017q4/bin/../lib/gcc/arm-none-eabi/7.2.1/thumb/v7e-m/fpv4-sp/softfp/crtbegin.o
 .eh_frame      0x0000000000008ae8        0x4 /Applications/Simplicity Studio.app/Contents/Eclipse/developer/toolchains/gnu_arm/7.2_2017q4/bin/../lib/gcc/arm-none-eabi/7.2.1/thumb/v7e-m/fpv4-sp/softfp/crtend.o

.glue_7         0x0000000000008aec        0x0
 .glue_7        0x0000000000008aec        0x0 linker stubs

.glue_7t        0x0000000000008aec        0x0
 .glue_7t       0x0000000000008aec        0x0 linker stubs

.vfp11_veneer   0x0000000000008aec        0x0
 .vfp11_veneer  0x0000000000008aec        0x0 linker stubs

.v4_bx          0x0000000000008aec        0x0
 .v4_bx         0x0000000000008aec        0x0 linker stubs

.iplt           0x0000000000008aec        0x0
 .iplt          0x0000000000008aec        0x0 /Applications/Simplicity Studio.app/Contents/Eclipse/developer/toolchains/gnu_arm/7.2_2017q4/bin/../lib/gcc/arm-none-eabi/7.2.1/thumb/v7e-m/fpv4-sp/softfp/crtbegin.o

.ARM.extab
 *(.ARM.extab* .gnu.linkonce.armextab.*)
                0x0000000000008aec                __exidx_start = .

.ARM.exidx      0x0000000000008aec        0x8
 *(.ARM.exidx* .gnu.linkonce.armexidx.*)
 .ARM.exidx     0x0000000000008aec        0x8 /Applications/Simplicity Studio.app/Contents/Eclipse/developer/toolchains/gnu_arm/7.2_2017q4/bin/../lib/gcc/arm-none-eabi/7.2.1/../../../../arm-none-eabi/lib/thumb/v7e-m/fpv4-sp/softfp/crt0.o
                0x0000000000008af4                __exidx_end = .
                0x0000000000008af4                __etext = .

.rel.dyn        0x0000000000008af4        0x0
 .rel.iplt      0x0000000000008af4        0x0 /Applications/Simplicity Studio.app/Contents/Eclipse/developer/toolchains/gnu_arm/7.2_2017q4/bin/../lib/gcc/arm-none-eabi/7.2.1/thumb/v7e-m/fpv4-sp/softfp/crtbegin.o

.data           0x0000000020000000      0x214 load address 0x0000000000008af4
                0x0000000020000000                __data_start__ = .
 *(vtable)
 *(.data*)
 .data.SystemHFXOClock
                0x0000000020000000        0x4 ./CMSIS/EFM32PG12B/system_efm32pg12b.o
 .data.SystemLFXOClock
                0x0000000020000004        0x4 ./CMSIS/EFM32PG12B/system_efm32pg12b.o
 .data.SystemCoreClock
                0x0000000020000008        0x4 ./CMSIS/EFM32PG12B/system_efm32pg12b.o
                0x0000000020000008                SystemCoreClock
 .data.SystemHfrcoFreq
                0x000000002000000c        0x4 ./CMSIS/EFM32PG12B/system_efm32pg12b.o
                0x000000002000000c                SystemHfrcoFreq
 .data.auxHfrcoFreq
                0x0000000020000010        0x4 ./emlib/em_cmu.o
 .data._impure_ptr
                0x0000000020000014        0x4 /Applications/Simplicity Studio.app/Contents/Eclipse/developer/toolchains/gnu_arm/7.2_2017q4/bin/../lib/gcc/arm-none-eabi/7.2.1/../../../../arm-none-eabi/lib/thumb/v7e-m/fpv4-sp/softfp/libc_nano.a(lib_a-impure.o)
                0x0000000020000014                _impure_ptr
 .data.impure_data
                0x0000000020000018       0x60 /Applications/Simplicity Studio.app/Contents/Eclipse/developer/toolchains/gnu_arm/7.2_2017q4/bin/../lib/gcc/arm-none-eabi/7.2.1/../../../../arm-none-eabi/lib/thumb/v7e-m/fpv4-sp/softfp/libc_nano.a(lib_a-impure.o)
 .data.__global_locale
                0x0000000020000078      0x16c /Applications/Simplicity Studio.app/Contents/Eclipse/developer/toolchains/gnu_arm/7.2_2017q4/bin/../lib/gcc/arm-none-eabi/7.2.1/../../../../arm-none-eabi/lib/thumb/v7e-m/fpv4-sp/softfp/libc_nano.a(lib_a-locale.o)
                0x0000000020000078                __global_locale
                0x00000000200001e4                . = ALIGN (0x4)
                [!provide]                        PROVIDE (__ram_func_section_start, .)
 *(.ram)
 .ram           0x00000000200001e4       0x28 ./emlib/em_emu.o
                [!provide]                        PROVIDE (__ram_func_section_end, .)
                0x000000002000020c                . = ALIGN (0x4)
                0x000000002000020c                PROVIDE (__preinit_array_start, .)
 *(.preinit_array)
                0x000000002000020c                PROVIDE (__preinit_array_end, .)
                0x000000002000020c                . = ALIGN (0x4)
                0x000000002000020c                PROVIDE (__init_array_start, .)
 *(SORT_BY_NAME(.init_array.*))
 *(.init_array)
 .init_array    0x000000002000020c        0x4 /Applications/Simplicity Studio.app/Contents/Eclipse/developer/toolchains/gnu_arm/7.2_2017q4/bin/../lib/gcc/arm-none-eabi/7.2.1/thumb/v7e-m/fpv4-sp/softfp/crtbegin.o
                0x0000000020000210                PROVIDE (__init_array_end, .)
                0x0000000020000210                . = ALIGN (0x4)
                [!provide]                        PROVIDE (__fini_array_start, .)
 *(SORT_BY_NAME(.fini_array.*))
 *(.fini_array)
 .fini_array    0x0000000020000210        0x4 /Applications/Simplicity Studio.app/Contents/Eclipse/developer/toolchains/gnu_arm/7.2_2017q4/bin/../lib/gcc/arm-none-eabi/7.2.1/thumb/v7e-m/fpv4-sp/softfp/crtbegin.o
                [!provide]                        PROVIDE (__fini_array_end, .)
 *(.jcr*)
                0x0000000020000214                . = ALIGN (0x4)
                0x0000000020000214                __data_end__ = .

.igot.plt       0x0000000020000214        0x0 load address 0x0000000000008d08
 .igot.plt      0x0000000020000214        0x0 /Applications/Simplicity Studio.app/Contents/Eclipse/developer/toolchains/gnu_arm/7.2_2017q4/bin/../lib/gcc/arm-none-eabi/7.2.1/thumb/v7e-m/fpv4-sp/softfp/crtbegin.o

.bss            0x0000000020000214      0x230 load address 0x0000000000008d08
                0x0000000020000214                . = ALIGN (0x4)
                0x0000000020000214                __bss_start__ = .
 *(.bss*)
 .bss           0x0000000020000214       0x1c /Applications/Simplicity Studio.app/Contents/Eclipse/developer/toolchains/gnu_arm/7.2_2017q4/bin/../lib/gcc/arm-none-eabi/7.2.1/thumb/v7e-m/fpv4-sp/softfp/crtbegin.o
 .bss.dcdcMaxCurrent_mA
                0x0000000020000230        0x2 ./emlib/em_emu.o
 .bss.dcdcEm01LoadCurrent_mA
                0x0000000020000232        0x2 ./emlib/em_emu.o
 .bss.dcdcReverseCurrentControl
                0x0000000020000234        0x2 ./emlib/em_emu.o
 *fill*         0x0000000020000236        0x2 
 .bss.vScaleEM01Config
                0x0000000020000238        0x1 ./emlib/em_emu.o
 *fill*         0x0000000020000239        0x3 
 .bss.cmuStatus.7817
                0x000000002000023c        0x4 ./emlib/em_emu.o
 .bss.hfClock.7818
                0x0000000020000240        0x1 ./emlib/em_emu.o
 .bss.vScaleStatus.7819
                0x0000000020000241        0x1 ./emlib/em_emu.o
 *fill*         0x0000000020000242        0x2 
 .bss.hfrcoCtrl.7820
                0x0000000020000244        0x4 ./emlib/em_emu.o
 .bss.data_h    0x0000000020000248        0x4 ./src/Source_Files/SI7021.o
 .bss.data_t    0x000000002000024c        0x4 ./src/Source_Files/SI7021.o
 .bss.data      0x0000000020000250        0x4 ./src/Source_Files/SI7021.o
 .bss.in        0x0000000020000254       0x40 ./src/Source_Files/app.o
 .bss.in_t      0x0000000020000294       0x40 ./src/Source_Files/app.o
 .bss.in_l      0x00000000200002d4       0x40 ./src/Source_Files/app.o
 .bss.ble_cbuf  0x0000000020000314       0x50 ./src/Source_Files/ble.o
 .bss.i2c_sm    0x0000000020000364       0x20 ./src/Source_Files/i2c.o
 .bss.i2c_sm_v  0x0000000020000384       0x20 ./src/Source_Files/i2c.o
 .bss.event     0x00000000200003a4        0x4 ./src/Source_Files/i2c.o
 .bss.scheduled_comp0_cb
                0x00000000200003a8        0x4 ./src/Source_Files/letimer.o
 .bss.scheduled_comp1_cb
                0x00000000200003ac        0x4 ./src/Source_Files/letimer.o
 .bss.scheduled_uf_cb
                0x00000000200003b0        0x4 ./src/Source_Files/letimer.o
 .bss.leuart_sm
                0x00000000200003b4       0x64 ./src/Source_Files/leuart.o
 .bss.event_scheduled
                0x0000000020000418        0x4 ./src/Source_Files/scheduler.o
 .bss.lowest_energy_mode
                0x000000002000041c       0x14 ./src/Source_Files/sleep_routines.o
 .bss.data_v    0x0000000020000430        0x4 ./src/Source_Files/veml6030.o
 .bss.__malloc_free_list
                0x0000000020000434        0x4 /Applications/Simplicity Studio.app/Contents/Eclipse/developer/toolchains/gnu_arm/7.2_2017q4/bin/../lib/gcc/arm-none-eabi/7.2.1/../../../../arm-none-eabi/lib/thumb/v7e-m/fpv4-sp/softfp/libc_nano.a(lib_a-nano-mallocr.o)
                0x0000000020000434                __malloc_free_list
 .bss.__malloc_sbrk_start
                0x0000000020000438        0x4 /Applications/Simplicity Studio.app/Contents/Eclipse/developer/toolchains/gnu_arm/7.2_2017q4/bin/../lib/gcc/arm-none-eabi/7.2.1/../../../../arm-none-eabi/lib/thumb/v7e-m/fpv4-sp/softfp/libc_nano.a(lib_a-nano-mallocr.o)
                0x0000000020000438                __malloc_sbrk_start
 .bss.heap_end.5377
                0x000000002000043c        0x4 /Applications/Simplicity Studio.app/Contents/Eclipse/developer/toolchains/gnu_arm/7.2_2017q4/bin/../lib/gcc/arm-none-eabi/7.2.1/../../../../arm-none-eabi/lib/thumb/v7e-m/fpv4-sp/softfp/libnosys.a(sbrk.o)
 *(COMMON)
 COMMON         0x0000000020000440        0x4 /Applications/Simplicity Studio.app/Contents/Eclipse/developer/toolchains/gnu_arm/7.2_2017q4/bin/../lib/gcc/arm-none-eabi/7.2.1/../../../../arm-none-eabi/lib/thumb/v7e-m/fpv4-sp/softfp/libc_nano.a(lib_a-reent.o)
                0x0000000020000440                errno
                0x0000000020000444                . = ALIGN (0x4)
                0x0000000020000444                __bss_end__ = .

.heap           0x0000000020000448      0xc00
                0x0000000020000448                __HeapBase = .
                0x0000000020000448                __end__ = .
                0x0000000020000448                end = __end__
                0x0000000020000448                _end = __end__
 *(.heap*)
 .heap          0x0000000020000448      0xc00 ./CMSIS/EFM32PG12B/startup_gcc_efm32pg12b.o
                0x0000000020001048                __HeapLimit = .

.stack_dummy    0x0000000020000448      0x400
 *(.stack*)
 .stack         0x0000000020000448      0x400 ./CMSIS/EFM32PG12B/startup_gcc_efm32pg12b.o
                0x0000000020040000                __StackTop = (ORIGIN (RAM) + LENGTH (RAM))
                0x000000002003fc00                __StackLimit = (__StackTop - SIZEOF (.stack_dummy))
                0x0000000020040000                PROVIDE (__stack, __StackTop)
                0x0000000000000001                ASSERT ((__StackLimit >= __HeapLimit), region RAM overflowed with stack)
                0x0000000000000001                ASSERT ((LENGTH (FLASH) >= (__etext + SIZEOF (.data))), FLASH memory overflowed !)
OUTPUT(CC_CourseProject.axf elf32-littlearm)

.ARM.attributes
                0x0000000000000000       0x2e
 .ARM.attributes
                0x0000000000000000       0x22 /Applications/Simplicity Studio.app/Contents/Eclipse/developer/toolchains/gnu_arm/7.2_2017q4/bin/../lib/gcc/arm-none-eabi/7.2.1/thumb/v7e-m/fpv4-sp/softfp/crti.o
 .ARM.attributes
                0x0000000000000022       0x32 /Applications/Simplicity Studio.app/Contents/Eclipse/developer/toolchains/gnu_arm/7.2_2017q4/bin/../lib/gcc/arm-none-eabi/7.2.1/thumb/v7e-m/fpv4-sp/softfp/crtbegin.o
 .ARM.attributes
                0x0000000000000054       0x20 /Applications/Simplicity Studio.app/Contents/Eclipse/developer/toolchains/gnu_arm/7.2_2017q4/bin/../lib/gcc/arm-none-eabi/7.2.1/../../../../arm-none-eabi/lib/thumb/v7e-m/fpv4-sp/softfp/crt0.o
 .ARM.attributes
                0x0000000000000074       0x1f ./CMSIS/EFM32PG12B/startup_gcc_efm32pg12b.o
 .ARM.attributes
                0x0000000000000093       0x37 ./CMSIS/EFM32PG12B/system_efm32pg12b.o
 .ARM.attributes
                0x00000000000000ca       0x37 ./emlib/em_assert.o
 .ARM.attributes
                0x0000000000000101       0x37 ./emlib/em_cmu.o
 .ARM.attributes
                0x0000000000000138       0x37 ./emlib/em_core.o
 .ARM.attributes
                0x000000000000016f       0x37 ./emlib/em_emu.o
 .ARM.attributes
                0x00000000000001a6       0x37 ./emlib/em_gpio.o
 .ARM.attributes
                0x00000000000001dd       0x37 ./emlib/em_i2c.o
 .ARM.attributes
                0x0000000000000214       0x37 ./emlib/em_letimer.o
 .ARM.attributes
                0x000000000000024b       0x37 ./emlib/em_leuart.o
 .ARM.attributes
                0x0000000000000282       0x37 ./emlib/em_timer.o
 .ARM.attributes
                0x00000000000002b9       0x37 ./src/Source_Files/HW_delay.o
 .ARM.attributes
                0x00000000000002f0       0x37 ./src/Source_Files/SI7021.o
 .ARM.attributes
                0x0000000000000327       0x37 ./src/Source_Files/app.o
 .ARM.attributes
                0x000000000000035e       0x37 ./src/Source_Files/ble.o
 .ARM.attributes
                0x0000000000000395       0x37 ./src/Source_Files/cmu.o
 .ARM.attributes
                0x00000000000003cc       0x37 ./src/Source_Files/gpio.o
 .ARM.attributes
                0x0000000000000403       0x37 ./src/Source_Files/i2c.o
 .ARM.attributes
                0x000000000000043a       0x37 ./src/Source_Files/letimer.o
 .ARM.attributes
                0x0000000000000471       0x37 ./src/Source_Files/leuart.o
 .ARM.attributes
                0x00000000000004a8       0x37 ./src/Source_Files/scheduler.o
 .ARM.attributes
                0x00000000000004df       0x37 ./src/Source_Files/sleep_routines.o
 .ARM.attributes
                0x0000000000000516       0x37 ./src/Source_Files/veml6030.o
 .ARM.attributes
                0x000000000000054d       0x37 ./src/main.o
 .ARM.attributes
                0x0000000000000584       0x22 /Applications/Simplicity Studio.app/Contents/Eclipse/developer/toolchains/gnu_arm/7.2_2017q4/bin/../lib/gcc/arm-none-eabi/7.2.1/thumb/v7e-m/fpv4-sp/softfp/libgcc.a(_arm_addsubdf3.o)
 .ARM.attributes
                0x00000000000005a6       0x22 /Applications/Simplicity Studio.app/Contents/Eclipse/developer/toolchains/gnu_arm/7.2_2017q4/bin/../lib/gcc/arm-none-eabi/7.2.1/thumb/v7e-m/fpv4-sp/softfp/libgcc.a(_arm_muldivdf3.o)
 .ARM.attributes
                0x00000000000005c8       0x22 /Applications/Simplicity Studio.app/Contents/Eclipse/developer/toolchains/gnu_arm/7.2_2017q4/bin/../lib/gcc/arm-none-eabi/7.2.1/thumb/v7e-m/fpv4-sp/softfp/libgcc.a(_arm_truncdfsf2.o)
 .ARM.attributes
                0x00000000000005ea       0x32 /Applications/Simplicity Studio.app/Contents/Eclipse/developer/toolchains/gnu_arm/7.2_2017q4/bin/../lib/gcc/arm-none-eabi/7.2.1/../../../../arm-none-eabi/lib/thumb/v7e-m/fpv4-sp/softfp/libc_nano.a(lib_a-exit.o)
 .ARM.attributes
                0x000000000000061c       0x32 /Applications/Simplicity Studio.app/Contents/Eclipse/developer/toolchains/gnu_arm/7.2_2017q4/bin/../lib/gcc/arm-none-eabi/7.2.1/../../../../arm-none-eabi/lib/thumb/v7e-m/fpv4-sp/softfp/libc_nano.a(lib_a-impure.o)
 .ARM.attributes
                0x000000000000064e       0x32 /Applications/Simplicity Studio.app/Contents/Eclipse/developer/toolchains/gnu_arm/7.2_2017q4/bin/../lib/gcc/arm-none-eabi/7.2.1/../../../../arm-none-eabi/lib/thumb/v7e-m/fpv4-sp/softfp/libc_nano.a(lib_a-init.o)
 .ARM.attributes
                0x0000000000000680       0x32 /Applications/Simplicity Studio.app/Contents/Eclipse/developer/toolchains/gnu_arm/7.2_2017q4/bin/../lib/gcc/arm-none-eabi/7.2.1/../../../../arm-none-eabi/lib/thumb/v7e-m/fpv4-sp/softfp/libc_nano.a(lib_a-memcpy-stub.o)
 .ARM.attributes
                0x00000000000006b2       0x32 /Applications/Simplicity Studio.app/Contents/Eclipse/developer/toolchains/gnu_arm/7.2_2017q4/bin/../lib/gcc/arm-none-eabi/7.2.1/../../../../arm-none-eabi/lib/thumb/v7e-m/fpv4-sp/softfp/libc_nano.a(lib_a-memset.o)
 .ARM.attributes
                0x00000000000006e4       0x32 /Applications/Simplicity Studio.app/Contents/Eclipse/developer/toolchains/gnu_arm/7.2_2017q4/bin/../lib/gcc/arm-none-eabi/7.2.1/../../../../arm-none-eabi/lib/thumb/v7e-m/fpv4-sp/softfp/libc_nano.a(lib_a-nano-vfprintf_float.o)
 .ARM.attributes
                0x0000000000000716       0x32 /Applications/Simplicity Studio.app/Contents/Eclipse/developer/toolchains/gnu_arm/7.2_2017q4/bin/../lib/gcc/arm-none-eabi/7.2.1/../../../../arm-none-eabi/lib/thumb/v7e-m/fpv4-sp/softfp/libc_nano.a(lib_a-nano-vfprintf_i.o)
 .ARM.attributes
                0x0000000000000748       0x32 /Applications/Simplicity Studio.app/Contents/Eclipse/developer/toolchains/gnu_arm/7.2_2017q4/bin/../lib/gcc/arm-none-eabi/7.2.1/../../../../arm-none-eabi/lib/thumb/v7e-m/fpv4-sp/softfp/libc_nano.a(lib_a-sprintf.o)
 .ARM.attributes
                0x000000000000077a       0x32 /Applications/Simplicity Studio.app/Contents/Eclipse/developer/toolchains/gnu_arm/7.2_2017q4/bin/../lib/gcc/arm-none-eabi/7.2.1/../../../../arm-none-eabi/lib/thumb/v7e-m/fpv4-sp/softfp/libc_nano.a(lib_a-strcpy.o)
 .ARM.attributes
                0x00000000000007ac       0x1b /Applications/Simplicity Studio.app/Contents/Eclipse/developer/toolchains/gnu_arm/7.2_2017q4/bin/../lib/gcc/arm-none-eabi/7.2.1/../../../../arm-none-eabi/lib/thumb/v7e-m/fpv4-sp/softfp/libc_nano.a(lib_a-strlen.o)
 .ARM.attributes
                0x00000000000007c7       0x32 /Applications/Simplicity Studio.app/Contents/Eclipse/developer/toolchains/gnu_arm/7.2_2017q4/bin/../lib/gcc/arm-none-eabi/7.2.1/../../../../arm-none-eabi/lib/thumb/v7e-m/fpv4-sp/softfp/libc_nano.a(lib_a-dtoa.o)
 .ARM.attributes
                0x00000000000007f9       0x32 /Applications/Simplicity Studio.app/Contents/Eclipse/developer/toolchains/gnu_arm/7.2_2017q4/bin/../lib/gcc/arm-none-eabi/7.2.1/../../../../arm-none-eabi/lib/thumb/v7e-m/fpv4-sp/softfp/libc_nano.a(lib_a-localeconv.o)
 .ARM.attributes
                0x000000000000082b       0x32 /Applications/Simplicity Studio.app/Contents/Eclipse/developer/toolchains/gnu_arm/7.2_2017q4/bin/../lib/gcc/arm-none-eabi/7.2.1/../../../../arm-none-eabi/lib/thumb/v7e-m/fpv4-sp/softfp/libc_nano.a(lib_a-malloc.o)
 .ARM.attributes
                0x000000000000085d       0x20 /Applications/Simplicity Studio.app/Contents/Eclipse/developer/toolchains/gnu_arm/7.2_2017q4/bin/../lib/gcc/arm-none-eabi/7.2.1/../../../../arm-none-eabi/lib/thumb/v7e-m/fpv4-sp/softfp/libc_nano.a(lib_a-memchr.o)
 .ARM.attributes
                0x000000000000087d       0x32 /Applications/Simplicity Studio.app/Contents/Eclipse/developer/toolchains/gnu_arm/7.2_2017q4/bin/../lib/gcc/arm-none-eabi/7.2.1/../../../../arm-none-eabi/lib/thumb/v7e-m/fpv4-sp/softfp/libc_nano.a(lib_a-mprec.o)
 .ARM.attributes
                0x00000000000008af       0x32 /Applications/Simplicity Studio.app/Contents/Eclipse/developer/toolchains/gnu_arm/7.2_2017q4/bin/../lib/gcc/arm-none-eabi/7.2.1/../../../../arm-none-eabi/lib/thumb/v7e-m/fpv4-sp/softfp/libc_nano.a(lib_a-nano-callocr.o)
 .ARM.attributes
                0x00000000000008e1       0x32 /Applications/Simplicity Studio.app/Contents/Eclipse/developer/toolchains/gnu_arm/7.2_2017q4/bin/../lib/gcc/arm-none-eabi/7.2.1/../../../../arm-none-eabi/lib/thumb/v7e-m/fpv4-sp/softfp/libc_nano.a(lib_a-nano-freer.o)
 .ARM.attributes
                0x0000000000000913       0x32 /Applications/Simplicity Studio.app/Contents/Eclipse/developer/toolchains/gnu_arm/7.2_2017q4/bin/../lib/gcc/arm-none-eabi/7.2.1/../../../../arm-none-eabi/lib/thumb/v7e-m/fpv4-sp/softfp/libc_nano.a(lib_a-nano-mallocr.o)
 .ARM.attributes
                0x0000000000000945       0x32 /Applications/Simplicity Studio.app/Contents/Eclipse/developer/toolchains/gnu_arm/7.2_2017q4/bin/../lib/gcc/arm-none-eabi/7.2.1/../../../../arm-none-eabi/lib/thumb/v7e-m/fpv4-sp/softfp/libc_nano.a(lib_a-nano-svfprintf.o)
 .ARM.attributes
                0x0000000000000977       0x32 /Applications/Simplicity Studio.app/Contents/Eclipse/developer/toolchains/gnu_arm/7.2_2017q4/bin/../lib/gcc/arm-none-eabi/7.2.1/../../../../arm-none-eabi/lib/thumb/v7e-m/fpv4-sp/softfp/libc_nano.a(lib_a-sbrkr.o)
 .ARM.attributes
                0x00000000000009a9       0x32 /Applications/Simplicity Studio.app/Contents/Eclipse/developer/toolchains/gnu_arm/7.2_2017q4/bin/../lib/gcc/arm-none-eabi/7.2.1/../../../../arm-none-eabi/lib/thumb/v7e-m/fpv4-sp/softfp/libc_nano.a(lib_a-locale.o)
 .ARM.attributes
                0x00000000000009db       0x32 /Applications/Simplicity Studio.app/Contents/Eclipse/developer/toolchains/gnu_arm/7.2_2017q4/bin/../lib/gcc/arm-none-eabi/7.2.1/../../../../arm-none-eabi/lib/thumb/v7e-m/fpv4-sp/softfp/libc_nano.a(lib_a-mbtowc_r.o)
 .ARM.attributes
                0x0000000000000a0d       0x32 /Applications/Simplicity Studio.app/Contents/Eclipse/developer/toolchains/gnu_arm/7.2_2017q4/bin/../lib/gcc/arm-none-eabi/7.2.1/../../../../arm-none-eabi/lib/thumb/v7e-m/fpv4-sp/softfp/libc_nano.a(lib_a-memmove.o)
 .ARM.attributes
                0x0000000000000a3f       0x32 /Applications/Simplicity Studio.app/Contents/Eclipse/developer/toolchains/gnu_arm/7.2_2017q4/bin/../lib/gcc/arm-none-eabi/7.2.1/../../../../arm-none-eabi/lib/thumb/v7e-m/fpv4-sp/softfp/libc_nano.a(lib_a-mlock.o)
 .ARM.attributes
                0x0000000000000a71       0x32 /Applications/Simplicity Studio.app/Contents/Eclipse/developer/toolchains/gnu_arm/7.2_2017q4/bin/../lib/gcc/arm-none-eabi/7.2.1/../../../../arm-none-eabi/lib/thumb/v7e-m/fpv4-sp/softfp/libc_nano.a(lib_a-nano-reallocr.o)
 .ARM.attributes
                0x0000000000000aa3       0x32 /Applications/Simplicity Studio.app/Contents/Eclipse/developer/toolchains/gnu_arm/7.2_2017q4/bin/../lib/gcc/arm-none-eabi/7.2.1/../../../../arm-none-eabi/lib/thumb/v7e-m/fpv4-sp/softfp/libc_nano.a(lib_a-reent.o)
 .ARM.attributes
                0x0000000000000ad5       0x32 /Applications/Simplicity Studio.app/Contents/Eclipse/developer/toolchains/gnu_arm/7.2_2017q4/bin/../lib/gcc/arm-none-eabi/7.2.1/../../../../arm-none-eabi/lib/thumb/v7e-m/fpv4-sp/softfp/libc_nano.a(lib_a-wctomb_r.o)
 .ARM.attributes
                0x0000000000000b07       0x32 /Applications/Simplicity Studio.app/Contents/Eclipse/developer/toolchains/gnu_arm/7.2_2017q4/bin/../lib/gcc/arm-none-eabi/7.2.1/../../../../arm-none-eabi/lib/thumb/v7e-m/fpv4-sp/softfp/libc_nano.a(lib_a-ctype_.o)
 .ARM.attributes
                0x0000000000000b39       0x32 /Applications/Simplicity Studio.app/Contents/Eclipse/developer/toolchains/gnu_arm/7.2_2017q4/bin/../lib/gcc/arm-none-eabi/7.2.1/../../../../arm-none-eabi/lib/thumb/v7e-m/fpv4-sp/softfp/libc_nano.a(lib_a-nano-msizer.o)
 .ARM.attributes
                0x0000000000000b6b       0x32 /Applications/Simplicity Studio.app/Contents/Eclipse/developer/toolchains/gnu_arm/7.2_2017q4/bin/../lib/gcc/arm-none-eabi/7.2.1/../../../../arm-none-eabi/lib/thumb/v7e-m/fpv4-sp/softfp/libnosys.a(sbrk.o)
 .ARM.attributes
                0x0000000000000b9d       0x32 /Applications/Simplicity Studio.app/Contents/Eclipse/developer/toolchains/gnu_arm/7.2_2017q4/bin/../lib/gcc/arm-none-eabi/7.2.1/../../../../arm-none-eabi/lib/thumb/v7e-m/fpv4-sp/softfp/libnosys.a(_exit.o)
 .ARM.attributes
                0x0000000000000bcf       0x22 /Applications/Simplicity Studio.app/Contents/Eclipse/developer/toolchains/gnu_arm/7.2_2017q4/bin/../lib/gcc/arm-none-eabi/7.2.1/thumb/v7e-m/fpv4-sp/softfp/libgcc.a(_arm_cmpdf2.o)
 .ARM.attributes
                0x0000000000000bf1       0x22 /Applications/Simplicity Studio.app/Contents/Eclipse/developer/toolchains/gnu_arm/7.2_2017q4/bin/../lib/gcc/arm-none-eabi/7.2.1/thumb/v7e-m/fpv4-sp/softfp/libgcc.a(_arm_unorddf2.o)
 .ARM.attributes
                0x0000000000000c13       0x22 /Applications/Simplicity Studio.app/Contents/Eclipse/developer/toolchains/gnu_arm/7.2_2017q4/bin/../lib/gcc/arm-none-eabi/7.2.1/thumb/v7e-m/fpv4-sp/softfp/libgcc.a(_arm_fixdfsi.o)
 .ARM.attributes
                0x0000000000000c35       0x32 /Applications/Simplicity Studio.app/Contents/Eclipse/developer/toolchains/gnu_arm/7.2_2017q4/bin/../lib/gcc/arm-none-eabi/7.2.1/thumb/v7e-m/fpv4-sp/softfp/crtend.o
 .ARM.attributes
                0x0000000000000c67       0x22 /Applications/Simplicity Studio.app/Contents/Eclipse/developer/toolchains/gnu_arm/7.2_2017q4/bin/../lib/gcc/arm-none-eabi/7.2.1/thumb/v7e-m/fpv4-sp/softfp/crtn.o

.comment        0x0000000000000000       0x7e
 .comment       0x0000000000000000       0x7e ./CMSIS/EFM32PG12B/system_efm32pg12b.o
                                         0x7f (size before relaxing)
 .comment       0x000000000000007e       0x7f ./emlib/em_assert.o
 .comment       0x000000000000007e       0x7f ./emlib/em_cmu.o
 .comment       0x000000000000007e       0x7f ./emlib/em_core.o
 .comment       0x000000000000007e       0x7f ./emlib/em_emu.o
 .comment       0x000000000000007e       0x7f ./emlib/em_gpio.o
 .comment       0x000000000000007e       0x7f ./emlib/em_i2c.o
 .comment       0x000000000000007e       0x7f ./emlib/em_letimer.o
 .comment       0x000000000000007e       0x7f ./emlib/em_leuart.o
 .comment       0x000000000000007e       0x7f ./emlib/em_timer.o
 .comment       0x000000000000007e       0x7f ./src/Source_Files/HW_delay.o
 .comment       0x000000000000007e       0x7f ./src/Source_Files/SI7021.o
 .comment       0x000000000000007e       0x7f ./src/Source_Files/app.o
 .comment       0x000000000000007e       0x7f ./src/Source_Files/ble.o
 .comment       0x000000000000007e       0x7f ./src/Source_Files/cmu.o
 .comment       0x000000000000007e       0x7f ./src/Source_Files/gpio.o
 .comment       0x000000000000007e       0x7f ./src/Source_Files/i2c.o
 .comment       0x000000000000007e       0x7f ./src/Source_Files/letimer.o
 .comment       0x000000000000007e       0x7f ./src/Source_Files/leuart.o
 .comment       0x000000000000007e       0x7f ./src/Source_Files/scheduler.o
 .comment       0x000000000000007e       0x7f ./src/Source_Files/sleep_routines.o
 .comment       0x000000000000007e       0x7f ./src/Source_Files/veml6030.o
 .comment       0x000000000000007e       0x7f ./src/main.o

.debug_line     0x0000000000000000    0x10f75
 .debug_line    0x0000000000000000       0x78 ./CMSIS/EFM32PG12B/startup_gcc_efm32pg12b.o
 .debug_line    0x0000000000000078      0x914 ./CMSIS/EFM32PG12B/system_efm32pg12b.o
 .debug_line    0x000000000000098c      0x154 ./emlib/em_assert.o
 .debug_line    0x0000000000000ae0     0x14fc ./emlib/em_cmu.o
 .debug_line    0x0000000000001fdc      0xc6d ./emlib/em_core.o
 .debug_line    0x0000000000002c49     0x14df ./emlib/em_emu.o
 .debug_line    0x0000000000004128      0xcfd ./emlib/em_gpio.o
 .debug_line    0x0000000000004e25      0xc6e ./emlib/em_i2c.o
 .debug_line    0x0000000000005a93      0xad6 ./emlib/em_letimer.o
 .debug_line    0x0000000000006569      0xaa0 ./emlib/em_leuart.o
 .debug_line    0x0000000000007009      0xc1b ./emlib/em_timer.o
 .debug_line    0x0000000000007c24      0x9dc ./src/Source_Files/HW_delay.o
 .debug_line    0x0000000000008600      0xbd5 ./src/Source_Files/SI7021.o
 .debug_line    0x00000000000091d5      0xd85 ./src/Source_Files/app.o
 .debug_line    0x0000000000009f5a      0xdff ./src/Source_Files/ble.o
 .debug_line    0x000000000000ad59      0x95f ./src/Source_Files/cmu.o
 .debug_line    0x000000000000b6b8      0x979 ./src/Source_Files/gpio.o
 .debug_line    0x000000000000c031      0xd19 ./src/Source_Files/i2c.o
 .debug_line    0x000000000000cd4a      0xa7a ./src/Source_Files/letimer.o
 .debug_line    0x000000000000d7c4      0xcc6 ./src/Source_Files/leuart.o
 .debug_line    0x000000000000e48a      0x9ae ./src/Source_Files/scheduler.o
 .debug_line    0x000000000000ee38      0xa20 ./src/Source_Files/sleep_routines.o
 .debug_line    0x000000000000f858      0xb67 ./src/Source_Files/veml6030.o
 .debug_line    0x00000000000103bf      0xbb6 ./src/main.o

.debug_info     0x0000000000000000    0x135e2
 .debug_info    0x0000000000000000       0x26 ./CMSIS/EFM32PG12B/startup_gcc_efm32pg12b.o
 .debug_info    0x0000000000000026      0x93f ./CMSIS/EFM32PG12B/system_efm32pg12b.o
 .debug_info    0x0000000000000965       0x7e ./emlib/em_assert.o
 .debug_info    0x00000000000009e3     0x24b2 ./emlib/em_cmu.o
 .debug_info    0x0000000000002e95      0xdb3 ./emlib/em_core.o
 .debug_info    0x0000000000003c48     0x25b5 ./emlib/em_emu.o
 .debug_info    0x00000000000061fd      0xad0 ./emlib/em_gpio.o
 .debug_info    0x0000000000006ccd      0xa6a ./emlib/em_i2c.o
 .debug_info    0x0000000000007737      0x6ef ./emlib/em_letimer.o
 .debug_info    0x0000000000007e26      0x923 ./emlib/em_leuart.o
 .debug_info    0x0000000000008749      0xa30 ./emlib/em_timer.o
 .debug_info    0x0000000000009179      0x759 ./src/Source_Files/HW_delay.o
 .debug_info    0x00000000000098d2      0xd30 ./src/Source_Files/SI7021.o
 .debug_info    0x000000000000a602     0x128c ./src/Source_Files/app.o
 .debug_info    0x000000000000b88e     0x1320 ./src/Source_Files/ble.o
 .debug_info    0x000000000000cbae      0x37c ./src/Source_Files/cmu.o
 .debug_info    0x000000000000cf2a      0x3c1 ./src/Source_Files/gpio.o
 .debug_info    0x000000000000d2eb     0x1437 ./src/Source_Files/i2c.o
 .debug_info    0x000000000000e722      0x9c8 ./src/Source_Files/letimer.o
 .debug_info    0x000000000000f0ea     0x15c8 ./src/Source_Files/leuart.o
 .debug_info    0x00000000000106b2      0x200 ./src/Source_Files/scheduler.o
 .debug_info    0x00000000000108b2      0x45e ./src/Source_Files/sleep_routines.o
 .debug_info    0x0000000000010d10      0xcb4 ./src/Source_Files/veml6030.o
 .debug_info    0x00000000000119c4     0x1c1e ./src/main.o

.debug_abbrev   0x0000000000000000     0x3134
 .debug_abbrev  0x0000000000000000       0x14 ./CMSIS/EFM32PG12B/startup_gcc_efm32pg12b.o
 .debug_abbrev  0x0000000000000014      0x1ed ./CMSIS/EFM32PG12B/system_efm32pg12b.o
 .debug_abbrev  0x0000000000000201       0x68 ./emlib/em_assert.o
 .debug_abbrev  0x0000000000000269      0x354 ./emlib/em_cmu.o
 .debug_abbrev  0x00000000000005bd      0x28f ./emlib/em_core.o
 .debug_abbrev  0x000000000000084c      0x375 ./emlib/em_emu.o
 .debug_abbrev  0x0000000000000bc1      0x233 ./emlib/em_gpio.o
 .debug_abbrev  0x0000000000000df4      0x299 ./emlib/em_i2c.o
 .debug_abbrev  0x000000000000108d      0x268 ./emlib/em_letimer.o
 .debug_abbrev  0x00000000000012f5      0x23b ./emlib/em_leuart.o
 .debug_abbrev  0x0000000000001530      0x234 ./emlib/em_timer.o
 .debug_abbrev  0x0000000000001764      0x1dc ./src/Source_Files/HW_delay.o
 .debug_abbrev  0x0000000000001940      0x208 ./src/Source_Files/SI7021.o
 .debug_abbrev  0x0000000000001b48      0x2ab ./src/Source_Files/app.o
 .debug_abbrev  0x0000000000001df3      0x304 ./src/Source_Files/ble.o
 .debug_abbrev  0x00000000000020f7       0xef ./src/Source_Files/cmu.o
 .debug_abbrev  0x00000000000021e6       0xef ./src/Source_Files/gpio.o
 .debug_abbrev  0x00000000000022d5      0x2f2 ./src/Source_Files/i2c.o
 .debug_abbrev  0x00000000000025c7      0x1d6 ./src/Source_Files/letimer.o
 .debug_abbrev  0x000000000000279d      0x2cb ./src/Source_Files/leuart.o
 .debug_abbrev  0x0000000000002a68      0x115 ./src/Source_Files/scheduler.o
 .debug_abbrev  0x0000000000002b7d      0x188 ./src/Source_Files/sleep_routines.o
 .debug_abbrev  0x0000000000002d05      0x208 ./src/Source_Files/veml6030.o
 .debug_abbrev  0x0000000000002f0d      0x227 ./src/main.o

.debug_aranges  0x0000000000000000      0xb50
 .debug_aranges
                0x0000000000000000       0x20 ./CMSIS/EFM32PG12B/startup_gcc_efm32pg12b.o
 .debug_aranges
                0x0000000000000020       0x68 ./CMSIS/EFM32PG12B/system_efm32pg12b.o
 .debug_aranges
                0x0000000000000088       0x20 ./emlib/em_assert.o
 .debug_aranges
                0x00000000000000a8      0x1c8 ./emlib/em_cmu.o
 .debug_aranges
                0x0000000000000270       0xe8 ./emlib/em_core.o
 .debug_aranges
                0x0000000000000358      0x1e0 ./emlib/em_emu.o
 .debug_aranges
                0x0000000000000538       0x88 ./emlib/em_gpio.o
 .debug_aranges
                0x00000000000005c0       0x80 ./emlib/em_i2c.o
 .debug_aranges
                0x0000000000000640       0x88 ./emlib/em_letimer.o
 .debug_aranges
                0x00000000000006c8       0x88 ./emlib/em_leuart.o
 .debug_aranges
                0x0000000000000750       0x60 ./emlib/em_timer.o
 .debug_aranges
                0x00000000000007b0       0x30 ./src/Source_Files/HW_delay.o
 .debug_aranges
                0x00000000000007e0       0x40 ./src/Source_Files/SI7021.o
 .debug_aranges
                0x0000000000000820       0x88 ./src/Source_Files/app.o
 .debug_aranges
                0x00000000000008a8       0x68 ./src/Source_Files/ble.o
 .debug_aranges
                0x0000000000000910       0x20 ./src/Source_Files/cmu.o
 .debug_aranges
                0x0000000000000930       0x20 ./src/Source_Files/gpio.o
 .debug_aranges
                0x0000000000000950       0x70 ./src/Source_Files/i2c.o
 .debug_aranges
                0x00000000000009c0       0x38 ./src/Source_Files/letimer.o
 .debug_aranges
                0x00000000000009f8       0x78 ./src/Source_Files/leuart.o
 .debug_aranges
                0x0000000000000a70       0x38 ./src/Source_Files/scheduler.o
 .debug_aranges
                0x0000000000000aa8       0x48 ./src/Source_Files/sleep_routines.o
 .debug_aranges
                0x0000000000000af0       0x30 ./src/Source_Files/veml6030.o
 .debug_aranges
                0x0000000000000b20       0x30 ./src/main.o

.debug_str      0x0000000000000000   0x159f97
 .debug_str     0x0000000000000000       0x8e ./CMSIS/EFM32PG12B/startup_gcc_efm32pg12b.o
 .debug_str     0x000000000000008e   0x14e253 ./CMSIS/EFM32PG12B/system_efm32pg12b.o
                                     0x14f181 (size before relaxing)
 .debug_str     0x000000000014e2e1       0xb8 ./emlib/em_assert.o
                                       0x2dd1 (size before relaxing)
 .debug_str     0x000000000014e399     0x4e70 ./emlib/em_cmu.o
                                     0x15402d (size before relaxing)
 .debug_str     0x0000000000153209      0xc1c ./emlib/em_core.o
                                     0x14fc94 (size before relaxing)
 .debug_str     0x0000000000153e25     0x1398 ./emlib/em_emu.o
                                     0x154a9c (size before relaxing)
 .debug_str     0x00000000001551bd      0x47e ./emlib/em_gpio.o
                                     0x14fbec (size before relaxing)
 .debug_str     0x000000000015563b      0x518 ./emlib/em_i2c.o
                                     0x1528fd (size before relaxing)
 .debug_str     0x0000000000155b53      0x359 ./emlib/em_letimer.o
                                     0x150868 (size before relaxing)
 .debug_str     0x0000000000155eac      0x2fe ./emlib/em_leuart.o
                                     0x150b46 (size before relaxing)
 .debug_str     0x00000000001561aa      0xa60 ./emlib/em_timer.o
                                     0x14f833 (size before relaxing)
 .debug_str     0x0000000000156c0a       0x73 ./src/Source_Files/HW_delay.o
                                     0x150e4f (size before relaxing)
 .debug_str     0x0000000000156c7d     0x28c4 ./src/Source_Files/SI7021.o
                                     0x1556da (size before relaxing)
 .debug_str     0x0000000000159541      0x1e4 ./src/Source_Files/app.o
                                     0x15596e (size before relaxing)
 .debug_str     0x0000000000159725      0x294 ./src/Source_Files/ble.o
                                     0x1559cd (size before relaxing)
 .debug_str     0x00000000001599b9       0x23 ./src/Source_Files/cmu.o
                                     0x1508bb (size before relaxing)
 .debug_str     0x00000000001599dc       0x25 ./src/Source_Files/gpio.o
                                     0x150d69 (size before relaxing)
 .debug_str     0x0000000000159a01      0x172 ./src/Source_Files/i2c.o
                                     0x155da6 (size before relaxing)
 .debug_str     0x0000000000159b73       0xb9 ./src/Source_Files/letimer.o
                                     0x151885 (size before relaxing)
 .debug_str     0x0000000000159c2c      0x1a2 ./src/Source_Files/leuart.o
                                     0x155f4c (size before relaxing)
 .debug_str     0x0000000000159dce       0x7f ./src/Source_Files/scheduler.o
                                     0x14fa4e (size before relaxing)
 .debug_str     0x0000000000159e4d       0x9a ./src/Source_Files/sleep_routines.o
                                     0x14fb09 (size before relaxing)
 .debug_str     0x0000000000159ee7       0x65 ./src/Source_Files/veml6030.o
                                     0x1556a3 (size before relaxing)
 .debug_str     0x0000000000159f4c       0x4b ./src/main.o
                                     0x1564b7 (size before relaxing)

.debug_loc      0x0000000000000000     0x595c
 .debug_loc     0x0000000000000000      0x2e4 ./CMSIS/EFM32PG12B/system_efm32pg12b.o
 .debug_loc     0x00000000000002e4       0x38 ./emlib/em_assert.o
 .debug_loc     0x000000000000031c     0x10a4 ./emlib/em_cmu.o
 .debug_loc     0x00000000000013c0      0x844 ./emlib/em_core.o
 .debug_loc     0x0000000000001c04     0x10b2 ./emlib/em_emu.o
 .debug_loc     0x0000000000002cb6      0x49c ./emlib/em_gpio.o
 .debug_loc     0x0000000000003152      0x44c ./emlib/em_i2c.o
 .debug_loc     0x000000000000359e      0x4a8 ./emlib/em_letimer.o
 .debug_loc     0x0000000000003a46      0x49c ./emlib/em_leuart.o
 .debug_loc     0x0000000000003ee2      0x2e8 ./emlib/em_timer.o
 .debug_loc     0x00000000000041ca       0xfc ./src/Source_Files/HW_delay.o
 .debug_loc     0x00000000000042c6      0x190 ./src/Source_Files/SI7021.o
 .debug_loc     0x0000000000004456      0x3a2 ./src/Source_Files/app.o
 .debug_loc     0x00000000000047f8      0x33c ./src/Source_Files/ble.o
 .debug_loc     0x0000000000004b34       0x2c ./src/Source_Files/cmu.o
 .debug_loc     0x0000000000004b60       0x2c ./src/Source_Files/gpio.o
 .debug_loc     0x0000000000004b8c      0x394 ./src/Source_Files/i2c.o
 .debug_loc     0x0000000000004f20      0x14c ./src/Source_Files/letimer.o
 .debug_loc     0x000000000000506c      0x414 ./src/Source_Files/leuart.o
 .debug_loc     0x0000000000005480      0x134 ./src/Source_Files/scheduler.o