Archive member included to satisfy reference by file (symbol)

/Applications/Simplicity Studio.app/Contents/Eclipse/developer/toolchains/gnu_arm/7.2_2017q4/bin/../lib/gcc/arm-none-eabi/7.2.1/thumb/v7e-m/fpv4-sp/softfp/libgcc.a(_aeabi_uldivmod.o)
                              ./emlib/em_usart.o (__aeabi_uldivmod)
/Applications/Simplicity Studio.app/Contents/Eclipse/developer/toolchains/gnu_arm/7.2_2017q4/bin/../lib/gcc/arm-none-eabi/7.2.1/thumb/v7e-m/fpv4-sp/softfp/libgcc.a(_udivmoddi4.o)
                              /Applications/Simplicity Studio.app/Contents/Eclipse/developer/toolchains/gnu_arm/7.2_2017q4/bin/../lib/gcc/arm-none-eabi/7.2.1/thumb/v7e-m/fpv4-sp/softfp/libgcc.a(_aeabi_uldivmod.o) (__udivmoddi4)
/Applications/Simplicity Studio.app/Contents/Eclipse/developer/toolchains/gnu_arm/7.2_2017q4/bin/../lib/gcc/arm-none-eabi/7.2.1/thumb/v7e-m/fpv4-sp/softfp/libgcc.a(_dvmd_tls.o)
                              /Applications/Simplicity Studio.app/Contents/Eclipse/developer/toolchains/gnu_arm/7.2_2017q4/bin/../lib/gcc/arm-none-eabi/7.2.1/thumb/v7e-m/fpv4-sp/softfp/libgcc.a(_aeabi_uldivmod.o) (__aeabi_ldiv0)
/Applications/Simplicity Studio.app/Contents/Eclipse/developer/toolchains/gnu_arm/7.2_2017q4/bin/../lib/gcc/arm-none-eabi/7.2.1/../../../../arm-none-eabi/lib/thumb/v7e-m/fpv4-sp/softfp/libc_nano.a(lib_a-exit.o)
                              /Applications/Simplicity Studio.app/Contents/Eclipse/developer/toolchains/gnu_arm/7.2_2017q4/bin/../lib/gcc/arm-none-eabi/7.2.1/../../../../arm-none-eabi/lib/thumb/v7e-m/fpv4-sp/softfp/crt0.o (exit)
/Applications/Simplicity Studio.app/Contents/Eclipse/developer/toolchains/gnu_arm/7.2_2017q4/bin/../lib/gcc/arm-none-eabi/7.2.1/../../../../arm-none-eabi/lib/thumb/v7e-m/fpv4-sp/softfp/libc_nano.a(lib_a-impure.o)
                              /Applications/Simplicity Studio.app/Contents/Eclipse/developer/toolchains/gnu_arm/7.2_2017q4/bin/../lib/gcc/arm-none-eabi/7.2.1/../../../../arm-none-eabi/lib/thumb/v7e-m/fpv4-sp/softfp/libc_nano.a(lib_a-exit.o) (_global_impure_ptr)
/Applications/Simplicity Studio.app/Contents/Eclipse/developer/toolchains/gnu_arm/7.2_2017q4/bin/../lib/gcc/arm-none-eabi/7.2.1/../../../../arm-none-eabi/lib/thumb/v7e-m/fpv4-sp/softfp/libc_nano.a(lib_a-init.o)
                              /Applications/Simplicity Studio.app/Contents/Eclipse/developer/toolchains/gnu_arm/7.2_2017q4/bin/../lib/gcc/arm-none-eabi/7.2.1/../../../../arm-none-eabi/lib/thumb/v7e-m/fpv4-sp/softfp/crt0.o (__libc_init_array)
/Applications/Simplicity Studio.app/Contents/Eclipse/developer/toolchains/gnu_arm/7.2_2017q4/bin/../lib/gcc/arm-none-eabi/7.2.1/../../../../arm-none-eabi/lib/thumb/v7e-m/fpv4-sp/softfp/libc_nano.a(lib_a-memcpy-stub.o)
                              ./emlib/em_crypto.o (memcpy)
/Applications/Simplicity Studio.app/Contents/Eclipse/developer/toolchains/gnu_arm/7.2_2017q4/bin/../lib/gcc/arm-none-eabi/7.2.1/../../../../arm-none-eabi/lib/thumb/v7e-m/fpv4-sp/softfp/libc_nano.a(lib_a-memset.o)
                              /Applications/Simplicity Studio.app/Contents/Eclipse/developer/toolchains/gnu_arm/7.2_2017q4/bin/../lib/gcc/arm-none-eabi/7.2.1/../../../../arm-none-eabi/lib/thumb/v7e-m/fpv4-sp/softfp/crt0.o (memset)
/Applications/Simplicity Studio.app/Contents/Eclipse/developer/toolchains/gnu_arm/7.2_2017q4/bin/../lib/gcc/arm-none-eabi/7.2.1/../../../../arm-none-eabi/lib/thumb/v7e-m/fpv4-sp/softfp/libnosys.a(_exit.o)
                              /Applications/Simplicity Studio.app/Contents/Eclipse/developer/toolchains/gnu_arm/7.2_2017q4/bin/../lib/gcc/arm-none-eabi/7.2.1/../../../../arm-none-eabi/lib/thumb/v7e-m/fpv4-sp/softfp/libc_nano.a(lib_a-exit.o) (_exit)

Discarded input sections

 .text          0x0000000000000000        0x0 /Applications/Simplicity Studio.app/Contents/Eclipse/developer/toolchains/gnu_arm/7.2_2017q4/bin/../lib/gcc/arm-none-eabi/7.2.1/thumb/v7e-m/fpv4-sp/softfp/crti.o
 .data          0x0000000000000000        0x0 /Applications/Simplicity Studio.app/Contents/Eclipse/developer/toolchains/gnu_arm/7.2_2017q4/bin/../lib/gcc/arm-none-eabi/7.2.1/thumb/v7e-m/fpv4-sp/softfp/crti.o
 .bss           0x0000000000000000        0x0 /Applications/Simplicity Studio.app/Contents/Eclipse/developer/toolchains/gnu_arm/7.2_2017q4/bin/../lib/gcc/arm-none-eabi/7.2.1/thumb/v7e-m/fpv4-sp/softfp/crti.o
 .data          0x0000000000000000        0x4 /Applications/Simplicity Studio.app/Contents/Eclipse/developer/toolchains/gnu_arm/7.2_2017q4/bin/../lib/gcc/arm-none-eabi/7.2.1/thumb/v7e-m/fpv4-sp/softfp/crtbegin.o
 .data          0x0000000000000000        0x0 /Applications/Simplicity Studio.app/Contents/Eclipse/developer/toolchains/gnu_arm/7.2_2017q4/bin/../lib/gcc/arm-none-eabi/7.2.1/../../../../arm-none-eabi/lib/thumb/v7e-m/fpv4-sp/softfp/crt0.o
[...]
Memory Configuration

Name             Origin             Length             Attributes
FLASH            0x0000000000000000 0x0000000000100000 xr
RAM              0x0000000020000000 0x0000000000040000 xrw
*default*        0x0000000000000000 0xffffffffffffffff

Linker script and memory map

LOAD /Applications/Simplicity Studio.app/Contents/Eclipse/developer/toolchains/gnu_arm/7.2_2017q4/bin/../lib/gcc/arm-none-eabi/7.2.1/thumb/v7e-m/fpv4-sp/softfp/crti.o
LOAD /Applications/Simplicity Studio.app/Contents/Eclipse/developer/toolchains/gnu_arm/7.2_2017q4/bin/../lib/gcc/arm-none-eabi/7.2.1/thumb/v7e-m/fpv4-sp/softfp/crtbegin.o
LOAD /Applications/Simplicity Studio.app/Contents/Eclipse/developer/toolchains/gnu_arm/7.2_2017q4/bin/../lib/gcc/arm-none-eabi/7.2.1/../../../../arm-none-eabi/lib/thumb/v7e-m/fpv4-sp/softfp/crt0.o
LOAD ./CMSIS/EFM32PG12B/startup_gcc_efm32pg12b.o
LOAD ./CMSIS/EFM32PG12B/system_efm32pg12b.o
LOAD ./emlib/em_acmp.o
LOAD ./emlib/em_adc.o
LOAD ./emlib/em_aes.o
LOAD ./emlib/em_assert.o
LOAD ./emlib/em_burtc.o
LOAD ./emlib/em_can.o
LOAD ./emlib/em_cmu.o
LOAD ./emlib/em_core.o
LOAD ./emlib/em_cryotimer.o
LOAD ./emlib/em_crypto.o
LOAD ./emlib/em_csen.o
LOAD ./emlib/em_dac.o
LOAD ./emlib/em_dbg.o
LOAD ./emlib/em_dma.o
LOAD ./emlib/em_ebi.o
LOAD ./emlib/em_emu.o
LOAD ./emlib/em_eusart.o
LOAD ./emlib/em_gpcrc.o
LOAD ./emlib/em_gpio.o
LOAD ./emlib/em_i2c.o
LOAD ./emlib/em_iadc.o
LOAD ./emlib/em_idac.o
LOAD ./emlib/em_int.o
LOAD ./emlib/em_lcd.o
LOAD ./emlib/em_ldma.o
LOAD ./emlib/em_lesense.o
LOAD ./emlib/em_letimer.o
LOAD ./emlib/em_leuart.o
LOAD ./emlib/em_mpu.o
LOAD ./emlib/em_msc.o
LOAD ./emlib/em_opamp.o
LOAD ./emlib/em_pcnt.o
LOAD ./emlib/em_pdm.o
LOAD ./emlib/em_prs.o
LOAD ./emlib/em_qspi.o
LOAD ./emlib/em_rmu.o
LOAD ./emlib/em_rtc.o
LOAD ./emlib/em_rtcc.o
LOAD ./emlib/em_se.o
LOAD ./emlib/em_system.o
LOAD ./emlib/em_timer.o
LOAD ./emlib/em_usart.o
LOAD ./emlib/em_vcmp.o
LOAD ./emlib/em_vdac.o
LOAD ./emlib/em_wdog.o
LOAD ./src/Source_Files/app.o
LOAD ./src/Source_Files/cmu.o
LOAD ./src/Source_Files/gpio.o
LOAD ./src/Source_Files/letimer.o
LOAD ./src/main.o
START GROUP
LOAD /Applications/Simplicity Studio.app/Contents/Eclipse/developer/toolchains/gnu_arm/7.2_2017q4/bin/../lib/gcc/arm-none-eabi/7.2.1/thumb/v7e-m/fpv4-sp/softfp/libgcc.a
LOAD /Applications/Simplicity Studio.app/Contents/Eclipse/developer/toolchains/gnu_arm/7.2_2017q4/bin/../lib/gcc/arm-none-eabi/7.2.1/../../../../arm-none-eabi/lib/thumb/v7e-m/fpv4-sp/softfp/libc_nano.a
LOAD /Applications/Simplicity Studio.app/Contents/Eclipse/developer/toolchains/gnu_arm/7.2_2017q4/bin/../lib/gcc/arm-none-eabi/7.2.1/../../../../arm-none-eabi/lib/thumb/v7e-m/fpv4-sp/softfp/libnosys.a
END GROUP
START GROUP
LOAD /Applications/Simplicity Studio.app/Contents/Eclipse/developer/toolchains/gnu_arm/7.2_2017q4/bin/../lib/gcc/arm-none-eabi/7.2.1/thumb/v7e-m/fpv4-sp/softfp/libgcc.a
LOAD /Applications/Simplicity Studio.app/Contents/Eclipse/developer/toolchains/gnu_arm/7.2_2017q4/bin/../lib/gcc/arm-none-eabi/7.2.1/../../../../arm-none-eabi/lib/thumb/v7e-m/fpv4-sp/softfp/libg_nano.a
LOAD /Applications/Simplicity Studio.app/Contents/Eclipse/developer/toolchains/gnu_arm/7.2_2017q4/bin/../lib/gcc/arm-none-eabi/7.2.1/../../../../arm-none-eabi/lib/thumb/v7e-m/fpv4-sp/softfp/libc_nano.a
END GROUP
START GROUP
LOAD /Applications/Simplicity Studio.app/Contents/Eclipse/developer/toolchains/gnu_arm/7.2_2017q4/bin/../lib/gcc/arm-none-eabi/7.2.1/thumb/v7e-m/fpv4-sp/softfp/libgcc.a
LOAD /Applications/Simplicity Studio.app/Contents/Eclipse/developer/toolchains/gnu_arm/7.2_2017q4/bin/../lib/gcc/arm-none-eabi/7.2.1/../../../../arm-none-eabi/lib/thumb/v7e-m/fpv4-sp/softfp/libc_nano.a
END GROUP
LOAD /Applications/Simplicity Studio.app/Contents/Eclipse/developer/toolchains/gnu_arm/7.2_2017q4/bin/../lib/gcc/arm-none-eabi/7.2.1/thumb/v7e-m/fpv4-sp/softfp/crtend.o
LOAD /Applications/Simplicity Studio.app/Contents/Eclipse/developer/toolchains/gnu_arm/7.2_2017q4/bin/../lib/gcc/arm-none-eabi/7.2.1/thumb/v7e-m/fpv4-sp/softfp/crtn.o

.text           0x0000000000000000     0x27dc
 *(.vectors)
 .vectors       0x0000000000000000      0x10c ./CMSIS/EFM32PG12B/startup_gcc_efm32pg12b.o
                0x0000000000000000                __Vectors
                0x000000000000010c                __Vectors_End = .
                0x000000000000010c                __Vectors_Size = (__Vectors_End - __Vectors)
                0x000000000000010c                __end__ = .
 *(.text*)
 .text          0x000000000000010c       0x40 /Applications/Simplicity Studio.app/Contents/Eclipse/developer/toolchains/gnu_arm/7.2_2017q4/bin/../lib/gcc/arm-none-eabi/7.2.1/thumb/v7e-m/fpv4-sp/softfp/crtbegin.o
 .text          0x000000000000014c       0x74 /Applications/Simplicity Studio.app/Contents/Eclipse/developer/toolchains/gnu_arm/7.2_2017q4/bin/../lib/gcc/arm-none-eabi/7.2.1/../../../../arm-none-eabi/lib/thumb/v7e-m/fpv4-sp/softfp/crt0.o
                0x000000000000014c                _mainCRTStartup
                0x000000000000014c                _start
 .text          0x00000000000001c0       0x30 ./CMSIS/EFM32PG12B/startup_gcc_efm32pg12b.o
                0x00000000000001c0                Reset_Handler
                0x00000000000001ec                USART0_TX_IRQHandler
                0x00000000000001ec                I2C0_IRQHandler
                0x00000000000001ec                HardFault_Handler
                0x00000000000001ec                SysTick_Handler
                0x00000000000001ec                USART1_RX_IRQHandler
                0x00000000000001ec                PendSV_Handler
                0x00000000000001ec                NMI_Handler
                0x00000000000001ec                I2C1_IRQHandler
                0x00000000000001ec                WTIMER0_IRQHandler
                0x00000000000001ec                CRYPTO0_IRQHandler
                0x00000000000001ec                WDOG0_IRQHandler
                0x00000000000001ec                USART1_TX_IRQHandler
                0x00000000000001ec                SMU_IRQHandler
                0x00000000000001ec                MSC_IRQHandler
                0x00000000000001ec                ADC0_IRQHandler
                0x00000000000001ec                UsageFault_Handler
                0x00000000000001ec                WDOG1_IRQHandler
                0x00000000000001ec                LEUART0_IRQHandler
                0x00000000000001ec                FPUEH_IRQHandler
                0x00000000000001ec                WTIMER1_IRQHandler
                0x00000000000001ec                GPIO_EVEN_IRQHandler
                0x00000000000001ec                VDAC0_IRQHandler
                0x00000000000001ec                LDMA_IRQHandler
                0x00000000000001ec                CSEN_IRQHandler
                0x00000000000001ec                CRYPTO1_IRQHandler
                0x00000000000001ec                TIMER0_IRQHandler
                0x00000000000001ec                PCNT2_IRQHandler
                0x00000000000001ec                LETIMER0_IRQHandler
                0x00000000000001ec                TIMER1_IRQHandler
                0x00000000000001ec                TRNG0_IRQHandler
                0x00000000000001ec                USART2_RX_IRQHandler
                0x00000000000001ec                Default_Handler
                0x00000000000001ec                EMU_IRQHandler
                0x00000000000001ec                CRYOTIMER_IRQHandler
                0x00000000000001ec                PCNT0_IRQHandler
                0x00000000000001ec                sl_app_properties
                0x00000000000001ec                PCNT1_IRQHandler
                0x00000000000001ec                ACMP0_IRQHandler
                0x00000000000001ec                USART0_RX_IRQHandler
                0x00000000000001ec                MemManage_Handler
                0x00000000000001ec                SVC_Handler
                0x00000000000001ec                USART3_RX_IRQHandler
                0x00000000000001ec                RTCC_IRQHandler
                0x00000000000001ec                CMU_IRQHandler
                0x00000000000001ec                LESENSE_IRQHandler
                0x00000000000001ec                GPIO_ODD_IRQHandler
                0x00000000000001ec                USART3_TX_IRQHandler
                0x00000000000001ec                BusFault_Handler
                0x00000000000001ec                USART2_TX_IRQHandler
                0x00000000000001ec                DebugMon_Handler
                0x00000000000001ec                IDAC0_IRQHandler
 .text.SystemCoreClockGet
                0x00000000000001f0       0x40 ./CMSIS/EFM32PG12B/system_efm32pg12b.o
                0x00000000000001f0                SystemCoreClockGet
 .text.SystemMaxCoreClockGet
                0x0000000000000230       0x14 ./CMSIS/EFM32PG12B/system_efm32pg12b.o
                0x0000000000000230                SystemMaxCoreClockGet
 .text.SystemHFClockGet
                0x0000000000000244       0x88 ./CMSIS/EFM32PG12B/system_efm32pg12b.o
                0x0000000000000244                SystemHFClockGet
 .text.SystemHFXOClockGet
                0x00000000000002cc       0x18 ./CMSIS/EFM32PG12B/system_efm32pg12b.o
                0x00000000000002cc                SystemHFXOClockGet
 .text.SystemInit
                0x00000000000002e4       0x2c ./CMSIS/EFM32PG12B/system_efm32pg12b.o
                0x00000000000002e4                SystemInit
 .text.BUS_RegBitWrite
                0x0000000000000310       0x2e ./emlib/em_cmu.o
 .text.BUS_RegBitRead
                0x000000000000033e       0x2a ./emlib/em_cmu.o
 .text.EMU_LDOStatusGet
                0x0000000000000368       0x24 ./emlib/em_cmu.o
 .text.EMU_VScaleWait
                0x000000000000038c       0x30 ./emlib/em_cmu.o
 .text.EMU_VScaleGet
                0x00000000000003bc       0x1c ./emlib/em_cmu.o
 .text.setHfLeConfig
                0x00000000000003d8       0x64 ./emlib/em_cmu.o
 .text.flashWaitStateControl
                0x000000000000043c       0x8c ./emlib/em_cmu.o
 .text.flashWaitStateMax
                0x00000000000004c8       0x44 ./emlib/em_cmu.o
 .text.CMU_UpdateWaitStates
                0x000000000000050c       0x40 ./emlib/em_cmu.o
                0x000000000000050c                CMU_UpdateWaitStates
 .text.getRegIshUpperVal
                0x000000000000054c       0x36 ./emlib/em_cmu.o
 *fill*         0x0000000000000582        0x2 
 .text.getHfxoTuningMode
                0x0000000000000584       0x1c ./emlib/em_cmu.o
 .text.setHfxoTuningMode
                0x00000000000005a0       0x2c ./emlib/em_cmu.o
 .text.syncReg  0x00000000000005cc       0x38 ./emlib/em_cmu.o
 .text.hfperClkSafePrescaler
                0x0000000000000604        0xe ./emlib/em_cmu.o
 .text.hfperClkOptimizedPrescaler
                0x0000000000000612        0xe ./emlib/em_cmu.o
 .text.CMU_ClockEnable
                0x0000000000000620       0xcc ./emlib/em_cmu.o
                0x0000000000000620                CMU_ClockEnable
 .text.CMU_ClockSelectGet
                0x00000000000006ec      0x1c0 ./emlib/em_cmu.o
                0x00000000000006ec                CMU_ClockSelectGet
 .text.CMU_ClockSelectSet
                0x00000000000008ac      0x2ec ./emlib/em_cmu.o
                0x00000000000008ac                CMU_ClockSelectSet
 .text.CMU_HFRCODevinfoGet
                0x0000000000000b98       0xdc ./emlib/em_cmu.o
 .text.CMU_HFRCOBandGet
                0x0000000000000c74       0x18 ./emlib/em_cmu.o
                0x0000000000000c74                CMU_HFRCOBandGet
 .text.CMU_HFRCOBandSet
                0x0000000000000c8c      0x120 ./emlib/em_cmu.o
                0x0000000000000c8c                CMU_HFRCOBandSet
 .text.CMU_HFXOInit
                0x0000000000000dac       0xe4 ./emlib/em_cmu.o
                0x0000000000000dac                CMU_HFXOInit
 .text.CMU_OscillatorEnable
                0x0000000000000e90      0x1a0 ./emlib/em_cmu.o
                0x0000000000000e90                CMU_OscillatorEnable
 .text.CMU_OscillatorTuningGet
                0x0000000000001030       0x74 ./emlib/em_cmu.o
                0x0000000000001030                CMU_OscillatorTuningGet
 .text.CMU_OscillatorTuningSet
                0x00000000000010a4      0x100 ./emlib/em_cmu.o
                0x00000000000010a4                CMU_OscillatorTuningSet
 .text.CMU_OscillatorTuningWait
                0x00000000000011a4       0x94 ./emlib/em_cmu.o
                0x00000000000011a4                CMU_OscillatorTuningWait
 .text.CMU_OscillatorTuningOptimize
                0x0000000000001238       0x58 ./emlib/em_cmu.o
                0x0000000000001238                CMU_OscillatorTuningOptimize
 .text.BUS_RegBitWrite
                0x0000000000001290       0x2e ./emlib/em_emu.o
 .text.BUS_RegBitRead
                0x00000000000012be       0x2a ./emlib/em_emu.o
 .text.EMU_LDOStatusGet
                0x00000000000012e8       0x24 ./emlib/em_emu.o
 .text.EMU_VScaleWait
                0x000000000000130c       0x30 ./emlib/em_emu.o
 .text.EMU_VScaleGet
                0x000000000000133c       0x1c ./emlib/em_emu.o
 .text.EMU_IntClear
                0x0000000000001358       0x20 ./emlib/em_emu.o
 .text.EMU_IntGet
                0x0000000000001378       0x18 ./emlib/em_emu.o
 .text.EMU_PowerLock
                0x0000000000001390       0x18 ./emlib/em_emu.o
 .text.EMU_PowerUnlock
                0x00000000000013a8       0x1c ./emlib/em_emu.o
 .text.vScaleEM01Cmd
                0x00000000000013c4       0x22 ./emlib/em_emu.o
 *fill*         0x00000000000013e6        0x2 
 .text.EMU_VScaleEM01ByClock
                0x00000000000013e8       0x84 ./emlib/em_emu.o
                0x00000000000013e8                EMU_VScaleEM01ByClock
 .text.EMU_VScaleEM01
                0x000000000000146c       0x98 ./emlib/em_emu.o
                0x000000000000146c                EMU_VScaleEM01
 .text.EMU_EM23Init
                0x0000000000001504       0x3c ./emlib/em_emu.o
                0x0000000000001504                EMU_EM23Init
 .text.dcdcConstCalibrationLoad
                0x0000000000001540       0x10 ./emlib/em_emu.o
 .text.dcdcValidatedConfigSet
                0x0000000000001550       0x40 ./emlib/em_emu.o
 .text.currentLimitersUpdate
                0x0000000000001590       0xe8 ./emlib/em_emu.o
 .text.userCurrentLimitsSet
                0x0000000000001678       0x30 ./emlib/em_emu.o
 .text.compCtrlSet
                0x00000000000016a8       0x40 ./emlib/em_emu.o
 .text.lpCmpHystCalibrationLoad
                0x00000000000016e8       0xd0 ./emlib/em_emu.o
 .text.lpGetDevinfoVrefLowHigh
                0x00000000000017b8      0x158 ./emlib/em_emu.o
 .text.EMU_DCDCModeSet
                0x0000000000001910      0x10c ./emlib/em_emu.o
                0x0000000000001910                EMU_DCDCModeSet
 .text.EMU_DCDCInit
                0x0000000000001a1c      0x138 ./emlib/em_emu.o
                0x0000000000001a1c                EMU_DCDCInit
 .text.EMU_DCDCOutputVoltageSet
                0x0000000000001b54      0x2ac ./emlib/em_emu.o
                0x0000000000001b54                EMU_DCDCOutputVoltageSet
 .text.EMU_DCDCOptimizeSlice
                0x0000000000001e00       0xd8 ./emlib/em_emu.o
                0x0000000000001e00                EMU_DCDCOptimizeSlice
 .text.EMU_DCDCLnRcoBandSet
                0x0000000000001ed8       0x54 ./emlib/em_emu.o
                0x0000000000001ed8                EMU_DCDCLnRcoBandSet
 .text.BUS_RegMaskedSet
                0x0000000000001f2c       0x24 ./emlib/em_gpio.o
 .text.BUS_RegMaskedClear
                0x0000000000001f50       0x24 ./emlib/em_gpio.o
 .text.BUS_RegMaskedWrite
                0x0000000000001f74       0x24 ./emlib/em_gpio.o
 .text.GPIO_PinOutClear
                0x0000000000001f98       0x78 ./emlib/em_gpio.o
 .text.GPIO_PinOutSet
                0x0000000000002010       0x78 ./emlib/em_gpio.o
 .text.GPIO_DriveStrengthSet
                0x0000000000002088       0x7e ./emlib/em_gpio.o
                0x0000000000002088                GPIO_DriveStrengthSet
 *fill*         0x0000000000002106        0x2 
 .text.GPIO_PinModeSet
                0x0000000000002108      0x138 ./emlib/em_gpio.o
                0x0000000000002108                GPIO_PinModeSet
 .text.regSync  0x0000000000002240       0x24 ./emlib/em_letimer.o
 .text.LETIMER_Enable
                0x0000000000002264       0x30 ./emlib/em_letimer.o
                0x0000000000002264                LETIMER_Enable
 .text.LETIMER_Init
                0x0000000000002294       0xf6 ./emlib/em_letimer.o
                0x0000000000002294                LETIMER_Init
 *fill*         0x000000000000238a        0x2 
 .text.app_peripheral_setup
                0x000000000000238c       0x30 ./src/Source_Files/app.o
                0x000000000000238c                app_peripheral_setup
 .text.app_letimer_pwm_open
                0x00000000000023bc       0x50 ./src/Source_Files/app.o
 .text.cmu_open
                0x000000000000240c       0x40 ./src/Source_Files/cmu.o
                0x000000000000240c                cmu_open
 .text.gpio_open
                0x000000000000244c       0x3c ./src/Source_Files/gpio.o
                0x000000000000244c                gpio_open
 .text.letimer_pwm_open
                0x0000000000002488      0x100 ./src/Source_Files/letimer.o
                0x0000000000002488                letimer_pwm_open
 .text.letimer_start
                0x0000000000002588       0x1e ./src/Source_Files/letimer.o
                0x0000000000002588                letimer_start
 *fill*         0x00000000000025a6        0x2 
 .text.SYSTEM_GetProdRev
                0x00000000000025a8       0x1c ./src/main.o
 .text.CHIP_Init
                0x00000000000025c4       0x84 ./src/main.o
 .text.EMU_EnterEM1
                0x0000000000002648       0x20 ./src/main.o
 .text.main     0x0000000000002668       0x84 ./src/main.o
                0x0000000000002668                main
 .text.exit     0x00000000000026ec       0x28 /Applications/Simplicity Studio.app/Contents/Eclipse/developer/toolchains/gnu_arm/7.2_2017q4/bin/../lib/gcc/arm-none-eabi/7.2.1/../../../../arm-none-eabi/lib/thumb/v7e-m/fpv4-sp/softfp/libc_nano.a(lib_a-exit.o)
                0x00000000000026ec                exit
 .text.__libc_init_array
                0x0000000000002714       0x48 /Applications/Simplicity Studio.app/Contents/Eclipse/developer/toolchains/gnu_arm/7.2_2017q4/bin/../lib/gcc/arm-none-eabi/7.2.1/../../../../arm-none-eabi/lib/thumb/v7e-m/fpv4-sp/softfp/libc_nano.a(lib_a-init.o)
                0x0000000000002714                __libc_init_array
 .text.memset   0x000000000000275c       0x10 /Applications/Simplicity Studio.app/Contents/Eclipse/developer/toolchains/gnu_arm/7.2_2017q4/bin/../lib/gcc/arm-none-eabi/7.2.1/../../../../arm-none-eabi/lib/thumb/v7e-m/fpv4-sp/softfp/libc_nano.a(lib_a-memset.o)
                0x000000000000275c                memset
 .text._exit    0x000000000000276c        0x4 /Applications/Simplicity Studio.app/Contents/Eclipse/developer/toolchains/gnu_arm/7.2_2017q4/bin/../lib/gcc/arm-none-eabi/7.2.1/../../../../arm-none-eabi/lib/thumb/v7e-m/fpv4-sp/softfp/libnosys.a(_exit.o)
                0x000000000000276c                _exit
 *(.init)
 .init          0x0000000000002770        0x4 /Applications/Simplicity Studio.app/Contents/Eclipse/developer/toolchains/gnu_arm/7.2_2017q4/bin/../lib/gcc/arm-none-eabi/7.2.1/thumb/v7e-m/fpv4-sp/softfp/crti.o
                0x0000000000002770                _init
 .init          0x0000000000002774        0x8 /Applications/Simplicity Studio.app/Contents/Eclipse/developer/toolchains/gnu_arm/7.2_2017q4/bin/../lib/gcc/arm-none-eabi/7.2.1/thumb/v7e-m/fpv4-sp/softfp/crtn.o
 *(.fini)
 .fini          0x000000000000277c        0x4 /Applications/Simplicity Studio.app/Contents/Eclipse/developer/toolchains/gnu_arm/7.2_2017q4/bin/../lib/gcc/arm-none-eabi/7.2.1/thumb/v7e-m/fpv4-sp/softfp/crti.o
                0x000000000000277c                _fini
 .fini          0x0000000000002780        0x8 /Applications/Simplicity Studio.app/Contents/Eclipse/developer/toolchains/gnu_arm/7.2_2017q4/bin/../lib/gcc/arm-none-eabi/7.2.1/thumb/v7e-m/fpv4-sp/softfp/crtn.o
 *crtbegin.o(.ctors)
 *crtbegin?.o(.ctors)
 *(EXCLUDE_FILE(*crtend.o *crtend?.o) .ctors)
 *(SORT_BY_NAME(.ctors.*))
 *(.ctors)
 *crtbegin.o(.dtors)
 *crtbegin?.o(.dtors)
 *(EXCLUDE_FILE(*crtend.o *crtend?.o) .dtors)
 *(SORT_BY_NAME(.dtors.*))
 *(.dtors)
 *(.rodata*)
 .rodata.flashWsTable
                0x0000000000002788       0x28 ./emlib/em_cmu.o
 .rodata        0x00000000000027b0       0x22 ./src/main.o
 *fill*         0x00000000000027d2        0x2 
 .rodata._global_impure_ptr
                0x00000000000027d4        0x4 /Applications/Simplicity Studio.app/Contents/Eclipse/developer/toolchains/gnu_arm/7.2_2017q4/bin/../lib/gcc/arm-none-eabi/7.2.1/../../../../arm-none-eabi/lib/thumb/v7e-m/fpv4-sp/softfp/libc_nano.a(lib_a-impure.o)
                0x00000000000027d4                _global_impure_ptr
 *(.eh_frame*)
 .eh_frame      0x00000000000027d8        0x0 /Applications/Simplicity Studio.app/Contents/Eclipse/developer/toolchains/gnu_arm/7.2_2017q4/bin/../lib/gcc/arm-none-eabi/7.2.1/thumb/v7e-m/fpv4-sp/softfp/crtbegin.o
 .eh_frame      0x00000000000027d8        0x4 /Applications/Simplicity Studio.app/Contents/Eclipse/developer/toolchains/gnu_arm/7.2_2017q4/bin/../lib/gcc/arm-none-eabi/7.2.1/thumb/v7e-m/fpv4-sp/softfp/crtend.o

.glue_7         0x00000000000027dc        0x0
 .glue_7        0x00000000000027dc        0x0 linker stubs

.glue_7t        0x00000000000027dc        0x0
 .glue_7t       0x00000000000027dc        0x0 linker stubs

.vfp11_veneer   0x00000000000027dc        0x0
 .vfp11_veneer  0x00000000000027dc        0x0 linker stubs

.v4_bx          0x00000000000027dc        0x0
 .v4_bx         0x00000000000027dc        0x0 linker stubs

.iplt           0x00000000000027dc        0x0
 .iplt          0x00000000000027dc        0x0 /Applications/Simplicity Studio.app/Contents/Eclipse/developer/toolchains/gnu_arm/7.2_2017q4/bin/../lib/gcc/arm-none-eabi/7.2.1/thumb/v7e-m/fpv4-sp/softfp/crtbegin.o

.ARM.extab
 *(.ARM.extab* .gnu.linkonce.armextab.*)
                0x00000000000027dc                __exidx_start = .

.ARM.exidx      0x00000000000027dc        0x8
 *(.ARM.exidx* .gnu.linkonce.armexidx.*)
 .ARM.exidx     0x00000000000027dc        0x8 /Applications/Simplicity Studio.app/Contents/Eclipse/developer/toolchains/gnu_arm/7.2_2017q4/bin/../lib/gcc/arm-none-eabi/7.2.1/../../../../arm-none-eabi/lib/thumb/v7e-m/fpv4-sp/softfp/crt0.o
                0x00000000000027e4                __exidx_end = .
                0x00000000000027e4                __etext = .

.rel.dyn        0x00000000000027e4        0x0
 .rel.iplt      0x00000000000027e4        0x0 /Applications/Simplicity Studio.app/Contents/Eclipse/developer/toolchains/gnu_arm/7.2_2017q4/bin/../lib/gcc/arm-none-eabi/7.2.1/thumb/v7e-m/fpv4-sp/softfp/crtbegin.o

.data           0x0000000020000000       0x78 load address 0x00000000000027e4
                0x0000000020000000                __data_start__ = .
 *(vtable)
 *(.data*)
 .data.SystemHFXOClock
                0x0000000020000000        0x4 ./CMSIS/EFM32PG12B/system_efm32pg12b.o
 .data.SystemLFXOClock
                0x0000000020000004        0x4 ./CMSIS/EFM32PG12B/system_efm32pg12b.o
 .data.SystemCoreClock
                0x0000000020000008        0x4 ./CMSIS/EFM32PG12B/system_efm32pg12b.o
                0x0000000020000008                SystemCoreClock
 .data.SystemHfrcoFreq
                0x000000002000000c        0x4 ./CMSIS/EFM32PG12B/system_efm32pg12b.o
                0x000000002000000c                SystemHfrcoFreq
 .data.impure_data
                0x0000000020000010       0x60 /Applications/Simplicity Studio.app/Contents/Eclipse/developer/toolchains/gnu_arm/7.2_2017q4/bin/../lib/gcc/arm-none-eabi/7.2.1/../../../../arm-none-eabi/lib/thumb/v7e-m/fpv4-sp/softfp/libc_nano.a(lib_a-impure.o)
                0x0000000020000070                . = ALIGN (0x4)
                [!provide]                        PROVIDE (__ram_func_section_start, .)
 *(.ram)
                [!provide]                        PROVIDE (__ram_func_section_end, .)
                0x0000000020000070                . = ALIGN (0x4)
                0x0000000020000070                PROVIDE (__preinit_array_start, .)
 *(.preinit_array)
                0x0000000020000070                PROVIDE (__preinit_array_end, .)
                0x0000000020000070                . = ALIGN (0x4)
                0x0000000020000070                PROVIDE (__init_array_start, .)
 *(SORT_BY_NAME(.init_array.*))
 *(.init_array)
 .init_array    0x0000000020000070        0x4 /Applications/Simplicity Studio.app/Contents/Eclipse/developer/toolchains/gnu_arm/7.2_2017q4/bin/../lib/gcc/arm-none-eabi/7.2.1/thumb/v7e-m/fpv4-sp/softfp/crtbegin.o
                0x0000000020000074                PROVIDE (__init_array_end, .)
                0x0000000020000074                . = ALIGN (0x4)
                [!provide]                        PROVIDE (__fini_array_start, .)
 *(SORT_BY_NAME(.fini_array.*))
 *(.fini_array)
 .fini_array    0x0000000020000074        0x4 /Applications/Simplicity Studio.app/Contents/Eclipse/developer/toolchains/gnu_arm/7.2_2017q4/bin/../lib/gcc/arm-none-eabi/7.2.1/thumb/v7e-m/fpv4-sp/softfp/crtbegin.o
                [!provide]                        PROVIDE (__fini_array_end, .)
 *(.jcr*)
                0x0000000020000078                . = ALIGN (0x4)
                0x0000000020000078                __data_end__ = .

.igot.plt       0x0000000020000078        0x0 load address 0x000000000000285c
 .igot.plt      0x0000000020000078        0x0 /Applications/Simplicity Studio.app/Contents/Eclipse/developer/toolchains/gnu_arm/7.2_2017q4/bin/../lib/gcc/arm-none-eabi/7.2.1/thumb/v7e-m/fpv4-sp/softfp/crtbegin.o

.bss            0x0000000020000078       0x28 load address 0x000000000000285c
                0x0000000020000078                . = ALIGN (0x4)
                0x0000000020000078                __bss_start__ = .
 *(.bss*)
 .bss           0x0000000020000078       0x1c /Applications/Simplicity Studio.app/Contents/Eclipse/developer/toolchains/gnu_arm/7.2_2017q4/bin/../lib/gcc/arm-none-eabi/7.2.1/thumb/v7e-m/fpv4-sp/softfp/crtbegin.o
 .bss.dcdcMaxCurrent_mA
                0x0000000020000094        0x2 ./emlib/em_emu.o
 .bss.dcdcEm01LoadCurrent_mA
                0x0000000020000096        0x2 ./emlib/em_emu.o
 .bss.dcdcReverseCurrentControl
                0x0000000020000098        0x2 ./emlib/em_emu.o
 *fill*         0x000000002000009a        0x2 
 .bss.vScaleEM01Config
                0x000000002000009c        0x1 ./emlib/em_emu.o
 *(COMMON)
                0x00000000200000a0                . = ALIGN (0x4)
 *fill*         0x000000002000009d        0x3 
                0x00000000200000a0                __bss_end__ = .

.heap           0x00000000200000a0      0xc00
                0x00000000200000a0                __HeapBase = .
                0x00000000200000a0                __end__ = .
                0x00000000200000a0                end = __end__
                0x00000000200000a0                _end = __end__
 *(.heap*)
 .heap          0x00000000200000a0      0xc00 ./CMSIS/EFM32PG12B/startup_gcc_efm32pg12b.o
                0x0000000020000ca0                __HeapLimit = .

.stack_dummy    0x00000000200000a0      0x400
 *(.stack*)
 .stack         0x00000000200000a0      0x400 ./CMSIS/EFM32PG12B/startup_gcc_efm32pg12b.o
                0x0000000020040000                __StackTop = (ORIGIN (RAM) + LENGTH (RAM))
                0x000000002003fc00                __StackLimit = (__StackTop - SIZEOF (.stack_dummy))
                0x0000000020040000                PROVIDE (__stack, __StackTop)
                0x0000000000000001                ASSERT ((__StackLimit >= __HeapLimit), region RAM overflowed with stack)
                0x0000000000000001                ASSERT ((LENGTH (FLASH) >= (__etext + SIZEOF (.data))), FLASH memory overflowed !)
OUTPUT(CC_Student_PWM_SP21.axf elf32-littlearm)

.ARM.attributes
                0x0000000000000000       0x2e
 .ARM.attributes
                0x0000000000000000       0x22 /Applications/Simplicity Studio.app/Contents/Eclipse/developer/toolchains/gnu_arm/7.2_2017q4/bin/../lib/gcc/arm-none-eabi/7.2.1/thumb/v7e-m/fpv4-sp/softfp/crti.o
 .ARM.attributes
                0x0000000000000022       0x32 /Applications/Simplicity Studio.app/Contents/Eclipse/developer/toolchains/gnu_arm/7.2_2017q4/bin/../lib/gcc/arm-none-eabi/7.2.1/thumb/v7e-m/fpv4-sp/softfp/crtbegin.o
 .ARM.attributes
                0x0000000000000054       0x20 /Applications/Simplicity Studio.app/Contents/Eclipse/developer/toolchains/gnu_arm/7.2_2017q4/bin/../lib/gcc/arm-none-eabi/7.2.1/../../../../arm-none-eabi/lib/thumb/v7e-m/fpv4-sp/softfp/crt0.o
 .ARM.attributes
                0x0000000000000074       0x1f ./CMSIS/EFM32PG12B/startup_gcc_efm32pg12b.o
 .ARM.attributes
                0x0000000000000093       0x37 ./CMSIS/EFM32PG12B/system_efm32pg12b.o
 .ARM.attributes
                0x00000000000000ca       0x37 ./emlib/em_cmu.o
 .ARM.attributes
                0x0000000000000101       0x37 ./emlib/em_emu.o
 .ARM.attributes
                0x0000000000000138       0x37 ./emlib/em_gpio.o
 .ARM.attributes
                0x000000000000016f       0x37 ./emlib/em_letimer.o
 .ARM.attributes
                0x00000000000001a6       0x37 ./src/Source_Files/app.o
 .ARM.attributes
                0x00000000000001dd       0x37 ./src/Source_Files/cmu.o
 .ARM.attributes
                0x0000000000000214       0x37 ./src/Source_Files/gpio.o
 .ARM.attributes
                0x000000000000024b       0x37 ./src/Source_Files/letimer.o
 .ARM.attributes
                0x0000000000000282       0x37 ./src/main.o
 .ARM.attributes
                0x00000000000002b9       0x32 /Applications/Simplicity Studio.app/Contents/Eclipse/developer/toolchains/gnu_arm/7.2_2017q4/bin/../lib/gcc/arm-none-eabi/7.2.1/../../../../arm-none-eabi/lib/thumb/v7e-m/fpv4-sp/softfp/libc_nano.a(lib_a-exit.o)
 .ARM.attributes
                0x00000000000002eb       0x32 /Applications/Simplicity Studio.app/Contents/Eclipse/developer/toolchains/gnu_arm/7.2_2017q4/bin/../lib/gcc/arm-none-eabi/7.2.1/../../../../arm-none-eabi/lib/thumb/v7e-m/fpv4-sp/softfp/libc_nano.a(lib_a-impure.o)
 .ARM.attributes
                0x000000000000031d       0x32 /Applications/Simplicity Studio.app/Contents/Eclipse/developer/toolchains/gnu_arm/7.2_2017q4/bin/../lib/gcc/arm-none-eabi/7.2.1/../../../../arm-none-eabi/lib/thumb/v7e-m/fpv4-sp/softfp/libc_nano.a(lib_a-init.o)
 .ARM.attributes
                0x000000000000034f       0x32 /Applications/Simplicity Studio.app/Contents/Eclipse/developer/toolchains/gnu_arm/7.2_2017q4/bin/../lib/gcc/arm-none-eabi/7.2.1/../../../../arm-none-eabi/lib/thumb/v7e-m/fpv4-sp/softfp/libc_nano.a(lib_a-memset.o)
 .ARM.attributes
                0x0000000000000381       0x32 /Applications/Simplicity Studio.app/Contents/Eclipse/developer/toolchains/gnu_arm/7.2_2017q4/bin/../lib/gcc/arm-none-eabi/7.2.1/../../../../arm-none-eabi/lib/thumb/v7e-m/fpv4-sp/softfp/libnosys.a(_exit.o)
 .ARM.attributes
                0x00000000000003b3       0x32 /Applications/Simplicity Studio.app/Contents/Eclipse/developer/toolchains/gnu_arm/7.2_2017q4/bin/../lib/gcc/arm-none-eabi/7.2.1/thumb/v7e-m/fpv4-sp/softfp/crtend.o
 .ARM.attributes
                0x00000000000003e5       0x22 /Applications/Simplicity Studio.app/Contents/Eclipse/developer/toolchains/gnu_arm/7.2_2017q4/bin/../lib/gcc/arm-none-eabi/7.2.1/thumb/v7e-m/fpv4-sp/softfp/crtn.o

.comment        0x0000000000000000       0x7e
 .comment       0x0000000000000000       0x7e ./CMSIS/EFM32PG12B/system_efm32pg12b.o
                                         0x7f (size before relaxing)
 .comment       0x000000000000007e       0x7f ./emlib/em_cmu.o
 .comment       0x000000000000007e       0x7f ./emlib/em_emu.o
 .comment       0x000000000000007e       0x7f ./emlib/em_gpio.o
 .comment       0x000000000000007e       0x7f ./emlib/em_letimer.o
 .comment       0x000000000000007e       0x7f ./src/Source_Files/app.o
 .comment       0x000000000000007e       0x7f ./src/Source_Files/cmu.o
 .comment       0x000000000000007e       0x7f ./src/Source_Files/gpio.o
 .comment       0x000000000000007e       0x7f ./src/Source_Files/letimer.o
 .comment       0x000000000000007e       0x7f ./src/main.o

.debug_line     0x0000000000000000     0x7918
 .debug_line    0x0000000000000000       0x78 ./CMSIS/EFM32PG12B/startup_gcc_efm32pg12b.o
 .debug_line    0x0000000000000078      0x914 ./CMSIS/EFM32PG12B/system_efm32pg12b.o
 .debug_line    0x000000000000098c     0x13a4 ./emlib/em_cmu.o
 .debug_line    0x0000000000001d30     0x146a ./emlib/em_emu.o
 .debug_line    0x000000000000319a      0xb9a ./emlib/em_gpio.o
 .debug_line    0x0000000000003d34      0xab4 ./emlib/em_letimer.o
 .debug_line    0x00000000000047e8      0x9bb ./src/Source_Files/app.o
 .debug_line    0x00000000000051a3      0x961 ./src/Source_Files/cmu.o
 .debug_line    0x0000000000005b04      0x973 ./src/Source_Files/gpio.o
 .debug_line    0x0000000000006477      0x9c0 ./src/Source_Files/letimer.o
 .debug_line    0x0000000000006e37      0xae1 ./src/main.o

.debug_info     0x0000000000000000     0x9489
 .debug_info    0x0000000000000000       0x26 ./CMSIS/EFM32PG12B/startup_gcc_efm32pg12b.o
 .debug_info    0x0000000000000026      0x93f ./CMSIS/EFM32PG12B/system_efm32pg12b.o
 .debug_info    0x0000000000000965     0x24b2 ./emlib/em_cmu.o
 .debug_info    0x0000000000002e17     0x25b5 ./emlib/em_emu.o
 .debug_info    0x00000000000053cc      0xad0 ./emlib/em_gpio.o
 .debug_info    0x0000000000005e9c      0x6ef ./emlib/em_letimer.o
 .debug_info    0x000000000000658b      0x372 ./src/Source_Files/app.o
 .debug_info    0x00000000000068fd      0x37c ./src/Source_Files/cmu.o
 .debug_info    0x0000000000006c79      0x3c1 ./src/Source_Files/gpio.o
 .debug_info    0x000000000000703a      0x65e ./src/Source_Files/letimer.o
 .debug_info    0x0000000000007698     0x1df1 ./src/main.o

.debug_abbrev   0x0000000000000000     0x13be
 .debug_abbrev  0x0000000000000000       0x14 ./CMSIS/EFM32PG12B/startup_gcc_efm32pg12b.o
 .debug_abbrev  0x0000000000000014      0x1ed ./CMSIS/EFM32PG12B/system_efm32pg12b.o
 .debug_abbrev  0x0000000000000201      0x354 ./emlib/em_cmu.o
 .debug_abbrev  0x0000000000000555      0x35b ./emlib/em_emu.o
 .debug_abbrev  0x00000000000008b0      0x24d ./emlib/em_gpio.o
 .debug_abbrev  0x0000000000000afd      0x216 ./emlib/em_letimer.o
 .debug_abbrev  0x0000000000000d13      0x12d ./src/Source_Files/app.o
 .debug_abbrev  0x0000000000000e40       0xef ./src/Source_Files/cmu.o
 .debug_abbrev  0x0000000000000f2f       0xef ./src/Source_Files/gpio.o
 .debug_abbrev  0x000000000000101e      0x154 ./src/Source_Files/letimer.o
 .debug_abbrev  0x0000000000001172      0x24c ./src/main.o

.debug_aranges  0x0000000000000000      0x608
 .debug_aranges
                0x0000000000000000       0x20 ./CMSIS/EFM32PG12B/startup_gcc_efm32pg12b.o
 .debug_aranges
                0x0000000000000020       0x68 ./CMSIS/EFM32PG12B/system_efm32pg12b.o
 .debug_aranges
                0x0000000000000088      0x1c8 ./emlib/em_cmu.o
 .debug_aranges
                0x0000000000000250      0x1e0 ./emlib/em_emu.o
 .debug_aranges
                0x0000000000000430       0x88 ./emlib/em_gpio.o
 .debug_aranges
                0x00000000000004b8       0x88 ./emlib/em_letimer.o
 .debug_aranges
                0x0000000000000540       0x28 ./src/Source_Files/app.o
 .debug_aranges
                0x0000000000000568       0x20 ./src/Source_Files/cmu.o
 .debug_aranges
                0x0000000000000588       0x20 ./src/Source_Files/gpio.o
 .debug_aranges
                0x00000000000005a8       0x28 ./src/Source_Files/letimer.o
 .debug_aranges
                0x00000000000005d0       0x38 ./src/main.o

.debug_str      0x0000000000000000   0x15766e
 .debug_str     0x0000000000000000       0x91 ./CMSIS/EFM32PG12B/startup_gcc_efm32pg12b.o
 .debug_str     0x0000000000000091   0x14e24c ./CMSIS/EFM32PG12B/system_efm32pg12b.o
                                     0x14f178 (size before relaxing)
 .debug_str     0x000000000014e2dd     0x4ef5 ./emlib/em_cmu.o
                                     0x153ffe (size before relaxing)
 .debug_str     0x00000000001531d2     0x19bd ./emlib/em_emu.o
                                     0x154a6d (size before relaxing)
 .debug_str     0x0000000000154b8f      0x4c1 ./emlib/em_gpio.o
                                     0x14fbbd (size before relaxing)
 .debug_str     0x0000000000155050      0x359 ./emlib/em_letimer.o
                                     0x150839 (size before relaxing)
 .debug_str     0x00000000001553a9      0x32b ./src/Source_Files/app.o
                                     0x1508a0 (size before relaxing)
 .debug_str     0x00000000001556d4       0x23 ./src/Source_Files/cmu.o
                                     0x15088c (size before relaxing)
 .debug_str     0x00000000001556f7       0x25 ./src/Source_Files/gpio.o
                                     0x150b61 (size before relaxing)
 .debug_str     0x000000000015571c       0x6f ./src/Source_Files/letimer.o
                                     0x150a5c (size before relaxing)
 .debug_str     0x000000000015578b     0x1ee3 ./src/main.o
                                     0x1552a1 (size before relaxing)

.debug_loc      0x0000000000000000     0x30f2
 .debug_loc     0x0000000000000000      0x2e4 ./CMSIS/EFM32PG12B/system_efm32pg12b.o
 .debug_loc     0x00000000000002e4     0x10ec ./emlib/em_cmu.o
 .debug_loc     0x00000000000013d0     0x1112 ./emlib/em_emu.o
 .debug_loc     0x00000000000024e2      0x4b4 ./emlib/em_gpio.o
 .debug_loc     0x0000000000002996      0x4d8 ./emlib/em_letimer.o
 .debug_loc     0x0000000000002e6e       0x7c ./src/Source_Files/app.o
 .debug_loc     0x0000000000002eea       0x2c ./src/Source_Files/cmu.o
 .debug_loc     0x0000000000002f16       0x2c ./src/Source_Files/gpio.o
 .debug_loc     0x0000000000002f42       0xa0 ./src/Source_Files/letimer.o
 .debug_loc     0x0000000000002fe2      0x110 ./src/main.o

.debug_ranges   0x0000000000000000      0x548
 .debug_ranges  0x0000000000000000       0x58 ./CMSIS/EFM32PG12B/system_efm32pg12b.o
 .debug_ranges  0x0000000000000058      0x1b8 ./emlib/em_cmu.o
 .debug_ranges  0x0000000000000210      0x1d0 ./emlib/em_emu.o
 .debug_ranges  0x00000000000003e0       0x78 ./emlib/em_gpio.o
 .debug_ranges  0x0000000000000458       0x78 ./emlib/em_letimer.o
 .debug_ranges  0x00000000000004d0       0x18 ./src/Source_Files/app.o
 .debug_ranges  0x00000000000004e8       0x10 ./src/Source_Files/cmu.o
 .debug_ranges  0x00000000000004f8       0x10 ./src/Source_Files/gpio.o
 .debug_ranges  0x0000000000000508       0x18 ./src/Source_Files/letimer.o
 .debug_ranges  0x0000000000000520       0x28 ./src/main.o

.debug_macro    0x0000000000000000    0x32693
 .debug_macro   0x0000000000000000      0x282 ./CMSIS/EFM32PG12B/system_efm32pg12b.o
 .debug_macro   0x0000000000000282      0xa48 ./CMSIS/EFM32PG12B/system_efm32pg12b.o
 .debug_macro   0x0000000000000cca       0x22 ./CMSIS/EFM32PG12B/system_efm32pg12b.o
 .debug_macro   0x0000000000000cec       0x4f ./CMSIS/EFM32PG12B/system_efm32pg12b.o
 .debug_macro   0x0000000000000d3b       0x51 ./CMSIS/EFM32PG12B/system_efm32pg12b.o
 .debug_macro   0x0000000000000d8c       0xef ./CMSIS/EFM32PG12B/system_efm32pg12b.o
 .debug_macro   0x0000000000000e7b       0x6a ./CMSIS/EFM32PG12B/system_efm32pg12b.o
 .debug_macro   0x0000000000000ee5      0x1df ./CMSIS/EFM32PG12B/system_efm32pg12b.o
 .debug_macro   0x00000000000010c4      0x4b1 ./CMSIS/EFM32PG12B/system_efm32pg12b.o
 .debug_macro   0x0000000000001575       0x1c ./CMSIS/EFM32PG12B/system_efm32pg12b.o
 .debug_macro   0x0000000000001591       0x22 ./CMSIS/EFM32PG12B/system_efm32pg12b.o
 .debug_macro   0x00000000000015b3       0xdf ./CMSIS/EFM32PG12B/system_efm32pg12b.o
 .debug_macro   0x0000000000001692      0xff5 ./CMSIS/EFM32PG12B/system_efm32pg12b.o
 .debug_macro   0x0000000000002687       0xe2 ./CMSIS/EFM32PG12B/system_efm32pg12b.o
 .debug_macro   0x0000000000002769      0xe1c ./CMSIS/EFM32PG12B/system_efm32pg12b.o
 .debug_macro   0x0000000000003585     0x2275 ./CMSIS/EFM32PG12B/system_efm32pg12b.o
 .debug_macro   0x00000000000057fa      0x329 ./CMSIS/EFM32PG12B/system_efm32pg12b.o
 .debug_macro   0x0000000000005b23     0x3119 ./CMSIS/EFM32PG12B/system_efm32pg12b.o
 .debug_macro   0x0000000000008c3c     0x1bba ./CMSIS/EFM32PG12B/system_efm32pg12b.o
 .debug_macro   0x000000000000a7f6     0x2674 ./CMSIS/EFM32PG12B/system_efm32pg12b.o
 .debug_macro   0x000000000000ce6a     0x1b19 ./CMSIS/EFM32PG12B/system_efm32pg12b.o
 .debug_macro   0x000000000000e983      0xe2b ./CMSIS/EFM32PG12B/system_efm32pg12b.o
 .debug_macro   0x000000000000f7ae      0x344 ./CMSIS/EFM32PG12B/system_efm32pg12b.o
 .debug_macro   0x000000000000faf2      0x29d ./CMSIS/EFM32PG12B/system_efm32pg12b.o
 .debug_macro   0x000000000000fd8f     0x2763 ./CMSIS/EFM32PG12B/system_efm32pg12b.o
 .debug_macro   0x00000000000124f2     0x31cc ./CMSIS/EFM32PG12B/system_efm32pg12b.o
 .debug_macro   0x00000000000156be     0x136b ./CMSIS/EFM32PG12B/system_efm32pg12b.o
 .debug_macro   0x0000000000016a29      0xde2 ./CMSIS/EFM32PG12B/system_efm32pg12b.o
 .debug_macro   0x000000000001780b      0x249 ./CMSIS/EFM32PG12B/system_efm32pg12b.o
 .debug_macro   0x0000000000017a54     0x1042 ./CMSIS/EFM32PG12B/system_efm32pg12b.o
 .debug_macro   0x0000000000018a96     0x1605 ./CMSIS/EFM32PG12B/system_efm32pg12b.o
 .debug_macro   0x000000000001a09b     0x3cb7 ./CMSIS/EFM32PG12B/system_efm32pg12b.o
 .debug_macro   0x000000000001dd52     0x23fc ./CMSIS/EFM32PG12B/system_efm32pg12b.o
 .debug_macro   0x000000000002014e      0x70c ./CMSIS/EFM32PG12B/system_efm32pg12b.o
 .debug_macro   0x000000000002085a     0x26ef ./CMSIS/EFM32PG12B/system_efm32pg12b.o
 .debug_macro   0x0000000000022f49     0x1700 ./CMSIS/EFM32PG12B/system_efm32pg12b.o
 .debug_macro   0x0000000000024649     0x2efb ./CMSIS/EFM32PG12B/system_efm32pg12b.o
 .debug_macro   0x0000000000027544      0xfaf ./CMSIS/EFM32PG12B/system_efm32pg12b.o
 .debug_macro   0x00000000000284f3      0x6c3 ./CMSIS/EFM32PG12B/system_efm32pg12b.o
 .debug_macro   0x0000000000028bb6     0x1021 ./CMSIS/EFM32PG12B/system_efm32pg12b.o
 .debug_macro   0x0000000000029bd7      0x888 ./CMSIS/EFM32PG12B/system_efm32pg12b.o
 .debug_macro   0x000000000002a45f      0x4ff ./CMSIS/EFM32PG12B/system_efm32pg12b.o
 .debug_macro   0x000000000002a95e     0x1be1 ./CMSIS/EFM32PG12B/system_efm32pg12b.o
 .debug_macro   0x000000000002c53f       0x40 ./CMSIS/EFM32PG12B/system_efm32pg12b.o
 .debug_macro   0x000000000002c57f      0x2ce ./CMSIS/EFM32PG12B/system_efm32pg12b.o
 .debug_macro   0x000000000002c84d      0x381 ./CMSIS/EFM32PG12B/system_efm32pg12b.o
 .debug_macro   0x000000000002cbce      0x190 ./CMSIS/EFM32PG12B/system_efm32pg12b.o
 .debug_macro   0x000000000002cd5e     0x27bf ./CMSIS/EFM32PG12B/system_efm32pg12b.o
 .debug_macro   0x000000000002f51d      0x303 ./CMSIS/EFM32PG12B/system_efm32pg12b.o
 .debug_macro   0x000000000002f820      0x303 ./CMSIS/EFM32PG12B/system_efm32pg12b.o
 .debug_macro   0x000000000002fb23      0x3a9 ./emlib/em_cmu.o
 .debug_macro   0x000000000002fecc       0x58 ./emlib/em_cmu.o
 .debug_macro   0x000000000002ff24      0x34d ./emlib/em_cmu.o
 .debug_macro   0x0000000000030271       0x25 ./emlib/em_cmu.o
 .debug_macro   0x0000000000030296       0xee ./emlib/em_cmu.o
 .debug_macro   0x0000000000030384       0x87 ./emlib/em_cmu.o
 .debug_macro   0x000000000003040b      0x3c3 ./emlib/em_emu.o
 .debug_macro   0x00000000000307ce       0x52 ./emlib/em_emu.o
 .debug_macro   0x0000000000030820       0x55 ./emlib/em_emu.o
 .debug_macro   0x0000000000030875      0x353 ./emlib/em_emu.o
 .debug_macro   0x0000000000030bc8       0xd9 ./emlib/em_emu.o
 .debug_macro   0x0000000000030ca1       0x81 ./emlib/em_emu.o
 .debug_macro   0x0000000000030d22       0xc0 ./emlib/em_emu.o
 .debug_macro   0x0000000000030de2      0x295 ./emlib/em_gpio.o
 .debug_macro   0x0000000000031077      0x2c1 ./emlib/em_letimer.o
 .debug_macro   0x0000000000031338      0x2e8 ./src/Source_Files/app.o
 .debug_macro   0x0000000000031620       0x5e ./src/Source_Files/app.o
 .debug_macro   0x000000000003167e       0x10 ./src/Source_Files/app.o
 .debug_macro   0x000000000003168e       0x1c ./src/Source_Files/app.o
 .debug_macro   0x00000000000316aa      0x2a9 ./src/Source_Files/cmu.o
 .debug_macro   0x0000000000031953      0x2b6 ./src/Source_Files/gpio.o
 .debug_macro   0x0000000000031c09      0x2c9 ./src/Source_Files/letimer.o
 .debug_macro   0x0000000000031ed2      0x409 ./src/main.o
 .debug_macro   0x00000000000322db       0x16 ./src/main.o
 .debug_macro   0x00000000000322f1       0x97 ./src/main.o
 .debug_macro   0x0000000000032388       0xf6 ./src/main.o
 .debug_macro   0x000000000003247e       0x10 ./src/main.o
 .debug_macro   0x000000000003248e       0x10 ./src/main.o
 .debug_macro   0x000000000003249e       0xb6 ./src/main.o
 .debug_macro   0x0000000000032554       0x16 ./src/main.o
 .debug_macro   0x000000000003256a      0x129 ./src/main.o

.debug_frame    0x0000000000000000     0x17b0
 .debug_frame   0x0000000000000000      0x164 ./CMSIS/EFM32PG12B/system_efm32pg12b.o
 .debug_frame   0x0000000000000164      0x7cc ./emlib/em_cmu.o
 .debug_frame   0x0000000000000930      0x800 ./emlib/em_emu.o
 .debug_frame   0x0000000000001130      0x224 ./emlib/em_gpio.o
 .debug_frame   0x0000000000001354      0x230 ./emlib/em_letimer.o
 .debug_frame   0x0000000000001584       0x50 ./src/Source_Files/app.o
 .debug_frame   0x00000000000015d4       0x2c ./src/Source_Files/cmu.o
 .debug_frame   0x0000000000001600       0x2c ./src/Source_Files/gpio.o
 .debug_frame   0x000000000000162c       0x58 ./src/Source_Files/letimer.o
 .debug_frame   0x0000000000001684       0x98 ./src/main.o
 .debug_frame   0x000000000000171c       0x28 /Applications/Simplicity Studio.app/Contents/Eclipse/developer/toolchains/gnu_arm/7.2_2017q4/bin/../lib/gcc/arm-none-eabi/7.2.1/../../../../arm-none-eabi/lib/thumb/v7e-m/fpv4-sp/softfp/libc_nano.a(lib_a-exit.o)
 .debug_frame   0x0000000000001744       0x2c /Applications/Simplicity Studio.app/Contents/Eclipse/developer/toolchains/gnu_arm/7.2_2017q4/bin/../lib/gcc/arm-none-eabi/7.2.1/../../../../arm-none-eabi/lib/thumb/v7e-m/fpv4-sp/softfp/libc_nano.a(lib_a-init.o)
 .debug_frame   0x0000000000001770       0x20 /Applications/Simplicity Studio.app/Contents/Eclipse/developer/toolchains/gnu_arm/7.2_2017q4/bin/../lib/gcc/arm-none-eabi/7.2.1/../../../../arm-none-eabi/lib/thumb/v7e-m/fpv4-sp/softfp/libc_nano.a(lib_a-memset.o)
 .debug_frame   0x0000000000001790       0x20 /Applications/Simplicity Studio.app/Contents/Eclipse/developer/toolchains/gnu_arm/7.2_2017q4/bin/../lib/gcc/arm-none-eabi/7.2.1/../../../../arm-none-eabi/lib/thumb/v7e-m/fpv4-sp/softfp/libnosys.a(_exit.o)
