Archive member included to satisfy reference by file (symbol)

/Applications/Simplicity Studio.app/Contents/Eclipse/developer/toolchains/gnu_arm/7.2_2017q4/bin/../lib/gcc/arm-none-eabi/7.2.1/thumb/v7e-m/fpv4-sp/softfp/libgcc.a(_arm_addsubdf3.o)
                              ./src/Source_Files/SI7021.o (__aeabi_dsub)
/Applications/Simplicity Studio.app/Contents/Eclipse/developer/toolchains/gnu_arm/7.2_2017q4/bin/../lib/gcc/arm-none-eabi/7.2.1/thumb/v7e-m/fpv4-sp/softfp/libgcc.a(_arm_muldivdf3.o)
                              ./src/Source_Files/SI7021.o (__aeabi_dmul)
/Applications/Simplicity Studio.app/Contents/Eclipse/developer/toolchains/gnu_arm/7.2_2017q4/bin/../lib/gcc/arm-none-eabi/7.2.1/thumb/v7e-m/fpv4-sp/softfp/libgcc.a(_arm_truncdfsf2.o)
                              ./src/Source_Files/SI7021.o (__aeabi_d2f)
/Applications/Simplicity Studio.app/Contents/Eclipse/developer/toolchains/gnu_arm/7.2_2017q4/bin/../lib/gcc/arm-none-eabi/7.2.1/thumb/v7e-m/fpv4-sp/softfp/libgcc.a(_aeabi_ldivmod.o)
                              ./emlib/em_usart.o (__aeabi_ldivmod)
/Applications/Simplicity Studio.app/Contents/Eclipse/developer/toolchains/gnu_arm/7.2_2017q4/bin/../lib/gcc/arm-none-eabi/7.2.1/thumb/v7e-m/fpv4-sp/softfp/libgcc.a(_aeabi_uldivmod.o)
                              ./emlib/em_usart.o (__aeabi_uldivmod)
/Applications/Simplicity Studio.app/Contents/Eclipse/developer/toolchains/gnu_arm/7.2_2017q4/bin/../lib/gcc/arm-none-eabi/7.2.1/thumb/v7e-m/fpv4-sp/softfp/libgcc.a(_udivmoddi4.o)
                              /Applications/Simplicity Studio.app/Contents/Eclipse/developer/toolchains/gnu_arm/7.2_2017q4/bin/../lib/gcc/arm-none-eabi/7.2.1/thumb/v7e-m/fpv4-sp/softfp/libgcc.a(_aeabi_ldivmod.o) (__udivmoddi4)
/Applications/Simplicity Studio.app/Contents/Eclipse/developer/toolchains/gnu_arm/7.2_2017q4/bin/../lib/gcc/arm-none-eabi/7.2.1/thumb/v7e-m/fpv4-sp/softfp/libgcc.a(_dvmd_tls.o)
                              /Applications/Simplicity Studio.app/Contents/Eclipse/developer/toolchains/gnu_arm/7.2_2017q4/bin/../lib/gcc/arm-none-eabi/7.2.1/thumb/v7e-m/fpv4-sp/softfp/libgcc.a(_aeabi_ldivmod.o) (__aeabi_ldiv0)
/Applications/Simplicity Studio.app/Contents/Eclipse/developer/toolchains/gnu_arm/7.2_2017q4/bin/../lib/gcc/arm-none-eabi/7.2.1/../../../../arm-none-eabi/lib/thumb/v7e-m/fpv4-sp/softfp/libc_nano.a(lib_a-abs.o)
                              ./src/Source_Files/ble.o (abs)
/Applications/Simplicity Studio.app/Contents/Eclipse/developer/toolchains/gnu_arm/7.2_2017q4/bin/../lib/gcc/arm-none-eabi/7.2.1/../../../../arm-none-eabi/lib/thumb/v7e-m/fpv4-sp/softfp/libc_nano.a(lib_a-exit.o)
                              /Applications/Simplicity Studio.app/Contents/Eclipse/developer/toolchains/gnu_arm/7.2_2017q4/bin/../lib/gcc/arm-none-eabi/7.2.1/../../../../arm-none-eabi/lib/thumb/v7e-m/fpv4-sp/softfp/crt0.o (exit)
/Applications/Simplicity Studio.app/Contents/Eclipse/developer/toolchains/gnu_arm/7.2_2017q4/bin/../lib/gcc/arm-none-eabi/7.2.1/../../../../arm-none-eabi/lib/thumb/v7e-m/fpv4-sp/softfp/libc_nano.a(lib_a-impure.o)
                              /Applications/Simplicity Studio.app/Contents/Eclipse/developer/toolchains/gnu_arm/7.2_2017q4/bin/../lib/gcc/arm-none-eabi/7.2.1/../../../../arm-none-eabi/lib/thumb/v7e-m/fpv4-sp/softfp/libc_nano.a(lib_a-exit.o) (_global_impure_ptr)
/Applications/Simplicity Studio.app/Contents/Eclipse/developer/toolchains/gnu_arm/7.2_2017q4/bin/../lib/gcc/arm-none-eabi/7.2.1/../../../../arm-none-eabi/lib/thumb/v7e-m/fpv4-sp/softfp/libc_nano.a(lib_a-init.o)
                              /Applications/Simplicity Studio.app/Contents/Eclipse/developer/toolchains/gnu_arm/7.2_2017q4/bin/../lib/gcc/arm-none-eabi/7.2.1/../../../../arm-none-eabi/lib/thumb/v7e-m/fpv4-sp/softfp/crt0.o (__libc_init_array)
/Applications/Simplicity Studio.app/Contents/Eclipse/developer/toolchains/gnu_arm/7.2_2017q4/bin/../lib/gcc/arm-none-eabi/7.2.1/../../../../arm-none-eabi/lib/thumb/v7e-m/fpv4-sp/softfp/libc_nano.a(lib_a-memcpy-stub.o)
                              ./emlib/em_crypto.o (memcpy)
/Applications/Simplicity Studio.app/Contents/Eclipse/developer/toolchains/gnu_arm/7.2_2017q4/bin/../lib/gcc/arm-none-eabi/7.2.1/../../../../arm-none-eabi/lib/thumb/v7e-m/fpv4-sp/softfp/libc_nano.a(lib_a-memset.o)
                              /Applications/Simplicity Studio.app/Contents/Eclipse/developer/toolchains/gnu_arm/7.2_2017q4/bin/../lib/gcc/arm-none-eabi/7.2.1/../../../../arm-none-eabi/lib/thumb/v7e-m/fpv4-sp/softfp/crt0.o (memset)
/Applications/Simplicity Studio.app/Contents/Eclipse/developer/toolchains/gnu_arm/7.2_2017q4/bin/../lib/gcc/arm-none-eabi/7.2.1/../../../../arm-none-eabi/lib/thumb/v7e-m/fpv4-sp/softfp/libc_nano.a(lib_a-nano-vfprintf_float.o)
                              (_printf_float)
/Applications/Simplicity Studio.app/Contents/Eclipse/developer/toolchains/gnu_arm/7.2_2017q4/bin/../lib/gcc/arm-none-eabi/7.2.1/../../../../arm-none-eabi/lib/thumb/v7e-m/fpv4-sp/softfp/libc_nano.a(lib_a-nano-vfprintf_i.o)
[...]
Memory Configuration

Name             Origin             Length             Attributes
FLASH            0x0000000000000000 0x0000000000100000 xr
RAM              0x0000000020000000 0x0000000000040000 xrw
*default*        0x0000000000000000 0xffffffffffffffff

Linker script and memory map

LOAD /Applications/Simplicity Studio.app/Contents/Eclipse/developer/toolchains/gnu_arm/7.2_2017q4/bin/../lib/gcc/arm-none-eabi/7.2.1/thumb/v7e-m/fpv4-sp/softfp/crti.o
LOAD /Applications/Simplicity Studio.app/Contents/Eclipse/developer/toolchains/gnu_arm/7.2_2017q4/bin/../lib/gcc/arm-none-eabi/7.2.1/thumb/v7e-m/fpv4-sp/softfp/crtbegin.o
LOAD /Applications/Simplicity Studio.app/Contents/Eclipse/developer/toolchains/gnu_arm/7.2_2017q4/bin/../lib/gcc/arm-none-eabi/7.2.1/../../../../arm-none-eabi/lib/thumb/v7e-m/fpv4-sp/softfp/crt0.o
LOAD ./CMSIS/EFM32PG12B/startup_gcc_efm32pg12b.o
LOAD ./CMSIS/EFM32PG12B/system_efm32pg12b.o
LOAD ./emlib/em_acmp.o
LOAD ./emlib/em_adc.o
LOAD ./emlib/em_aes.o
LOAD ./emlib/em_assert.o
LOAD ./emlib/em_burtc.o
LOAD ./emlib/em_can.o
LOAD ./emlib/em_cmu.o
LOAD ./emlib/em_core.o
LOAD ./emlib/em_cryotimer.o
LOAD ./emlib/em_crypto.o
LOAD ./emlib/em_csen.o
LOAD ./emlib/em_dac.o
LOAD ./emlib/em_dbg.o
LOAD ./emlib/em_dma.o
LOAD ./emlib/em_ebi.o
LOAD ./emlib/em_emu.o
LOAD ./emlib/em_eusart.o
LOAD ./emlib/em_gpcrc.o
LOAD ./emlib/em_gpio.o
LOAD ./emlib/em_i2c.o
LOAD ./emlib/em_iadc.o
LOAD ./emlib/em_idac.o
LOAD ./emlib/em_int.o
LOAD ./emlib/em_lcd.o
LOAD ./emlib/em_ldma.o
LOAD ./emlib/em_lesense.o
LOAD ./emlib/em_letimer.o
LOAD ./emlib/em_leuart.o
LOAD ./emlib/em_mpu.o
LOAD ./emlib/em_msc.o
LOAD ./emlib/em_opamp.o
LOAD ./emlib/em_pcnt.o
LOAD ./emlib/em_pdm.o
LOAD ./emlib/em_prs.o
LOAD ./emlib/em_qspi.o
LOAD ./emlib/em_rmu.o
LOAD ./emlib/em_rtc.o
LOAD ./emlib/em_rtcc.o
LOAD ./emlib/em_se.o
LOAD ./emlib/em_system.o
LOAD ./emlib/em_timer.o
LOAD ./emlib/em_usart.o
LOAD ./emlib/em_vcmp.o
LOAD ./emlib/em_vdac.o
LOAD ./emlib/em_wdog.o
LOAD ./src/Source_Files/HW_delay.o
LOAD ./src/Source_Files/SI7021.o
LOAD ./src/Source_Files/app.o
LOAD ./src/Source_Files/ble.o
LOAD ./src/Source_Files/cmu.o
LOAD ./src/Source_Files/gpio.o
LOAD ./src/Source_Files/i2c.o
LOAD ./src/Source_Files/letimer.o
LOAD ./src/Source_Files/leuart.o
LOAD ./src/Source_Files/scheduler.o
LOAD ./src/Source_Files/sleep_routines.o
LOAD ./src/Source_Files/veml6030.o
LOAD ./src/main.o
START GROUP
LOAD /Applications/Simplicity Studio.app/Contents/Eclipse/developer/toolchains/gnu_arm/7.2_2017q4/bin/../lib/gcc/arm-none-eabi/7.2.1/thumb/v7e-m/fpv4-sp/softfp/libgcc.a
LOAD /Applications/Simplicity Studio.app/Contents/Eclipse/developer/toolchains/gnu_arm/7.2_2017q4/bin/../lib/gcc/arm-none-eabi/7.2.1/../../../../arm-none-eabi/lib/thumb/v7e-m/fpv4-sp/softfp/libc_nano.a
LOAD /Applications/Simplicity Studio.app/Contents/Eclipse/developer/toolchains/gnu_arm/7.2_2017q4/bin/../lib/gcc/arm-none-eabi/7.2.1/../../../../arm-none-eabi/lib/thumb/v7e-m/fpv4-sp/softfp/libnosys.a
END GROUP
START GROUP
LOAD /Applications/Simplicity Studio.app/Contents/Eclipse/developer/toolchains/gnu_arm/7.2_2017q4/bin/../lib/gcc/arm-none-eabi/7.2.1/thumb/v7e-m/fpv4-sp/softfp/libgcc.a
LOAD /Applications/Simplicity Studio.app/Contents/Eclipse/developer/toolchains/gnu_arm/7.2_2017q4/bin/../lib/gcc/arm-none-eabi/7.2.1/../../../../arm-none-eabi/lib/thumb/v7e-m/fpv4-sp/softfp/libg_nano.a
LOAD /Applications/Simplicity Studio.app/Contents/Eclipse/developer/toolchains/gnu_arm/7.2_2017q4/bin/../lib/gcc/arm-none-eabi/7.2.1/../../../../arm-none-eabi/lib/thumb/v7e-m/fpv4-sp/softfp/libc_nano.a
END GROUP
START GROUP
LOAD /Applications/Simplicity Studio.app/Contents/Eclipse/developer/toolchains/gnu_arm/7.2_2017q4/bin/../lib/gcc/arm-none-eabi/7.2.1/thumb/v7e-m/fpv4-sp/softfp/libgcc.a
LOAD /Applications/Simplicity Studio.app/Contents/Eclipse/developer/toolchains/gnu_arm/7.2_2017q4/bin/../lib/gcc/arm-none-eabi/7.2.1/../../../../arm-none-eabi/lib/thumb/v7e-m/fpv4-sp/softfp/libc_nano.a
END GROUP
LOAD /Applications/Simplicity Studio.app/Contents/Eclipse/developer/toolchains/gnu_arm/7.2_2017q4/bin/../lib/gcc/arm-none-eabi/7.2.1/thumb/v7e-m/fpv4-sp/softfp/crtend.o
LOAD /Applications/Simplicity Studio.app/Contents/Eclipse/developer/toolchains/gnu_arm/7.2_2017q4/bin/../lib/gcc/arm-none-eabi/7.2.1/thumb/v7e-m/fpv4-sp/softfp/crtn.o

.text           0x0000000000000000     0x599c
 *(.vectors)
 .vectors       0x0000000000000000      0x10c ./CMSIS/EFM32PG12B/startup_gcc_efm32pg12b.o
                0x0000000000000000                __Vectors
                0x000000000000010c                __Vectors_End = .
                0x000000000000010c                __Vectors_Size = (__Vectors_End - __Vectors)
                0x000000000000010c                __end__ = .
 *(.text*)
 .text          0x000000000000010c       0x40 /Applications/Simplicity Studio.app/Contents/Eclipse/developer/toolchains/gnu_arm/7.2_2017q4/bin/../lib/gcc/arm-none-eabi/7.2.1/thumb/v7e-m/fpv4-sp/softfp/crtbegin.o
 .text          0x000000000000014c       0x74 /Applications/Simplicity Studio.app/Contents/Eclipse/developer/toolchains/gnu_arm/7.2_2017q4/bin/../lib/gcc/arm-none-eabi/7.2.1/../../../../arm-none-eabi/lib/thumb/v7e-m/fpv4-sp/softfp/crt0.o
                0x000000000000014c                _mainCRTStartup
                0x000000000000014c                _start
 .text          0x00000000000001c0       0x30 ./CMSIS/EFM32PG12B/startup_gcc_efm32pg12b.o
                0x00000000000001c0                Reset_Handler
                0x00000000000001ec                USART0_TX_IRQHandler
                0x00000000000001ec                HardFault_Handler
                0x00000000000001ec                SysTick_Handler
                0x00000000000001ec                USART1_RX_IRQHandler
                0x00000000000001ec                PendSV_Handler
                0x00000000000001ec                NMI_Handler
                0x00000000000001ec                WTIMER0_IRQHandler
                0x00000000000001ec                CRYPTO0_IRQHandler
                0x00000000000001ec                WDOG0_IRQHandler
                0x00000000000001ec                USART1_TX_IRQHandler
                0x00000000000001ec                SMU_IRQHandler
                0x00000000000001ec                MSC_IRQHandler
                0x00000000000001ec                ADC0_IRQHandler
                0x00000000000001ec                UsageFault_Handler
                0x00000000000001ec                WDOG1_IRQHandler
                0x00000000000001ec                FPUEH_IRQHandler
                0x00000000000001ec                WTIMER1_IRQHandler
                0x00000000000001ec                GPIO_EVEN_IRQHandler
                0x00000000000001ec                VDAC0_IRQHandler
                0x00000000000001ec                LDMA_IRQHandler
                0x00000000000001ec                CSEN_IRQHandler
                0x00000000000001ec                CRYPTO1_IRQHandler
                0x00000000000001ec                TIMER0_IRQHandler
                0x00000000000001ec                PCNT2_IRQHandler
                0x00000000000001ec                TIMER1_IRQHandler
                0x00000000000001ec                TRNG0_IRQHandler
                0x00000000000001ec                USART2_RX_IRQHandler
                0x00000000000001ec                Default_Handler
                0x00000000000001ec                EMU_IRQHandler
                0x00000000000001ec                CRYOTIMER_IRQHandler
                0x00000000000001ec                PCNT0_IRQHandler
                0x00000000000001ec                sl_app_properties
                0x00000000000001ec                PCNT1_IRQHandler
                0x00000000000001ec                ACMP0_IRQHandler
                0x00000000000001ec                USART0_RX_IRQHandler
                0x00000000000001ec                MemManage_Handler
                0x00000000000001ec                SVC_Handler
                0x00000000000001ec                USART3_RX_IRQHandler
                0x00000000000001ec                RTCC_IRQHandler
                0x00000000000001ec                CMU_IRQHandler
                0x00000000000001ec                LESENSE_IRQHandler
                0x00000000000001ec                GPIO_ODD_IRQHandler
                0x00000000000001ec                USART3_TX_IRQHandler
                0x00000000000001ec                BusFault_Handler
                0x00000000000001ec                USART2_TX_IRQHandler
                0x00000000000001ec                DebugMon_Handler
                0x00000000000001ec                IDAC0_IRQHandler
 .text.SystemMaxCoreClockGet
                0x00000000000001f0        0x8 ./CMSIS/EFM32PG12B/system_efm32pg12b.o
                0x00000000000001f0                SystemMaxCoreClockGet
 .text.SystemHFClockGet
                0x00000000000001f8       0x58 ./CMSIS/EFM32PG12B/system_efm32pg12b.o
                0x00000000000001f8                SystemHFClockGet
 .text.SystemCoreClockGet
                0x0000000000000250       0x24 ./CMSIS/EFM32PG12B/system_efm32pg12b.o
                0x0000000000000250                SystemCoreClockGet
 .text.SystemHFXOClockGet
                0x0000000000000274        0xc ./CMSIS/EFM32PG12B/system_efm32pg12b.o
                0x0000000000000274                SystemHFXOClockGet
 .text.SystemInit
                0x0000000000000280       0x1c ./CMSIS/EFM32PG12B/system_efm32pg12b.o
                0x0000000000000280                SystemInit
 .text.SystemLFRCOClockGet
                0x000000000000029c        0x8 ./CMSIS/EFM32PG12B/system_efm32pg12b.o
                0x000000000000029c                SystemLFRCOClockGet
 .text.SystemULFRCOClockGet
                0x00000000000002a4        0x8 ./CMSIS/EFM32PG12B/system_efm32pg12b.o
                0x00000000000002a4                SystemULFRCOClockGet
 .text.SystemLFXOClockGet
                0x00000000000002ac        0xc ./CMSIS/EFM32PG12B/system_efm32pg12b.o
                0x00000000000002ac                SystemLFXOClockGet
 .text.flashWaitStateControl
                0x00000000000002b8       0x5c ./emlib/em_cmu.o
 .text.CMU_HFRCODevinfoGet
                0x0000000000000314       0xb4 ./emlib/em_cmu.o
 .text.flashWaitStateMax
                0x00000000000003c8       0x24 ./emlib/em_cmu.o
 .text.CMU_OscillatorTuningSet.part.3
                0x00000000000003ec       0x3c ./emlib/em_cmu.o
 .text.CMU_UpdateWaitStates
                0x0000000000000428       0x1c ./emlib/em_cmu.o
                0x0000000000000428                CMU_UpdateWaitStates
 .text.CMU_ClockEnable
                0x0000000000000444       0x94 ./emlib/em_cmu.o
                0x0000000000000444                CMU_ClockEnable
 .text.CMU_ClockPrescGet
                0x00000000000004d8       0xf0 ./emlib/em_cmu.o
                0x00000000000004d8                CMU_ClockPrescGet
 .text.CMU_ClockSelectGet
                0x00000000000005c8       0xc4 ./emlib/em_cmu.o
                0x00000000000005c8                CMU_ClockSelectGet
 .text.lfClkGet
                0x000000000000068c       0x94 ./emlib/em_cmu.o
 .text.CMU_ClockFreqGet
                0x0000000000000720      0x1d4 ./emlib/em_cmu.o
                0x0000000000000720                CMU_ClockFreqGet
 .text.CMU_HFRCOBandSet
                0x00000000000008f4      0x180 ./emlib/em_cmu.o
                0x00000000000008f4                CMU_HFRCOBandSet
 .text.CMU_OscillatorTuningWait
                0x0000000000000a74       0x48 ./emlib/em_cmu.o
                0x0000000000000a74                CMU_OscillatorTuningWait
 .text.CMU_OscillatorEnable
                0x0000000000000abc      0x120 ./emlib/em_cmu.o
                0x0000000000000abc                CMU_OscillatorEnable
 .text.CMU_ClockSelectSet
                0x0000000000000bdc      0x2c0 ./emlib/em_cmu.o
                0x0000000000000bdc                CMU_ClockSelectSet
 .text.CMU_HFXOInit
                0x0000000000000e9c       0x7c ./emlib/em_cmu.o
                0x0000000000000e9c                CMU_HFXOInit
 .text.CORE_EnterCritical
                0x0000000000000f18        0x8 ./emlib/em_core.o
                0x0000000000000f18                CORE_EnterCritical
 .text.CORE_ExitCritical
                0x0000000000000f20        0x8 ./emlib/em_core.o
                0x0000000000000f20                CORE_ExitCritical
 .text.lpGetDevinfoVrefLowHigh
                0x0000000000000f28       0xdc ./emlib/em_emu.o
 .text.vScaleAfterWakeup.part.2
                0x0000000000001004       0x20 ./emlib/em_emu.o
 .text.lpCmpHystCalibrationLoad.isra.3
                0x0000000000001024       0x60 ./emlib/em_emu.o
 .text.vScaleDownEM23Setup
                0x0000000000001084       0x48 ./emlib/em_emu.o
 .text.emState.constprop.8
                0x00000000000010cc       0x60 ./emlib/em_emu.o
 .text.emState.part.4
                0x000000000000112c       0xe0 ./emlib/em_emu.o
 .text.EMU_EM23PresleepHook
                0x000000000000120c        0x4 ./emlib/em_emu.o
                0x000000000000120c                EMU_EM23PresleepHook
 .text.EMU_EM23PostsleepHook
                0x0000000000001210        0x4 ./emlib/em_emu.o
                0x0000000000001210                EMU_EM23PostsleepHook
 .text.EMU_EnterEM2
                0x0000000000001214       0x78 ./emlib/em_emu.o
                0x0000000000001214                EMU_EnterEM2
 .text.EMU_EnterEM3
                0x000000000000128c       0x9c ./emlib/em_emu.o
                0x000000000000128c                EMU_EnterEM3
 .text.EMU_VScaleEM01
                0x0000000000001328       0xa4 ./emlib/em_emu.o
                0x0000000000001328                EMU_VScaleEM01
 .text.EMU_VScaleEM01ByClock.part.6
                0x00000000000013cc       0x5c ./emlib/em_emu.o
 .text.EMU_VScaleEM01ByClock
                0x0000000000001428       0x14 ./emlib/em_emu.o
                0x0000000000001428                EMU_VScaleEM01ByClock
 .text.EMU_EM23Init
                0x000000000000143c       0x24 ./emlib/em_emu.o
                0x000000000000143c                EMU_EM23Init
 .text.EMU_DCDCModeSet
                0x0000000000001460       0x9c ./emlib/em_emu.o
                0x0000000000001460                EMU_DCDCModeSet
 .text.EMU_DCDCOutputVoltageSet
                0x00000000000014fc      0x16c ./emlib/em_emu.o
                0x00000000000014fc                EMU_DCDCOutputVoltageSet
 .text.EMU_DCDCOptimizeSlice
                0x0000000000001668       0xf8 ./emlib/em_emu.o
                0x0000000000001668                EMU_DCDCOptimizeSlice
 .text.EMU_DCDCInit
                0x0000000000001760      0x124 ./emlib/em_emu.o
                0x0000000000001760                EMU_DCDCInit
 .text.GPIO_DriveStrengthSet
                0x0000000000001884       0x20 ./emlib/em_gpio.o
                0x0000000000001884                GPIO_DriveStrengthSet
 .text.GPIO_PinModeSet
                0x00000000000018a4       0x94 ./emlib/em_gpio.o
                0x00000000000018a4                GPIO_PinModeSet
 .text.I2C_BusFreqSet.part.0
                0x0000000000001938       0x94 ./emlib/em_i2c.o
 .text.I2C_Init
                0x00000000000019cc       0x38 ./emlib/em_i2c.o
                0x00000000000019cc                I2C_Init
 .text.LETIMER_Enable
                0x0000000000001a04       0x14 ./emlib/em_letimer.o
                0x0000000000001a04                LETIMER_Enable
 .text.LETIMER_Init
                0x0000000000001a18       0x80 ./emlib/em_letimer.o
                0x0000000000001a18                LETIMER_Init
 .text.LEUART_BaudrateSet
                0x0000000000001a98       0x54 ./emlib/em_leuart.o
                0x0000000000001a98                LEUART_BaudrateSet
 .text.LEUART_Enable
                0x0000000000001aec       0x1c ./emlib/em_leuart.o
                0x0000000000001aec                LEUART_Enable
 .text.LEUART_Init
                0x0000000000001b08       0x48 ./emlib/em_leuart.o
                0x0000000000001b08                LEUART_Init
 .text.TIMER_Init
                0x0000000000001b50       0x9c ./emlib/em_timer.o
                0x0000000000001b50                TIMER_Init
 .text.timer_delay
                0x0000000000001bec       0x74 ./src/Source_Files/HW_delay.o
                0x0000000000001bec                timer_delay
 .text.si7021_i2c_open
                0x0000000000001c60       0x44 ./src/Source_Files/SI7021.o
                0x0000000000001c60                si7021_i2c_open
 .text.si7021_read
                0x0000000000001ca4       0x5c ./src/Source_Files/SI7021.o
                0x0000000000001ca4                si7021_read
 .text.si7021_rel_humidity
                0x0000000000001d00       0x54 ./src/Source_Files/SI7021.o
                0x0000000000001d00                si7021_rel_humidity
 *fill*         0x0000000000001d54        0x4 
 .text.si7021_rel_temp
                0x0000000000001d58       0x8c ./src/Source_Files/SI7021.o
                0x0000000000001d58                si7021_rel_temp
 .text.si7021_tdd_config
                0x0000000000001de4       0xa4 ./src/Source_Files/SI7021.o
                0x0000000000001de4                si7021_tdd_config
 .text.app_peripheral_setup
                0x0000000000001e88       0x88 ./src/Source_Files/app.o
                0x0000000000001e88                app_peripheral_setup
 .text.scheduled_letimer0_uf_cb
                0x0000000000001f10       0x34 ./src/Source_Files/app.o
                0x0000000000001f10                scheduled_letimer0_uf_cb
 .text.scheduled_letimer0_comp0_cb
                0x0000000000001f44        0x8 ./src/Source_Files/app.o
                0x0000000000001f44                scheduled_letimer0_comp0_cb
 .text.scheduled_letimer0_comp1_cb
                0x0000000000001f4c        0x8 ./src/Source_Files/app.o
                0x0000000000001f4c                scheduled_letimer0_comp1_cb
 .text.service_si7021_humidity_done
                0x0000000000001f54       0xcc ./src/Source_Files/app.o
                0x0000000000001f54                service_si7021_humidity_done
 .text.service_si7021_temp_done
                0x0000000000002020        0x8 ./src/Source_Files/app.o
                0x0000000000002020                service_si7021_temp_done
 .text.scheduled_boot_up_cb
                0x0000000000002028       0x28 ./src/Source_Files/app.o
                0x0000000000002028                scheduled_boot_up_cb
 .text.scheduled_ble_tx_cb
                0x0000000000002050        0x8 ./src/Source_Files/app.o
                0x0000000000002050                scheduled_ble_tx_cb
 .text.ble_open
                0x0000000000002058       0x54 ./src/Source_Files/ble.o
                0x0000000000002058                ble_open
 .text.ble_write
                0x00000000000020ac       0x10 ./src/Source_Files/ble.o
                0x00000000000020ac                ble_write
 .text.cmu_open
                0x00000000000020bc       0x4c ./src/Source_Files/cmu.o
                0x00000000000020bc                cmu_open
 .text.gpio_open
                0x0000000000002108       0x8c ./src/Source_Files/gpio.o
                0x0000000000002108                gpio_open
 .text.i2c_ack.constprop.5
                0x0000000000002194       0x80 ./src/Source_Files/i2c.o
 .text.i2c_rxdatav.constprop.6
                0x0000000000002214       0x68 ./src/Source_Files/i2c.o
 .text.i2c_bus_reset
                0x000000000000227c       0x4c ./src/Source_Files/i2c.o
                0x000000000000227c                i2c_bus_reset
 .text.i2c_open
                0x00000000000022c8       0xe0 ./src/Source_Files/i2c.o
                0x00000000000022c8                i2c_open
 .text.i2c_start
                0x00000000000023a8       0x4c ./src/Source_Files/i2c.o
                0x00000000000023a8                i2c_start
 .text.I2C0_IRQHandler
                0x00000000000023f4       0x70 ./src/Source_Files/i2c.o
                0x00000000000023f4                I2C0_IRQHandler
 .text.I2C1_IRQHandler
                0x0000000000002464       0x70 ./src/Source_Files/i2c.o
                0x0000000000002464                I2C1_IRQHandler
 .text.i2c_busy
                0x00000000000024d4        0xc ./src/Source_Files/i2c.o
                0x00000000000024d4                i2c_busy
 .text.letimer_start
                0x00000000000024e0       0x24 ./src/Source_Files/letimer.o
                0x00000000000024e0                letimer_start
 .text.letimer_pwm_open
                0x0000000000002504      0x128 ./src/Source_Files/letimer.o
                0x0000000000002504                letimer_pwm_open
 .text.LETIMER0_IRQHandler
                0x000000000000262c       0x54 ./src/Source_Files/letimer.o
                0x000000000000262c                LETIMER0_IRQHandler
 .text.leuart_open
                0x0000000000002680       0xb0 ./src/Source_Files/leuart.o
                0x0000000000002680                leuart_open
 .text.LEUART0_IRQHandler
                0x0000000000002730       0x84 ./src/Source_Files/leuart.o
                0x0000000000002730                LEUART0_IRQHandler
 .text.leuart_start
                0x00000000000027b4       0x58 ./src/Source_Files/leuart.o
                0x00000000000027b4                leuart_start
 .text.scheduler_open
                0x000000000000280c       0x18 ./src/Source_Files/scheduler.o
                0x000000000000280c                scheduler_open
 .text.add_scheduled_event
                0x0000000000002824       0x1c ./src/Source_Files/scheduler.o
                0x0000000000002824                add_scheduled_event
 .text.remove_scheduled_event
                0x0000000000002840       0x20 ./src/Source_Files/scheduler.o
                0x0000000000002840                remove_scheduled_event
 .text.get_scheduled_events
                0x0000000000002860        0xc ./src/Source_Files/scheduler.o
                0x0000000000002860                get_scheduled_events
 .text.sleep_open
                0x000000000000286c       0x14 ./src/Source_Files/sleep_routines.o
                0x000000000000286c                sleep_open
 .text.enter_sleep
                0x0000000000002880       0x54 ./src/Source_Files/sleep_routines.o
                0x0000000000002880                enter_sleep
 .text.sleep_unblock_mode
                0x00000000000028d4       0x28 ./src/Source_Files/sleep_routines.o
                0x00000000000028d4                sleep_unblock_mode
 .text.sleep_block_mode
                0x00000000000028fc       0x20 ./src/Source_Files/sleep_routines.o
                0x00000000000028fc                sleep_block_mode
 .text.startup.main
                0x000000000000291c      0x178 ./src/main.o
                0x000000000000291c                main
 .text          0x0000000000002a94      0x378 /Applications/Simplicity Studio.app/Contents/Eclipse/developer/toolchains/gnu_arm/7.2_2017q4/bin/../lib/gcc/arm-none-eabi/7.2.1/thumb/v7e-m/fpv4-sp/softfp/libgcc.a(_arm_addsubdf3.o)
                0x0000000000002a94                __aeabi_drsub
                0x0000000000002a9c                __subdf3
                0x0000000000002a9c                __aeabi_dsub
                0x0000000000002aa0                __aeabi_dadd
                0x0000000000002aa0                __adddf3
                0x0000000000002d18                __aeabi_ui2d
                0x0000000000002d18                __floatunsidf
                0x0000000000002d38                __floatsidf
                0x0000000000002d38                __aeabi_i2d
                0x0000000000002d5c                __extendsfdf2
                0x0000000000002d5c                __aeabi_f2d
                0x0000000000002da0                __aeabi_ul2d
                0x0000000000002da0                __floatundidf
                0x0000000000002db0                __aeabi_l2d
                0x0000000000002db0                __floatdidf
 .text          0x0000000000002e0c      0x424 /Applications/Simplicity Studio.app/Contents/Eclipse/developer/toolchains/gnu_arm/7.2_2017q4/bin/../lib/gcc/arm-none-eabi/7.2.1/thumb/v7e-m/fpv4-sp/softfp/libgcc.a(_arm_muldivdf3.o)
                0x0000000000002e0c                __aeabi_dmul
                0x0000000000002e0c                __muldf3
                0x0000000000003060                __aeabi_ddiv
                0x0000000000003060                __divdf3
 .text          0x0000000000003230       0xa0 /Applications/Simplicity Studio.app/Contents/Eclipse/developer/toolchains/gnu_arm/7.2_2017q4/bin/../lib/gcc/arm-none-eabi/7.2.1/thumb/v7e-m/fpv4-sp/softfp/libgcc.a(_arm_truncdfsf2.o)
                0x0000000000003230                __aeabi_d2f
                0x0000000000003230                __truncdfsf2
 .text.exit     0x00000000000032d0       0x28 /Applications/Simplicity Studio.app/Contents/Eclipse/developer/toolchains/gnu_arm/7.2_2017q4/bin/../lib/gcc/arm-none-eabi/7.2.1/../../../../arm-none-eabi/lib/thumb/v7e-m/fpv4-sp/softfp/libc_nano.a(lib_a-exit.o)
                0x00000000000032d0                exit
 .text.__libc_init_array
                0x00000000000032f8       0x48 /Applications/Simplicity Studio.app/Contents/Eclipse/developer/toolchains/gnu_arm/7.2_2017q4/bin/../lib/gcc/arm-none-eabi/7.2.1/../../../../arm-none-eabi/lib/thumb/v7e-m/fpv4-sp/softfp/libc_nano.a(lib_a-init.o)
                0x00000000000032f8                __libc_init_array
 .text.memcpy   0x0000000000003340       0x16 /Applications/Simplicity Studio.app/Contents/Eclipse/developer/toolchains/gnu_arm/7.2_2017q4/bin/../lib/gcc/arm-none-eabi/7.2.1/../../../../arm-none-eabi/lib/thumb/v7e-m/fpv4-sp/softfp/libc_nano.a(lib_a-memcpy-stub.o)
                0x0000000000003340                memcpy
 .text.memset   0x0000000000003356       0x10 /Applications/Simplicity Studio.app/Contents/Eclipse/developer/toolchains/gnu_arm/7.2_2017q4/bin/../lib/gcc/arm-none-eabi/7.2.1/../../../../arm-none-eabi/lib/thumb/v7e-m/fpv4-sp/softfp/libc_nano.a(lib_a-memset.o)
                0x0000000000003356                memset
 .text.__cvt    0x0000000000003366       0xbc /Applications/Simplicity Studio.app/Contents/Eclipse/developer/toolchains/gnu_arm/7.2_2017q4/bin/../lib/gcc/arm-none-eabi/7.2.1/../../../../arm-none-eabi/lib/thumb/v7e-m/fpv4-sp/softfp/libc_nano.a(lib_a-nano-vfprintf_float.o)
                0x0000000000003366                __cvt
 .text.__exponent
                0x0000000000003422       0x66 /Applications/Simplicity Studio.app/Contents/Eclipse/developer/toolchains/gnu_arm/7.2_2017q4/bin/../lib/gcc/arm-none-eabi/7.2.1/../../../../arm-none-eabi/lib/thumb/v7e-m/fpv4-sp/softfp/libc_nano.a(lib_a-nano-vfprintf_float.o)
                0x0000000000003422                __exponent
 .text._printf_float
                0x0000000000003488      0x48c /Applications/Simplicity Studio.app/Contents/Eclipse/developer/toolchains/gnu_arm/7.2_2017q4/bin/../lib/gcc/arm-none-eabi/7.2.1/../../../../arm-none-eabi/lib/thumb/v7e-m/fpv4-sp/softfp/libc_nano.a(lib_a-nano-vfprintf_float.o)
                0x0000000000003488                _printf_float
 .text._printf_common
                0x0000000000003914       0xea /Applications/Simplicity Studio.app/Contents/Eclipse/developer/toolchains/gnu_arm/7.2_2017q4/bin/../lib/gcc/arm-none-eabi/7.2.1/../../../../arm-none-eabi/lib/thumb/v7e-m/fpv4-sp/softfp/libc_nano.a(lib_a-nano-vfprintf_i.o)
                0x0000000000003914                _printf_common
 *fill*         0x00000000000039fe        0x2 
 .text._printf_i
                0x0000000000003a00      0x224 /Applications/Simplicity Studio.app/Contents/Eclipse/developer/toolchains/gnu_arm/7.2_2017q4/bin/../lib/gcc/arm-none-eabi/7.2.1/../../../../arm-none-eabi/lib/thumb/v7e-m/fpv4-sp/softfp/libc_nano.a(lib_a-nano-vfprintf_i.o)
                0x0000000000003a00                _printf_i
 .text.sprintf  0x0000000000003c24       0x40 /Applications/Simplicity Studio.app/Contents/Eclipse/developer/toolchains/gnu_arm/7.2_2017q4/bin/../lib/gcc/arm-none-eabi/7.2.1/../../../../arm-none-eabi/lib/thumb/v7e-m/fpv4-sp/softfp/libc_nano.a(lib_a-sprintf.o)
                0x0000000000003c24                sprintf
                0x0000000000003c24                siprintf
 .text.strcpy   0x0000000000003c64       0x10 /Applications/Simplicity Studio.app/Contents/Eclipse/developer/toolchains/gnu_arm/7.2_2017q4/bin/../lib/gcc/arm-none-eabi/7.2.1/../../../../arm-none-eabi/lib/thumb/v7e-m/fpv4-sp/softfp/libc_nano.a(lib_a-strcpy.o)
                0x0000000000003c64                strcpy
 .text          0x0000000000003c74       0x10 /Applications/Simplicity Studio.app/Contents/Eclipse/developer/toolchains/gnu_arm/7.2_2017q4/bin/../lib/gcc/arm-none-eabi/7.2.1/../../../../arm-none-eabi/lib/thumb/v7e-m/fpv4-sp/softfp/libc_nano.a(lib_a-strlen.o)
                0x0000000000003c74                strlen
 .text.quorem   0x0000000000003c84      0x118 /Applications/Simplicity Studio.app/Contents/Eclipse/developer/toolchains/gnu_arm/7.2_2017q4/bin/../lib/gcc/arm-none-eabi/7.2.1/../../../../arm-none-eabi/lib/thumb/v7e-m/fpv4-sp/softfp/libc_nano.a(lib_a-dtoa.o)
 *fill*         0x0000000000003d9c        0x4 
 .text._dtoa_r  0x0000000000003da0      0xb7c /Applications/Simplicity Studio.app/Contents/Eclipse/developer/toolchains/gnu_arm/7.2_2017q4/bin/../lib/gcc/arm-none-eabi/7.2.1/../../../../arm-none-eabi/lib/thumb/v7e-m/fpv4-sp/softfp/libc_nano.a(lib_a-dtoa.o)
                0x0000000000003da0                _dtoa_r
 .text._localeconv_r
                0x000000000000491c       0x1c /Applications/Simplicity Studio.app/Contents/Eclipse/developer/toolchains/gnu_arm/7.2_2017q4/bin/../lib/gcc/arm-none-eabi/7.2.1/../../../../arm-none-eabi/lib/thumb/v7e-m/fpv4-sp/softfp/libc_nano.a(lib_a-localeconv.o)
                0x000000000000491c                _localeconv_r
 .text.malloc   0x0000000000004938       0x10 /Applications/Simplicity Studio.app/Contents/Eclipse/developer/toolchains/gnu_arm/7.2_2017q4/bin/../lib/gcc/arm-none-eabi/7.2.1/../../../../arm-none-eabi/lib/thumb/v7e-m/fpv4-sp/softfp/libc_nano.a(lib_a-malloc.o)
                0x0000000000004938                malloc
 *fill*         0x0000000000004948        0x8 
 .text          0x0000000000004950       0xa0 /Applications/Simplicity Studio.app/Contents/Eclipse/developer/toolchains/gnu_arm/7.2_2017q4/bin/../lib/gcc/arm-none-eabi/7.2.1/../../../../arm-none-eabi/lib/thumb/v7e-m/fpv4-sp/softfp/libc_nano.a(lib_a-memchr.o)
                0x0000000000004950                memchr
 .text._Balloc  0x00000000000049f0       0x68 /Applications/Simplicity Studio.app/Contents/Eclipse/developer/toolchains/gnu_arm/7.2_2017q4/bin/../lib/gcc/arm-none-eabi/7.2.1/../../../../arm-none-eabi/lib/thumb/v7e-m/fpv4-sp/softfp/libc_nano.a(lib_a-mprec.o)
                0x00000000000049f0                _Balloc
 .text._Bfree   0x0000000000004a58       0x2e /Applications/Simplicity Studio.app/Contents/Eclipse/developer/toolchains/gnu_arm/7.2_2017q4/bin/../lib/gcc/arm-none-eabi/7.2.1/../../../../arm-none-eabi/lib/thumb/v7e-m/fpv4-sp/softfp/libc_nano.a(lib_a-mprec.o)
                0x0000000000004a58                _Bfree
 .text.__multadd
                0x0000000000004a86       0x76 /Applications/Simplicity Studio.app/Contents/Eclipse/developer/toolchains/gnu_arm/7.2_2017q4/bin/../lib/gcc/arm-none-eabi/7.2.1/../../../../arm-none-eabi/lib/thumb/v7e-m/fpv4-sp/softfp/libc_nano.a(lib_a-mprec.o)
                0x0000000000004a86                __multadd
 .text.__hi0bits
                0x0000000000004afc       0x3e /Applications/Simplicity Studio.app/Contents/Eclipse/developer/toolchains/gnu_arm/7.2_2017q4/bin/../lib/gcc/arm-none-eabi/7.2.1/../../../../arm-none-eabi/lib/thumb/v7e-m/fpv4-sp/softfp/libc_nano.a(lib_a-mprec.o)
                0x0000000000004afc                __hi0bits
 .text.__lo0bits
                0x0000000000004b3a       0x5e /Applications/Simplicity Studio.app/Contents/Eclipse/developer/toolchains/gnu_arm/7.2_2017q4/bin/../lib/gcc/arm-none-eabi/7.2.1/../../../../arm-none-eabi/lib/thumb/v7e-m/fpv4-sp/softfp/libc_nano.a(lib_a-mprec.o)
                0x0000000000004b3a                __lo0bits
 .text.__i2b    0x0000000000004b98       0x12 /Applications/Simplicity Studio.app/Contents/Eclipse/developer/toolchains/gnu_arm/7.2_2017q4/bin/../lib/gcc/arm-none-eabi/7.2.1/../../../../arm-none-eabi/lib/thumb/v7e-m/fpv4-sp/softfp/libc_nano.a(lib_a-mprec.o)
                0x0000000000004b98                __i2b
 .text.__multiply
                0x0000000000004baa      0x12c /Applications/Simplicity Studio.app/Contents/Eclipse/developer/toolchains/gnu_arm/7.2_2017q4/bin/../lib/gcc/arm-none-eabi/7.2.1/../../../../arm-none-eabi/lib/thumb/v7e-m/fpv4-sp/softfp/libc_nano.a(lib_a-mprec.o)
                0x0000000000004baa                __multiply
 *fill*         0x0000000000004cd6        0x2 
 .text.__pow5mult
                0x0000000000004cd8       0x9c /Applications/Simplicity Studio.app/Contents/Eclipse/developer/toolchains/gnu_arm/7.2_2017q4/bin/../lib/gcc/arm-none-eabi/7.2.1/../../../../arm-none-eabi/lib/thumb/v7e-m/fpv4-sp/softfp/libc_nano.a(lib_a-mprec.o)
                0x0000000000004cd8                __pow5mult
 .text.__lshift
                0x0000000000004d74       0xa8 /Applications/Simplicity Studio.app/Contents/Eclipse/developer/toolchains/gnu_arm/7.2_2017q4/bin/../lib/gcc/arm-none-eabi/7.2.1/../../../../arm-none-eabi/lib/thumb/v7e-m/fpv4-sp/softfp/libc_nano.a(lib_a-mprec.o)
                0x0000000000004d74                __lshift
 .text.__mcmp   0x0000000000004e1c       0x34 /Applications/Simplicity Studio.app/Contents/Eclipse/developer/toolchains/gnu_arm/7.2_2017q4/bin/../lib/gcc/arm-none-eabi/7.2.1/../../../../arm-none-eabi/lib/thumb/v7e-m/fpv4-sp/softfp/libc_nano.a(lib_a-mprec.o)
                0x0000000000004e1c                __mcmp
 .text.__mdiff  0x0000000000004e50       0xba /Applications/Simplicity Studio.app/Contents/Eclipse/developer/toolchains/gnu_arm/7.2_2017q4/bin/../lib/gcc/arm-none-eabi/7.2.1/../../../../arm-none-eabi/lib/thumb/v7e-m/fpv4-sp/softfp/libc_nano.a(lib_a-mprec.o)
                0x0000000000004e50                __mdiff
 .text.__d2b    0x0000000000004f0a       0x9e /Applications/Simplicity Studio.app/Contents/Eclipse/developer/toolchains/gnu_arm/7.2_2017q4/bin/../lib/gcc/arm-none-eabi/7.2.1/../../../../arm-none-eabi/lib/thumb/v7e-m/fpv4-sp/softfp/libc_nano.a(lib_a-mprec.o)
                0x0000000000004f0a                __d2b
 .text._calloc_r
                0x0000000000004fa8       0x1c /Applications/Simplicity Studio.app/Contents/Eclipse/developer/toolchains/gnu_arm/7.2_2017q4/bin/../lib/gcc/arm-none-eabi/7.2.1/../../../../arm-none-eabi/lib/thumb/v7e-m/fpv4-sp/softfp/libc_nano.a(lib_a-nano-callocr.o)
                0x0000000000004fa8                _calloc_r
 .text._free_r  0x0000000000004fc4       0x9c /Applications/Simplicity Studio.app/Contents/Eclipse/developer/toolchains/gnu_arm/7.2_2017q4/bin/../lib/gcc/arm-none-eabi/7.2.1/../../../../arm-none-eabi/lib/thumb/v7e-m/fpv4-sp/softfp/libc_nano.a(lib_a-nano-freer.o)
                0x0000000000004fc4                _free_r
 .text._malloc_r
                0x0000000000005060       0xb4 /Applications/Simplicity Studio.app/Contents/Eclipse/developer/toolchains/gnu_arm/7.2_2017q4/bin/../lib/gcc/arm-none-eabi/7.2.1/../../../../arm-none-eabi/lib/thumb/v7e-m/fpv4-sp/softfp/libc_nano.a(lib_a-nano-mallocr.o)
                0x0000000000005060                _malloc_r
 .text.__ssputs_r
                0x0000000000005114       0xb4 /Applications/Simplicity Studio.app/Contents/Eclipse/developer/toolchains/gnu_arm/7.2_2017q4/bin/../lib/gcc/arm-none-eabi/7.2.1/../../../../arm-none-eabi/lib/thumb/v7e-m/fpv4-sp/softfp/libc_nano.a(lib_a-nano-svfprintf.o)
                0x0000000000005114                __ssputs_r
 .text._svfprintf_r
                0x00000000000051c8      0x1ec /Applications/Simplicity Studio.app/Contents/Eclipse/developer/toolchains/gnu_arm/7.2_2017q4/bin/../lib/gcc/arm-none-eabi/7.2.1/../../../../arm-none-eabi/lib/thumb/v7e-m/fpv4-sp/softfp/libc_nano.a(lib_a-nano-svfprintf.o)
                0x00000000000051c8                _svfprintf_r
                0x00000000000051c8                _svfiprintf_r
 .text._sbrk_r  0x00000000000053b4       0x20 /Applications/Simplicity Studio.app/Contents/Eclipse/developer/toolchains/gnu_arm/7.2_2017q4/bin/../lib/gcc/arm-none-eabi/7.2.1/../../../../arm-none-eabi/lib/thumb/v7e-m/fpv4-sp/softfp/libc_nano.a(lib_a-sbrkr.o)
                0x00000000000053b4                _sbrk_r
 .text.__ascii_mbtowc
                0x00000000000053d4       0x24 /Applications/Simplicity Studio.app/Contents/Eclipse/developer/toolchains/gnu_arm/7.2_2017q4/bin/../lib/gcc/arm-none-eabi/7.2.1/../../../../arm-none-eabi/lib/thumb/v7e-m/fpv4-sp/softfp/libc_nano.a(lib_a-mbtowc_r.o)
                0x00000000000053d4                __ascii_mbtowc
 .text.memmove  0x00000000000053f8       0x32 /Applications/Simplicity Studio.app/Contents/Eclipse/developer/toolchains/gnu_arm/7.2_2017q4/bin/../lib/gcc/arm-none-eabi/7.2.1/../../../../arm-none-eabi/lib/thumb/v7e-m/fpv4-sp/softfp/libc_nano.a(lib_a-memmove.o)
                0x00000000000053f8                memmove
 .text.__malloc_lock
                0x000000000000542a        0x2 /Applications/Simplicity Studio.app/Contents/Eclipse/developer/toolchains/gnu_arm/7.2_2017q4/bin/../lib/gcc/arm-none-eabi/7.2.1/../../../../arm-none-eabi/lib/thumb/v7e-m/fpv4-sp/softfp/libc_nano.a(lib_a-mlock.o)
                0x000000000000542a                __malloc_lock
 .text.__malloc_unlock
                0x000000000000542c        0x2 /Applications/Simplicity Studio.app/Contents/Eclipse/developer/toolchains/gnu_arm/7.2_2017q4/bin/../lib/gcc/arm-none-eabi/7.2.1/../../../../arm-none-eabi/lib/thumb/v7e-m/fpv4-sp/softfp/libc_nano.a(lib_a-mlock.o)
                0x000000000000542c                __malloc_unlock
 .text._realloc_r
                0x000000000000542e       0x4c /Applications/Simplicity Studio.app/Contents/Eclipse/developer/toolchains/gnu_arm/7.2_2017q4/bin/../lib/gcc/arm-none-eabi/7.2.1/../../../../arm-none-eabi/lib/thumb/v7e-m/fpv4-sp/softfp/libc_nano.a(lib_a-nano-reallocr.o)
                0x000000000000542e                _realloc_r
 .text.__ascii_wctomb
                0x000000000000547a       0x1a /Applications/Simplicity Studio.app/Contents/Eclipse/developer/toolchains/gnu_arm/7.2_2017q4/bin/../lib/gcc/arm-none-eabi/7.2.1/../../../../arm-none-eabi/lib/thumb/v7e-m/fpv4-sp/softfp/libc_nano.a(lib_a-wctomb_r.o)
                0x000000000000547a                __ascii_wctomb
 .text._malloc_usable_size_r
                0x0000000000005494       0x10 /Applications/Simplicity Studio.app/Contents/Eclipse/developer/toolchains/gnu_arm/7.2_2017q4/bin/../lib/gcc/arm-none-eabi/7.2.1/../../../../arm-none-eabi/lib/thumb/v7e-m/fpv4-sp/softfp/libc_nano.a(lib_a-nano-msizer.o)
                0x0000000000005494                _malloc_usable_size_r
 .text._sbrk    0x00000000000054a4       0x1c /Applications/Simplicity Studio.app/Contents/Eclipse/developer/toolchains/gnu_arm/7.2_2017q4/bin/../lib/gcc/arm-none-eabi/7.2.1/../../../../arm-none-eabi/lib/thumb/v7e-m/fpv4-sp/softfp/libnosys.a(sbrk.o)
                0x00000000000054a4                _sbrk
 .text._exit    0x00000000000054c0        0x4 /Applications/Simplicity Studio.app/Contents/Eclipse/developer/toolchains/gnu_arm/7.2_2017q4/bin/../lib/gcc/arm-none-eabi/7.2.1/../../../../arm-none-eabi/lib/thumb/v7e-m/fpv4-sp/softfp/libnosys.a(_exit.o)
                0x00000000000054c0                _exit
 .text          0x00000000000054c4      0x110 /Applications/Simplicity Studio.app/Contents/Eclipse/developer/toolchains/gnu_arm/7.2_2017q4/bin/../lib/gcc/arm-none-eabi/7.2.1/thumb/v7e-m/fpv4-sp/softfp/libgcc.a(_arm_cmpdf2.o)
                0x00000000000054c4                __gedf2
                0x00000000000054c4                __gtdf2
                0x00000000000054cc                __ledf2
                0x00000000000054cc                __ltdf2
                0x00000000000054d4                __cmpdf2
                0x00000000000054d4                __eqdf2
                0x00000000000054d4                __nedf2
                0x0000000000005550                __aeabi_cdrcmple
                0x0000000000005560                __aeabi_cdcmple
                0x0000000000005560                __aeabi_cdcmpeq
                0x0000000000005570                __aeabi_dcmpeq
                0x0000000000005584                __aeabi_dcmplt
                0x0000000000005598                __aeabi_dcmple
                0x00000000000055ac                __aeabi_dcmpge
                0x00000000000055c0                __aeabi_dcmpgt
 .text          0x00000000000055d4       0x2c /Applications/Simplicity Studio.app/Contents/Eclipse/developer/toolchains/gnu_arm/7.2_2017q4/bin/../lib/gcc/arm-none-eabi/7.2.1/thumb/v7e-m/fpv4-sp/softfp/libgcc.a(_arm_unorddf2.o)
                0x00000000000055d4                __aeabi_dcmpun
                0x00000000000055d4                __unorddf2
 .text          0x0000000000005600       0x50 /Applications/Simplicity Studio.app/Contents/Eclipse/developer/toolchains/gnu_arm/7.2_2017q4/bin/../lib/gcc/arm-none-eabi/7.2.1/thumb/v7e-m/fpv4-sp/softfp/libgcc.a(_arm_fixdfsi.o)
                0x0000000000005600                __fixdfsi
                0x0000000000005600                __aeabi_d2iz
 *(.init)
 .init          0x0000000000005650        0x4 /Applications/Simplicity Studio.app/Contents/Eclipse/developer/toolchains/gnu_arm/7.2_2017q4/bin/../lib/gcc/arm-none-eabi/7.2.1/thumb/v7e-m/fpv4-sp/softfp/crti.o
                0x0000000000005650                _init
 .init          0x0000000000005654        0x8 /Applications/Simplicity Studio.app/Contents/Eclipse/developer/toolchains/gnu_arm/7.2_2017q4/bin/../lib/gcc/arm-none-eabi/7.2.1/thumb/v7e-m/fpv4-sp/softfp/crtn.o
 *(.fini)
 .fini          0x000000000000565c        0x4 /Applications/Simplicity Studio.app/Contents/Eclipse/developer/toolchains/gnu_arm/7.2_2017q4/bin/../lib/gcc/arm-none-eabi/7.2.1/thumb/v7e-m/fpv4-sp/softfp/crti.o
                0x000000000000565c                _fini
 .fini          0x0000000000005660        0x8 /Applications/Simplicity Studio.app/Contents/Eclipse/developer/toolchains/gnu_arm/7.2_2017q4/bin/../lib/gcc/arm-none-eabi/7.2.1/thumb/v7e-m/fpv4-sp/softfp/crtn.o
 .fini.__stub   0x0000000000005668        0x8 linker stubs
 *crtbegin.o(.ctors)
 *crtbegin?.o(.ctors)
 *(EXCLUDE_FILE(*crtend.o *crtend?.o) .ctors)
 *(SORT_BY_NAME(.ctors.*))
 *(.ctors)
 *crtbegin.o(.dtors)
 *crtbegin?.o(.dtors)
 *(EXCLUDE_FILE(*crtend.o *crtend?.o) .dtors)
 *(SORT_BY_NAME(.dtors.*))
 *(.dtors)
 *(.rodata*)
 .rodata.CSWTCH.47
                0x0000000000005670        0x6 ./emlib/em_cmu.o
 *fill*         0x0000000000005676        0x2 
 .rodata.CSWTCH.48
                0x0000000000005678        0x4 ./emlib/em_cmu.o
 .rodata.CSWTCH.49
                0x000000000000567c        0x4 ./emlib/em_cmu.o
 .rodata.flashWsTable
                0x0000000000005680       0x28 ./emlib/em_cmu.o
 .rodata.i2cNSum
                0x00000000000056a8        0x4 ./emlib/em_i2c.o
 .rodata.scheduled_boot_up_cb.str1.4
                0x00000000000056ac        0xe ./src/Source_Files/app.o
 *fill*         0x00000000000056ba        0x2 
 .rodata.service_si7021_humidity_done.str1.4
                0x00000000000056bc       0x58 ./src/Source_Files/app.o
                                         0x55 (size before relaxing)
 .rodata        0x0000000000005714       0x22 ./src/main.o
 *fill*         0x0000000000005736        0x2 
 .rodata._global_impure_ptr
                0x0000000000005738        0x4 /Applications/Simplicity Studio.app/Contents/Eclipse/developer/toolchains/gnu_arm/7.2_2017q4/bin/../lib/gcc/arm-none-eabi/7.2.1/../../../../arm-none-eabi/lib/thumb/v7e-m/fpv4-sp/softfp/libc_nano.a(lib_a-impure.o)
                0x0000000000005738                _global_impure_ptr
 .rodata._printf_float.str1.1
                0x000000000000573c       0x12 /Applications/Simplicity Studio.app/Contents/Eclipse/developer/toolchains/gnu_arm/7.2_2017q4/bin/../lib/gcc/arm-none-eabi/7.2.1/../../../../arm-none-eabi/lib/thumb/v7e-m/fpv4-sp/softfp/libc_nano.a(lib_a-nano-vfprintf_float.o)
 .rodata._printf_i.str1.1
                0x000000000000574e       0x22 /Applications/Simplicity Studio.app/Contents/Eclipse/developer/toolchains/gnu_arm/7.2_2017q4/bin/../lib/gcc/arm-none-eabi/7.2.1/../../../../arm-none-eabi/lib/thumb/v7e-m/fpv4-sp/softfp/libc_nano.a(lib_a-nano-vfprintf_i.o)
 .rodata._dtoa_r.str1.1
                0x0000000000005770        0xd /Applications/Simplicity Studio.app/Contents/Eclipse/developer/toolchains/gnu_arm/7.2_2017q4/bin/../lib/gcc/arm-none-eabi/7.2.1/../../../../arm-none-eabi/lib/thumb/v7e-m/fpv4-sp/softfp/libc_nano.a(lib_a-dtoa.o)
                                          0xf (size before relaxing)
 *fill*         0x000000000000577d        0x3 
 .rodata.__mprec_bigtens
                0x0000000000005780       0x28 /Applications/Simplicity Studio.app/Contents/Eclipse/developer/toolchains/gnu_arm/7.2_2017q4/bin/../lib/gcc/arm-none-eabi/7.2.1/../../../../arm-none-eabi/lib/thumb/v7e-m/fpv4-sp/softfp/libc_nano.a(lib_a-mprec.o)
                0x0000000000005780                __mprec_bigtens
 .rodata.__mprec_tens
                0x00000000000057a8       0xc8 /Applications/Simplicity Studio.app/Contents/Eclipse/developer/toolchains/gnu_arm/7.2_2017q4/bin/../lib/gcc/arm-none-eabi/7.2.1/../../../../arm-none-eabi/lib/thumb/v7e-m/fpv4-sp/softfp/libc_nano.a(lib_a-mprec.o)
                0x00000000000057a8                __mprec_tens
 .rodata.p05.7359
                0x0000000000005870        0xc /Applications/Simplicity Studio.app/Contents/Eclipse/developer/toolchains/gnu_arm/7.2_2017q4/bin/../lib/gcc/arm-none-eabi/7.2.1/../../../../arm-none-eabi/lib/thumb/v7e-m/fpv4-sp/softfp/libc_nano.a(lib_a-mprec.o)
 .rodata._svfprintf_r.str1.1
                0x000000000000587c       0x11 /Applications/Simplicity Studio.app/Contents/Eclipse/developer/toolchains/gnu_arm/7.2_2017q4/bin/../lib/gcc/arm-none-eabi/7.2.1/../../../../arm-none-eabi/lib/thumb/v7e-m/fpv4-sp/softfp/libc_nano.a(lib_a-nano-svfprintf.o)
 .rodata._setlocale_r.str1.1
                0x000000000000588d        0x8 /Applications/Simplicity Studio.app/Contents/Eclipse/developer/toolchains/gnu_arm/7.2_2017q4/bin/../lib/gcc/arm-none-eabi/7.2.1/../../../../arm-none-eabi/lib/thumb/v7e-m/fpv4-sp/softfp/libc_nano.a(lib_a-locale.o)
                                          0x9 (size before relaxing)
 .rodata.str1.1
                0x0000000000005895        0x2 /Applications/Simplicity Studio.app/Contents/Eclipse/developer/toolchains/gnu_arm/7.2_2017q4/bin/../lib/gcc/arm-none-eabi/7.2.1/../../../../arm-none-eabi/lib/thumb/v7e-m/fpv4-sp/softfp/libc_nano.a(lib_a-locale.o)
 .rodata._ctype_
                0x0000000000005897      0x101 /Applications/Simplicity Studio.app/Contents/Eclipse/developer/toolchains/gnu_arm/7.2_2017q4/bin/../lib/gcc/arm-none-eabi/7.2.1/../../../../arm-none-eabi/lib/thumb/v7e-m/fpv4-sp/softfp/libc_nano.a(lib_a-ctype_.o)
                0x0000000000005897                _ctype_
 *(.eh_frame*)
 .eh_frame      0x0000000000005998        0x0 /Applications/Simplicity Studio.app/Contents/Eclipse/developer/toolchains/gnu_arm/7.2_2017q4/bin/../lib/gcc/arm-none-eabi/7.2.1/thumb/v7e-m/fpv4-sp/softfp/crtbegin.o
 .eh_frame      0x0000000000005998        0x4 /Applications/Simplicity Studio.app/Contents/Eclipse/developer/toolchains/gnu_arm/7.2_2017q4/bin/../lib/gcc/arm-none-eabi/7.2.1/thumb/v7e-m/fpv4-sp/softfp/crtend.o

.glue_7         0x000000000000599c        0x0
 .glue_7        0x000000000000599c        0x0 linker stubs

.glue_7t        0x000000000000599c        0x0
 .glue_7t       0x000000000000599c        0x0 linker stubs

.vfp11_veneer   0x000000000000599c        0x0
 .vfp11_veneer  0x000000000000599c        0x0 linker stubs

.v4_bx          0x000000000000599c        0x0
 .v4_bx         0x000000000000599c        0x0 linker stubs

.iplt           0x000000000000599c        0x0
 .iplt          0x000000000000599c        0x0 /Applications/Simplicity Studio.app/Contents/Eclipse/developer/toolchains/gnu_arm/7.2_2017q4/bin/../lib/gcc/arm-none-eabi/7.2.1/thumb/v7e-m/fpv4-sp/softfp/crtbegin.o

.ARM.extab
 *(.ARM.extab* .gnu.linkonce.armextab.*)
                0x000000000000599c                __exidx_start = .

.ARM.exidx      0x000000000000599c        0x8
 *(.ARM.exidx* .gnu.linkonce.armexidx.*)
 .ARM.exidx     0x000000000000599c        0x8 /Applications/Simplicity Studio.app/Contents/Eclipse/developer/toolchains/gnu_arm/7.2_2017q4/bin/../lib/gcc/arm-none-eabi/7.2.1/../../../../arm-none-eabi/lib/thumb/v7e-m/fpv4-sp/softfp/crt0.o
                0x00000000000059a4                __exidx_end = .
                0x00000000000059a4                __etext = .

.rel.dyn        0x00000000000059a4        0x0
 .rel.iplt      0x00000000000059a4        0x0 /Applications/Simplicity Studio.app/Contents/Eclipse/developer/toolchains/gnu_arm/7.2_2017q4/bin/../lib/gcc/arm-none-eabi/7.2.1/thumb/v7e-m/fpv4-sp/softfp/crtbegin.o

.data           0x0000000020000000      0x200 load address 0x00000000000059a4
                0x0000000020000000                __data_start__ = .
 *(vtable)
 *(.data*)
 .data.SystemCoreClock
                0x0000000020000000        0x4 ./CMSIS/EFM32PG12B/system_efm32pg12b.o
                0x0000000020000000                SystemCoreClock
 .data.SystemHFXOClock
                0x0000000020000004        0x4 ./CMSIS/EFM32PG12B/system_efm32pg12b.o
 .data.SystemHfrcoFreq
                0x0000000020000008        0x4 ./CMSIS/EFM32PG12B/system_efm32pg12b.o
                0x0000000020000008                SystemHfrcoFreq
 .data.SystemLFXOClock
                0x000000002000000c        0x4 ./CMSIS/EFM32PG12B/system_efm32pg12b.o
 .data.auxHfrcoFreq
                0x0000000020000010        0x4 ./emlib/em_cmu.o
 .data._impure_ptr
                0x0000000020000014        0x4 /Applications/Simplicity Studio.app/Contents/Eclipse/developer/toolchains/gnu_arm/7.2_2017q4/bin/../lib/gcc/arm-none-eabi/7.2.1/../../../../arm-none-eabi/lib/thumb/v7e-m/fpv4-sp/softfp/libc_nano.a(lib_a-impure.o)
                0x0000000020000014                _impure_ptr
 .data.impure_data
                0x0000000020000018       0x60 /Applications/Simplicity Studio.app/Contents/Eclipse/developer/toolchains/gnu_arm/7.2_2017q4/bin/../lib/gcc/arm-none-eabi/7.2.1/../../../../arm-none-eabi/lib/thumb/v7e-m/fpv4-sp/softfp/libc_nano.a(lib_a-impure.o)
 .data.__global_locale
                0x0000000020000078      0x16c /Applications/Simplicity Studio.app/Contents/Eclipse/developer/toolchains/gnu_arm/7.2_2017q4/bin/../lib/gcc/arm-none-eabi/7.2.1/../../../../arm-none-eabi/lib/thumb/v7e-m/fpv4-sp/softfp/libc_nano.a(lib_a-locale.o)
                0x0000000020000078                __global_locale
                0x00000000200001e4                . = ALIGN (0x4)
                [!provide]                        PROVIDE (__ram_func_section_start, .)
 *(.ram)
 .ram           0x00000000200001e4       0x14 ./emlib/em_emu.o
                [!provide]                        PROVIDE (__ram_func_section_end, .)
                0x00000000200001f8                . = ALIGN (0x4)
                0x00000000200001f8                PROVIDE (__preinit_array_start, .)
 *(.preinit_array)
                0x00000000200001f8                PROVIDE (__preinit_array_end, .)
                0x00000000200001f8                . = ALIGN (0x4)
                0x00000000200001f8                PROVIDE (__init_array_start, .)
 *(SORT_BY_NAME(.init_array.*))
 *(.init_array)
 .init_array    0x00000000200001f8        0x4 /Applications/Simplicity Studio.app/Contents/Eclipse/developer/toolchains/gnu_arm/7.2_2017q4/bin/../lib/gcc/arm-none-eabi/7.2.1/thumb/v7e-m/fpv4-sp/softfp/crtbegin.o
                0x00000000200001fc                PROVIDE (__init_array_end, .)
                0x00000000200001fc                . = ALIGN (0x4)
                [!provide]                        PROVIDE (__fini_array_start, .)
 *(SORT_BY_NAME(.fini_array.*))
 *(.fini_array)
 .fini_array    0x00000000200001fc        0x4 /Applications/Simplicity Studio.app/Contents/Eclipse/developer/toolchains/gnu_arm/7.2_2017q4/bin/../lib/gcc/arm-none-eabi/7.2.1/thumb/v7e-m/fpv4-sp/softfp/crtbegin.o
                [!provide]                        PROVIDE (__fini_array_end, .)
 *(.jcr*)
                0x0000000020000200                . = ALIGN (0x4)
                0x0000000020000200                __data_end__ = .

.igot.plt       0x0000000020000200        0x0 load address 0x0000000000005ba4
 .igot.plt      0x0000000020000200        0x0 /Applications/Simplicity Studio.app/Contents/Eclipse/developer/toolchains/gnu_arm/7.2_2017q4/bin/../lib/gcc/arm-none-eabi/7.2.1/thumb/v7e-m/fpv4-sp/softfp/crtbegin.o

.bss            0x0000000020000200      0x1c4 load address 0x0000000000005ba4
                0x0000000020000200                . = ALIGN (0x4)
                0x0000000020000200                __bss_start__ = .
 *(.bss*)
 .bss           0x0000000020000200       0x1c /Applications/Simplicity Studio.app/Contents/Eclipse/developer/toolchains/gnu_arm/7.2_2017q4/bin/../lib/gcc/arm-none-eabi/7.2.1/thumb/v7e-m/fpv4-sp/softfp/crtbegin.o
 .bss.cmuStatus.7814
                0x000000002000021c        0x4 ./emlib/em_emu.o
 .bss.dcdcEm01LoadCurrent_mA
                0x0000000020000220        0x2 ./emlib/em_emu.o
 .bss.dcdcMaxCurrent_mA
                0x0000000020000222        0x2 ./emlib/em_emu.o
 .bss.dcdcReverseCurrentControl
                0x0000000020000224        0x2 ./emlib/em_emu.o
 .bss.hfClock.7815
                0x0000000020000226        0x1 ./emlib/em_emu.o
 *fill*         0x0000000020000227        0x1 
 .bss.hfrcoCtrl.7817
                0x0000000020000228        0x4 ./emlib/em_emu.o
 .bss.vScaleEM01Config
                0x000000002000022c        0x1 ./emlib/em_emu.o
 .bss.vScaleStatus.7816
                0x000000002000022d        0x1 ./emlib/em_emu.o
 *fill*         0x000000002000022e        0x2 
 .bss.data      0x0000000020000230        0x4 ./src/Source_Files/SI7021.o
 .bss.data_h    0x0000000020000234        0x4 ./src/Source_Files/SI7021.o
 .bss.data_t    0x0000000020000238        0x4 ./src/Source_Files/SI7021.o
 .bss.in        0x000000002000023c       0x40 ./src/Source_Files/app.o
 .bss.in_t      0x000000002000027c       0x40 ./src/Source_Files/app.o
 .bss.ble_cbuf  0x00000000200002bc       0x50 ./src/Source_Files/ble.o
 .bss.i2c_sm    0x000000002000030c       0x20 ./src/Source_Files/i2c.o
 .bss.scheduled_comp0_cb
                0x000000002000032c        0x4 ./src/Source_Files/letimer.o
 .bss.scheduled_comp1_cb
                0x0000000020000330        0x4 ./src/Source_Files/letimer.o
 .bss.scheduled_uf_cb
                0x0000000020000334        0x4 ./src/Source_Files/letimer.o
 .bss.leuart_sm
                0x0000000020000338       0x64 ./src/Source_Files/leuart.o
 .bss.event_scheduled
                0x000000002000039c        0x4 ./src/Source_Files/scheduler.o
 .bss.lowest_energy_mode
                0x00000000200003a0       0x14 ./src/Source_Files/sleep_routines.o
 .bss.__malloc_free_list
                0x00000000200003b4        0x4 /Applications/Simplicity Studio.app/Contents/Eclipse/developer/toolchains/gnu_arm/7.2_2017q4/bin/../lib/gcc/arm-none-eabi/7.2.1/../../../../arm-none-eabi/lib/thumb/v7e-m/fpv4-sp/softfp/libc_nano.a(lib_a-nano-mallocr.o)
                0x00000000200003b4                __malloc_free_list
 .bss.__malloc_sbrk_start
                0x00000000200003b8        0x4 /Applications/Simplicity Studio.app/Contents/Eclipse/developer/toolchains/gnu_arm/7.2_2017q4/bin/../lib/gcc/arm-none-eabi/7.2.1/../../../../arm-none-eabi/lib/thumb/v7e-m/fpv4-sp/softfp/libc_nano.a(lib_a-nano-mallocr.o)
                0x00000000200003b8                __malloc_sbrk_start
 .bss.heap_end.5377
                0x00000000200003bc        0x4 /Applications/Simplicity Studio.app/Contents/Eclipse/developer/toolchains/gnu_arm/7.2_2017q4/bin/../lib/gcc/arm-none-eabi/7.2.1/../../../../arm-none-eabi/lib/thumb/v7e-m/fpv4-sp/softfp/libnosys.a(sbrk.o)
 *(COMMON)
 COMMON         0x00000000200003c0        0x4 /Applications/Simplicity Studio.app/Contents/Eclipse/developer/toolchains/gnu_arm/7.2_2017q4/bin/../lib/gcc/arm-none-eabi/7.2.1/../../../../arm-none-eabi/lib/thumb/v7e-m/fpv4-sp/softfp/libc_nano.a(lib_a-reent.o)
                0x00000000200003c0                errno
                0x00000000200003c4                . = ALIGN (0x4)
                0x00000000200003c4                __bss_end__ = .

.heap           0x00000000200003c8      0xc00
                0x00000000200003c8                __HeapBase = .
                0x00000000200003c8                __end__ = .
                0x00000000200003c8                end = __end__
                0x00000000200003c8                _end = __end__
 *(.heap*)
 .heap          0x00000000200003c8      0xc00 ./CMSIS/EFM32PG12B/startup_gcc_efm32pg12b.o
                0x0000000020000fc8                __HeapLimit = .

.stack_dummy    0x00000000200003c8      0x400
 *(.stack*)
 .stack         0x00000000200003c8      0x400 ./CMSIS/EFM32PG12B/startup_gcc_efm32pg12b.o
                0x0000000020040000                __StackTop = (ORIGIN (RAM) + LENGTH (RAM))
                0x000000002003fc00                __StackLimit = (__StackTop - SIZEOF (.stack_dummy))
                0x0000000020040000                PROVIDE (__stack, __StackTop)
                0x0000000000000001                ASSERT ((__StackLimit >= __HeapLimit), region RAM overflowed with stack)
                0x0000000000000001                ASSERT ((LENGTH (FLASH) >= (__etext + SIZEOF (.data))), FLASH memory overflowed !)
OUTPUT(CC_UART_Lab.axf elf32-littlearm)

.ARM.attributes
                0x0000000000000000       0x2e
 .ARM.attributes
                0x0000000000000000       0x22 /Applications/Simplicity Studio.app/Contents/Eclipse/developer/toolchains/gnu_arm/7.2_2017q4/bin/../lib/gcc/arm-none-eabi/7.2.1/thumb/v7e-m/fpv4-sp/softfp/crti.o
 .ARM.attributes
                0x0000000000000022       0x32 /Applications/Simplicity Studio.app/Contents/Eclipse/developer/toolchains/gnu_arm/7.2_2017q4/bin/../lib/gcc/arm-none-eabi/7.2.1/thumb/v7e-m/fpv4-sp/softfp/crtbegin.o
 .ARM.attributes
                0x0000000000000054       0x20 /Applications/Simplicity Studio.app/Contents/Eclipse/developer/toolchains/gnu_arm/7.2_2017q4/bin/../lib/gcc/arm-none-eabi/7.2.1/../../../../arm-none-eabi/lib/thumb/v7e-m/fpv4-sp/softfp/crt0.o
 .ARM.attributes
                0x0000000000000074       0x1f ./CMSIS/EFM32PG12B/startup_gcc_efm32pg12b.o
 .ARM.attributes
                0x0000000000000093       0x37 ./CMSIS/EFM32PG12B/system_efm32pg12b.o
 .ARM.attributes
                0x00000000000000ca       0x37 ./emlib/em_cmu.o
 .ARM.attributes
                0x0000000000000101       0x37 ./emlib/em_core.o
 .ARM.attributes
                0x0000000000000138       0x37 ./emlib/em_emu.o
 .ARM.attributes
                0x000000000000016f       0x37 ./emlib/em_gpio.o
 .ARM.attributes
                0x00000000000001a6       0x37 ./emlib/em_i2c.o
 .ARM.attributes
                0x00000000000001dd       0x37 ./emlib/em_letimer.o
 .ARM.attributes
                0x0000000000000214       0x37 ./emlib/em_leuart.o
 .ARM.attributes
                0x000000000000024b       0x37 ./emlib/em_timer.o
 .ARM.attributes
                0x0000000000000282       0x37 ./src/Source_Files/HW_delay.o
 .ARM.attributes
                0x00000000000002b9       0x37 ./src/Source_Files/SI7021.o
 .ARM.attributes
                0x00000000000002f0       0x37 ./src/Source_Files/app.o
 .ARM.attributes
                0x0000000000000327       0x37 ./src/Source_Files/ble.o
 .ARM.attributes
                0x000000000000035e       0x37 ./src/Source_Files/cmu.o
 .ARM.attributes
                0x0000000000000395       0x37 ./src/Source_Files/gpio.o
 .ARM.attributes
                0x00000000000003cc       0x37 ./src/Source_Files/i2c.o
 .ARM.attributes
                0x0000000000000403       0x37 ./src/Source_Files/letimer.o
 .ARM.attributes
                0x000000000000043a       0x37 ./src/Source_Files/leuart.o
 .ARM.attributes
                0x0000000000000471       0x37 ./src/Source_Files/scheduler.o
 .ARM.attributes
                0x00000000000004a8       0x37 ./src/Source_Files/sleep_routines.o
 .ARM.attributes
                0x00000000000004df       0x37 ./src/main.o
 .ARM.attributes
                0x0000000000000516       0x22 /Applications/Simplicity Studio.app/Contents/Eclipse/developer/toolchains/gnu_arm/7.2_2017q4/bin/../lib/gcc/arm-none-eabi/7.2.1/thumb/v7e-m/fpv4-sp/softfp/libgcc.a(_arm_addsubdf3.o)
 .ARM.attributes
                0x0000000000000538       0x22 /Applications/Simplicity Studio.app/Contents/Eclipse/developer/toolchains/gnu_arm/7.2_2017q4/bin/../lib/gcc/arm-none-eabi/7.2.1/thumb/v7e-m/fpv4-sp/softfp/libgcc.a(_arm_muldivdf3.o)
 .ARM.attributes
                0x000000000000055a       0x22 /Applications/Simplicity Studio.app/Contents/Eclipse/developer/toolchains/gnu_arm/7.2_2017q4/bin/../lib/gcc/arm-none-eabi/7.2.1/thumb/v7e-m/fpv4-sp/softfp/libgcc.a(_arm_truncdfsf2.o)
 .ARM.attributes
                0x000000000000057c       0x32 /Applications/Simplicity Studio.app/Contents/Eclipse/developer/toolchains/gnu_arm/7.2_2017q4/bin/../lib/gcc/arm-none-eabi/7.2.1/../../../../arm-none-eabi/lib/thumb/v7e-m/fpv4-sp/softfp/libc_nano.a(lib_a-exit.o)
 .ARM.attributes
                0x00000000000005ae       0x32 /Applications/Simplicity Studio.app/Contents/Eclipse/developer/toolchains/gnu_arm/7.2_2017q4/bin/../lib/gcc/arm-none-eabi/7.2.1/../../../../arm-none-eabi/lib/thumb/v7e-m/fpv4-sp/softfp/libc_nano.a(lib_a-impure.o)
 .ARM.attributes
                0x00000000000005e0       0x32 /Applications/Simplicity Studio.app/Contents/Eclipse/developer/toolchains/gnu_arm/7.2_2017q4/bin/../lib/gcc/arm-none-eabi/7.2.1/../../../../arm-none-eabi/lib/thumb/v7e-m/fpv4-sp/softfp/libc_nano.a(lib_a-init.o)
 .ARM.attributes
                0x0000000000000612       0x32 /Applications/Simplicity Studio.app/Contents/Eclipse/developer/toolchains/gnu_arm/7.2_2017q4/bin/../lib/gcc/arm-none-eabi/7.2.1/../../../../arm-none-eabi/lib/thumb/v7e-m/fpv4-sp/softfp/libc_nano.a(lib_a-memcpy-stub.o)
 .ARM.attributes
                0x0000000000000644       0x32 /Applications/Simplicity Studio.app/Contents/Eclipse/developer/toolchains/gnu_arm/7.2_2017q4/bin/../lib/gcc/arm-none-eabi/7.2.1/../../../../arm-none-eabi/lib/thumb/v7e-m/fpv4-sp/softfp/libc_nano.a(lib_a-memset.o)
 .ARM.attributes
                0x0000000000000676       0x32 /Applications/Simplicity Studio.app/Contents/Eclipse/developer/toolchains/gnu_arm/7.2_2017q4/bin/../lib/gcc/arm-none-eabi/7.2.1/../../../../arm-none-eabi/lib/thumb/v7e-m/fpv4-sp/softfp/libc_nano.a(lib_a-nano-vfprintf_float.o)
 .ARM.attributes
                0x00000000000006a8       0x32 /Applications/Simplicity Studio.app/Contents/Eclipse/developer/toolchains/gnu_arm/7.2_2017q4/bin/../lib/gcc/arm-none-eabi/7.2.1/../../../../arm-none-eabi/lib/thumb/v7e-m/fpv4-sp/softfp/libc_nano.a(lib_a-nano-vfprintf_i.o)
 .ARM.attributes
                0x00000000000006da       0x32 /Applications/Simplicity Studio.app/Contents/Eclipse/developer/toolchains/gnu_arm/7.2_2017q4/bin/../lib/gcc/arm-none-eabi/7.2.1/../../../../arm-none-eabi/lib/thumb/v7e-m/fpv4-sp/softfp/libc_nano.a(lib_a-sprintf.o)
 .ARM.attributes
                0x000000000000070c       0x32 /Applications/Simplicity Studio.app/Contents/Eclipse/developer/toolchains/gnu_arm/7.2_2017q4/bin/../lib/gcc/arm-none-eabi/7.2.1/../../../../arm-none-eabi/lib/thumb/v7e-m/fpv4-sp/softfp/libc_nano.a(lib_a-strcpy.o)
 .ARM.attributes
                0x000000000000073e       0x1b /Applications/Simplicity Studio.app/Contents/Eclipse/developer/toolchains/gnu_arm/7.2_2017q4/bin/../lib/gcc/arm-none-eabi/7.2.1/../../../../arm-none-eabi/lib/thumb/v7e-m/fpv4-sp/softfp/libc_nano.a(lib_a-strlen.o)
 .ARM.attributes
                0x0000000000000759       0x32 /Applications/Simplicity Studio.app/Contents/Eclipse/developer/toolchains/gnu_arm/7.2_2017q4/bin/../lib/gcc/arm-none-eabi/7.2.1/../../../../arm-none-eabi/lib/thumb/v7e-m/fpv4-sp/softfp/libc_nano.a(lib_a-dtoa.o)
 .ARM.attributes
                0x000000000000078b       0x32 /Applications/Simplicity Studio.app/Contents/Eclipse/developer/toolchains/gnu_arm/7.2_2017q4/bin/../lib/gcc/arm-none-eabi/7.2.1/../../../../arm-none-eabi/lib/thumb/v7e-m/fpv4-sp/softfp/libc_nano.a(lib_a-localeconv.o)
 .ARM.attributes
                0x00000000000007bd       0x32 /Applications/Simplicity Studio.app/Contents/Eclipse/developer/toolchains/gnu_arm/7.2_2017q4/bin/../lib/gcc/arm-none-eabi/7.2.1/../../../../arm-none-eabi/lib/thumb/v7e-m/fpv4-sp/softfp/libc_nano.a(lib_a-malloc.o)
 .ARM.attributes
                0x00000000000007ef       0x20 /Applications/Simplicity Studio.app/Contents/Eclipse/developer/toolchains/gnu_arm/7.2_2017q4/bin/../lib/gcc/arm-none-eabi/7.2.1/../../../../arm-none-eabi/lib/thumb/v7e-m/fpv4-sp/softfp/libc_nano.a(lib_a-memchr.o)
 .ARM.attributes
                0x000000000000080f       0x32 /Applications/Simplicity Studio.app/Contents/Eclipse/developer/toolchains/gnu_arm/7.2_2017q4/bin/../lib/gcc/arm-none-eabi/7.2.1/../../../../arm-none-eabi/lib/thumb/v7e-m/fpv4-sp/softfp/libc_nano.a(lib_a-mprec.o)
 .ARM.attributes
                0x0000000000000841       0x32 /Applications/Simplicity Studio.app/Contents/Eclipse/developer/toolchains/gnu_arm/7.2_2017q4/bin/../lib/gcc/arm-none-eabi/7.2.1/../../../../arm-none-eabi/lib/thumb/v7e-m/fpv4-sp/softfp/libc_nano.a(lib_a-nano-callocr.o)
 .ARM.attributes
                0x0000000000000873       0x32 /Applications/Simplicity Studio.app/Contents/Eclipse/developer/toolchains/gnu_arm/7.2_2017q4/bin/../lib/gcc/arm-none-eabi/7.2.1/../../../../arm-none-eabi/lib/thumb/v7e-m/fpv4-sp/softfp/libc_nano.a(lib_a-nano-freer.o)
 .ARM.attributes
                0x00000000000008a5       0x32 /Applications/Simplicity Studio.app/Contents/Eclipse/developer/toolchains/gnu_arm/7.2_2017q4/bin/../lib/gcc/arm-none-eabi/7.2.1/../../../../arm-none-eabi/lib/thumb/v7e-m/fpv4-sp/softfp/libc_nano.a(lib_a-nano-mallocr.o)
 .ARM.attributes
                0x00000000000008d7       0x32 /Applications/Simplicity Studio.app/Contents/Eclipse/developer/toolchains/gnu_arm/7.2_2017q4/bin/../lib/gcc/arm-none-eabi/7.2.1/../../../../arm-none-eabi/lib/thumb/v7e-m/fpv4-sp/softfp/libc_nano.a(lib_a-nano-svfprintf.o)
 .ARM.attributes
                0x0000000000000909       0x32 /Applications/Simplicity Studio.app/Contents/Eclipse/developer/toolchains/gnu_arm/7.2_2017q4/bin/../lib/gcc/arm-none-eabi/7.2.1/../../../../arm-none-eabi/lib/thumb/v7e-m/fpv4-sp/softfp/libc_nano.a(lib_a-sbrkr.o)
 .ARM.attributes
                0x000000000000093b       0x32 /Applications/Simplicity Studio.app/Contents/Eclipse/developer/toolchains/gnu_arm/7.2_2017q4/bin/../lib/gcc/arm-none-eabi/7.2.1/../../../../arm-none-eabi/lib/thumb/v7e-m/fpv4-sp/softfp/libc_nano.a(lib_a-locale.o)
 .ARM.attributes
                0x000000000000096d       0x32 /Applications/Simplicity Studio.app/Contents/Eclipse/developer/toolchains/gnu_arm/7.2_2017q4/bin/../lib/gcc/arm-none-eabi/7.2.1/../../../../arm-none-eabi/lib/thumb/v7e-m/fpv4-sp/softfp/libc_nano.a(lib_a-mbtowc_r.o)
 .ARM.attributes
                0x000000000000099f       0x32 /Applications/Simplicity Studio.app/Contents/Eclipse/developer/toolchains/gnu_arm/7.2_2017q4/bin/../lib/gcc/arm-none-eabi/7.2.1/../../../../arm-none-eabi/lib/thumb/v7e-m/fpv4-sp/softfp/libc_nano.a(lib_a-memmove.o)
 .ARM.attributes
                0x00000000000009d1       0x32 /Applications/Simplicity Studio.app/Contents/Eclipse/developer/toolchains/gnu_arm/7.2_2017q4/bin/../lib/gcc/arm-none-eabi/7.2.1/../../../../arm-none-eabi/lib/thumb/v7e-m/fpv4-sp/softfp/libc_nano.a(lib_a-mlock.o)
 .ARM.attributes
                0x0000000000000a03       0x32 /Applications/Simplicity Studio.app/Contents/Eclipse/developer/toolchains/gnu_arm/7.2_2017q4/bin/../lib/gcc/arm-none-eabi/7.2.1/../../../../arm-none-eabi/lib/thumb/v7e-m/fpv4-sp/softfp/libc_nano.a(lib_a-nano-reallocr.o)
 .ARM.attributes
                0x0000000000000a35       0x32 /Applications/Simplicity Studio.app/Contents/Eclipse/developer/toolchains/gnu_arm/7.2_2017q4/bin/../lib/gcc/arm-none-eabi/7.2.1/../../../../arm-none-eabi/lib/thumb/v7e-m/fpv4-sp/softfp/libc_nano.a(lib_a-reent.o)
 .ARM.attributes
                0x0000000000000a67       0x32 /Applications/Simplicity Studio.app/Contents/Eclipse/developer/toolchains/gnu_arm/7.2_2017q4/bin/../lib/gcc/arm-none-eabi/7.2.1/../../../../arm-none-eabi/lib/thumb/v7e-m/fpv4-sp/softfp/libc_nano.a(lib_a-wctomb_r.o)
 .ARM.attributes
                0x0000000000000a99       0x32 /Applications/Simplicity Studio.app/Contents/Eclipse/developer/toolchains/gnu_arm/7.2_2017q4/bin/../lib/gcc/arm-none-eabi/7.2.1/../../../../arm-none-eabi/lib/thumb/v7e-m/fpv4-sp/softfp/libc_nano.a(lib_a-ctype_.o)
 .ARM.attributes
                0x0000000000000acb       0x32 /Applications/Simplicity Studio.app/Contents/Eclipse/developer/toolchains/gnu_arm/7.2_2017q4/bin/../lib/gcc/arm-none-eabi/7.2.1/../../../../arm-none-eabi/lib/thumb/v7e-m/fpv4-sp/softfp/libc_nano.a(lib_a-nano-msizer.o)
 .ARM.attributes
                0x0000000000000afd       0x32 /Applications/Simplicity Studio.app/Contents/Eclipse/developer/toolchains/gnu_arm/7.2_2017q4/bin/../lib/gcc/arm-none-eabi/7.2.1/../../../../arm-none-eabi/lib/thumb/v7e-m/fpv4-sp/softfp/libnosys.a(sbrk.o)
 .ARM.attributes
                0x0000000000000b2f       0x32 /Applications/Simplicity Studio.app/Contents/Eclipse/developer/toolchains/gnu_arm/7.2_2017q4/bin/../lib/gcc/arm-none-eabi/7.2.1/../../../../arm-none-eabi/lib/thumb/v7e-m/fpv4-sp/softfp/libnosys.a(_exit.o)
 .ARM.attributes
                0x0000000000000b61       0x22 /Applications/Simplicity Studio.app/Contents/Eclipse/developer/toolchains/gnu_arm/7.2_2017q4/bin/../lib/gcc/arm-none-eabi/7.2.1/thumb/v7e-m/fpv4-sp/softfp/libgcc.a(_arm_cmpdf2.o)
 .ARM.attributes
                0x0000000000000b83       0x22 /Applications/Simplicity Studio.app/Contents/Eclipse/developer/toolchains/gnu_arm/7.2_2017q4/bin/../lib/gcc/arm-none-eabi/7.2.1/thumb/v7e-m/fpv4-sp/softfp/libgcc.a(_arm_unorddf2.o)
 .ARM.attributes
                0x0000000000000ba5       0x22 /Applications/Simplicity Studio.app/Contents/Eclipse/developer/toolchains/gnu_arm/7.2_2017q4/bin/../lib/gcc/arm-none-eabi/7.2.1/thumb/v7e-m/fpv4-sp/softfp/libgcc.a(_arm_fixdfsi.o)
 .ARM.attributes
                0x0000000000000bc7       0x32 /Applications/Simplicity Studio.app/Contents/Eclipse/developer/toolchains/gnu_arm/7.2_2017q4/bin/../lib/gcc/arm-none-eabi/7.2.1/thumb/v7e-m/fpv4-sp/softfp/crtend.o
 .ARM.attributes
                0x0000000000000bf9       0x22 /Applications/Simplicity Studio.app/Contents/Eclipse/developer/toolchains/gnu_arm/7.2_2017q4/bin/../lib/gcc/arm-none-eabi/7.2.1/thumb/v7e-m/fpv4-sp/softfp/crtn.o

.comment        0x0000000000000000       0x7e
 .comment       0x0000000000000000       0x7e ./CMSIS/EFM32PG12B/system_efm32pg12b.o
                                         0x7f (size before relaxing)
 .comment       0x000000000000007e       0x7f ./emlib/em_cmu.o
 .comment       0x000000000000007e       0x7f ./emlib/em_core.o
 .comment       0x000000000000007e       0x7f ./emlib/em_emu.o
 .comment       0x000000000000007e       0x7f ./emlib/em_gpio.o
 .comment       0x000000000000007e       0x7f ./emlib/em_i2c.o
 .comment       0x000000000000007e       0x7f ./emlib/em_letimer.o
 .comment       0x000000000000007e       0x7f ./emlib/em_leuart.o
 .comment       0x000000000000007e       0x7f ./emlib/em_timer.o
 .comment       0x000000000000007e       0x7f ./src/Source_Files/HW_delay.o
 .comment       0x000000000000007e       0x7f ./src/Source_Files/SI7021.o
 .comment       0x000000000000007e       0x7f ./src/Source_Files/app.o
 .comment       0x000000000000007e       0x7f ./src/Source_Files/ble.o
 .comment       0x000000000000007e       0x7f ./src/Source_Files/cmu.o
 .comment       0x000000000000007e       0x7f ./src/Source_Files/gpio.o
 .comment       0x000000000000007e       0x7f ./src/Source_Files/i2c.o
 .comment       0x000000000000007e       0x7f ./src/Source_Files/letimer.o
 .comment       0x000000000000007e       0x7f ./src/Source_Files/leuart.o
 .comment       0x000000000000007e       0x7f ./src/Source_Files/scheduler.o
 .comment       0x000000000000007e       0x7f ./src/Source_Files/sleep_routines.o
 .comment       0x000000000000007e       0x7f ./src/main.o

.debug_line     0x0000000000000000     0xfbc4
 .debug_line    0x0000000000000000       0x78 ./CMSIS/EFM32PG12B/startup_gcc_efm32pg12b.o
 .debug_line    0x0000000000000078      0x934 ./CMSIS/EFM32PG12B/system_efm32pg12b.o
 .debug_line    0x00000000000009ac     0x17ba ./emlib/em_cmu.o
 .debug_line    0x0000000000002166      0xb29 ./emlib/em_core.o
 .debug_line    0x0000000000002c8f     0x13e5 ./emlib/em_emu.o
 .debug_line    0x0000000000004074      0xa3b ./emlib/em_gpio.o
 .debug_line    0x0000000000004aaf      0xcce ./emlib/em_i2c.o
 .debug_line    0x000000000000577d      0xa8c ./emlib/em_letimer.o
 .debug_line    0x0000000000006209      0xae3 ./emlib/em_leuart.o
 .debug_line    0x0000000000006cec      0xa40 ./emlib/em_timer.o
 .debug_line    0x000000000000772c      0x9a2 ./src/Source_Files/HW_delay.o
 .debug_line    0x00000000000080ce      0xbba ./src/Source_Files/SI7021.o
 .debug_line    0x0000000000008c88      0xc30 ./src/Source_Files/app.o
 .debug_line    0x00000000000098b8      0xcfc ./src/Source_Files/ble.o
 .debug_line    0x000000000000a5b4      0x95b ./src/Source_Files/cmu.o
 .debug_line    0x000000000000af0f      0x973 ./src/Source_Files/gpio.o
 .debug_line    0x000000000000b882      0xce0 ./src/Source_Files/i2c.o
 .debug_line    0x000000000000c562      0xa84 ./src/Source_Files/letimer.o
 .debug_line    0x000000000000cfe6      0xc8d ./src/Source_Files/leuart.o
 .debug_line    0x000000000000dc73      0x9ad ./src/Source_Files/scheduler.o
 .debug_line    0x000000000000e620      0x9ea ./src/Source_Files/sleep_routines.o
 .debug_line    0x000000000000f00a      0xbba ./src/main.o

.debug_info     0x0000000000000000    0x17459
 .debug_info    0x0000000000000000       0x26 ./CMSIS/EFM32PG12B/startup_gcc_efm32pg12b.o
 .debug_info    0x0000000000000026      0x9b5 ./CMSIS/EFM32PG12B/system_efm32pg12b.o
 .debug_info    0x00000000000009db     0x3d6d ./emlib/em_cmu.o
 .debug_info    0x0000000000004748      0xdaf ./emlib/em_core.o
 .debug_info    0x00000000000054f7     0x3427 ./emlib/em_emu.o
 .debug_info    0x000000000000891e      0xf72 ./emlib/em_gpio.o
 .debug_info    0x0000000000009890      0xe9b ./emlib/em_i2c.o
 .debug_info    0x000000000000a72b      0x7ce ./emlib/em_letimer.o
 .debug_info    0x000000000000aef9      0xbb1 ./emlib/em_leuart.o
 .debug_info    0x000000000000baaa      0xa6a ./emlib/em_timer.o
 .debug_info    0x000000000000c514      0x80e ./src/Source_Files/HW_delay.o
 .debug_info    0x000000000000cd22      0xf4d ./src/Source_Files/SI7021.o
 .debug_info    0x000000000000dc6f     0x159d ./src/Source_Files/app.o
 .debug_info    0x000000000000f20c     0x192c ./src/Source_Files/ble.o
 .debug_info    0x0000000000010b38      0x452 ./src/Source_Files/cmu.o
 .debug_info    0x0000000000010f8a      0x55d ./src/Source_Files/gpio.o
 .debug_info    0x00000000000114e7     0x16a1 ./src/Source_Files/i2c.o
 .debug_info    0x0000000000012b88      0xafe ./src/Source_Files/letimer.o
 .debug_info    0x0000000000013686     0x17f7 ./src/Source_Files/leuart.o
 .debug_info    0x0000000000014e7d      0x25b ./src/Source_Files/scheduler.o
 .debug_info    0x00000000000150d8      0x4f1 ./src/Source_Files/sleep_routines.o
 .debug_info    0x00000000000155c9     0x1e90 ./src/main.o

.debug_abbrev   0x0000000000000000     0x3e10
 .debug_abbrev  0x0000000000000000       0x14 ./CMSIS/EFM32PG12B/startup_gcc_efm32pg12b.o
 .debug_abbrev  0x0000000000000014      0x24e ./CMSIS/EFM32PG12B/system_efm32pg12b.o
 .debug_abbrev  0x0000000000000262      0x50a ./emlib/em_cmu.o
 .debug_abbrev  0x000000000000076c      0x369 ./emlib/em_core.o
 .debug_abbrev  0x0000000000000ad5      0x52a ./emlib/em_emu.o
 .debug_abbrev  0x0000000000000fff      0x327 ./emlib/em_gpio.o
 .debug_abbrev  0x0000000000001326      0x3d7 ./emlib/em_i2c.o
 .debug_abbrev  0x00000000000016fd      0x2e3 ./emlib/em_letimer.o
 .debug_abbrev  0x00000000000019e0      0x360 ./emlib/em_leuart.o
 .debug_abbrev  0x0000000000001d40      0x260 ./emlib/em_timer.o
 .debug_abbrev  0x0000000000001fa0      0x23b ./src/Source_Files/HW_delay.o
 .debug_abbrev  0x00000000000021db      0x26b ./src/Source_Files/SI7021.o
 .debug_abbrev  0x0000000000002446      0x391 ./src/Source_Files/app.o
 .debug_abbrev  0x00000000000027d7      0x461 ./src/Source_Files/ble.o
 .debug_abbrev  0x0000000000002c38      0x12a ./src/Source_Files/cmu.o
 .debug_abbrev  0x0000000000002d62      0x12a ./src/Source_Files/gpio.o
 .debug_abbrev  0x0000000000002e8c      0x377 ./src/Source_Files/i2c.o
 .debug_abbrev  0x0000000000003203      0x25b ./src/Source_Files/letimer.o
 .debug_abbrev  0x000000000000345e      0x3ea ./src/Source_Files/leuart.o
 .debug_abbrev  0x0000000000003848      0x137 ./src/Source_Files/scheduler.o
 .debug_abbrev  0x000000000000397f      0x1f5 ./src/Source_Files/sleep_routines.o
 .debug_abbrev  0x0000000000003b74      0x29c ./src/main.o

.debug_aranges  0x0000000000000000      0x850
 .debug_aranges
                0x0000000000000000       0x20 ./CMSIS/EFM32PG12B/startup_gcc_efm32pg12b.o
 .debug_aranges
                0x0000000000000020       0x68 ./CMSIS/EFM32PG12B/system_efm32pg12b.o
 .debug_aranges
                0x0000000000000088      0x130 ./emlib/em_cmu.o
 .debug_aranges
                0x00000000000001b8       0xb8 ./emlib/em_core.o
 .debug_aranges
                0x0000000000000270      0x148 ./emlib/em_emu.o
 .debug_aranges
                0x00000000000003b8       0x48 ./emlib/em_gpio.o
 .debug_aranges
                0x0000000000000400       0x58 ./emlib/em_i2c.o
 .debug_aranges
                0x0000000000000458       0x78 ./emlib/em_letimer.o
 .debug_aranges
                0x00000000000004d0       0x80 ./emlib/em_leuart.o
 .debug_aranges
                0x0000000000000550       0x38 ./emlib/em_timer.o
 .debug_aranges
                0x0000000000000588       0x20 ./src/Source_Files/HW_delay.o
 .debug_aranges
                0x00000000000005a8       0x40 ./src/Source_Files/SI7021.o
 .debug_aranges
                0x00000000000005e8       0x60 ./src/Source_Files/app.o
 .debug_aranges
                0x0000000000000648       0x48 ./src/Source_Files/ble.o
 .debug_aranges
                0x0000000000000690       0x20 ./src/Source_Files/cmu.o
 .debug_aranges
                0x00000000000006b0       0x20 ./src/Source_Files/gpio.o
 .debug_aranges
                0x00000000000006d0       0x58 ./src/Source_Files/i2c.o
 .debug_aranges
                0x0000000000000728       0x30 ./src/Source_Files/letimer.o
 .debug_aranges
                0x0000000000000758       0x60 ./src/Source_Files/leuart.o
 .debug_aranges
                0x00000000000007b8       0x38 ./src/Source_Files/scheduler.o
 .debug_aranges
                0x00000000000007f0       0x40 ./src/Source_Files/sleep_routines.o
 .debug_aranges
                0x0000000000000830       0x20 ./src/main.o

.debug_str      0x0000000000000000   0x159f02
 .debug_str     0x0000000000000000       0x89 ./CMSIS/EFM32PG12B/startup_gcc_efm32pg12b.o
 .debug_str     0x0000000000000089   0x14e246 ./CMSIS/EFM32PG12B/system_efm32pg12b.o
                                     0x14f16f (size before relaxing)
 .debug_str     0x000000000014e2cf     0x4ef9 ./emlib/em_cmu.o
                                     0x154094 (size before relaxing)
 .debug_str     0x00000000001531c8      0xc1c ./emlib/em_core.o
                                     0x14fc5c (size before relaxing)
 .debug_str     0x0000000000153de4     0x1382 ./emlib/em_emu.o
                                     0x154ae8 (size before relaxing)
 .debug_str     0x0000000000155166      0x47e ./emlib/em_gpio.o
                                     0x14fbb4 (size before relaxing)
 .debug_str     0x00000000001555e4      0x518 ./emlib/em_i2c.o
                                     0x1528d6 (size before relaxing)
 .debug_str     0x0000000000155afc      0x359 ./emlib/em_letimer.o
                                     0x150830 (size before relaxing)
 .debug_str     0x0000000000155e55      0x2fe ./emlib/em_leuart.o
                                     0x150b1f (size before relaxing)
 .debug_str     0x0000000000156153      0xa60 ./emlib/em_timer.o
                                     0x14f7fb (size before relaxing)
 .debug_str     0x0000000000156bb3       0x73 ./src/Source_Files/HW_delay.o
                                     0x150e43 (size before relaxing)
 .debug_str     0x0000000000156c26     0x28d5 ./src/Source_Files/SI7021.o
                                     0x1556cf (size before relaxing)
 .debug_str     0x00000000001594fb      0x284 ./src/Source_Files/app.o
                                     0x1559e5 (size before relaxing)
 .debug_str     0x000000000015977f      0x328 ./src/Source_Files/ble.o
                                     0x155a66 (size before relaxing)
 .debug_str     0x0000000000159aa7       0x1a ./src/Source_Files/cmu.o
                                     0x1508bb (size before relaxing)
 .debug_str     0x0000000000159ac1       0x1b ./src/Source_Files/gpio.o
                                     0x150d67 (size before relaxing)
 .debug_str     0x0000000000159adc      0x15f ./src/Source_Files/i2c.o
                                     0x155daa (size before relaxing)
 .debug_str     0x0000000000159c3b       0xab ./src/Source_Files/letimer.o
                                     0x1518b1 (size before relaxing)
 .debug_str     0x0000000000159ce6      0x121 ./src/Source_Files/leuart.o
                                     0x155fa7 (size before relaxing)
 .debug_str     0x0000000000159e07       0x45 ./src/Source_Files/scheduler.o
                                     0x14fa3b (size before relaxing)
 .debug_str     0x0000000000159e4c       0x6b ./src/Source_Files/sleep_routines.o
                                     0x14fb10 (size before relaxing)
 .debug_str     0x0000000000159eb7       0x4b ./src/main.o
                                     0x1565c3 (size before relaxing)

.debug_loc      0x0000000000000000     0x97f5
 .debug_loc     0x0000000000000000       0xfc ./CMSIS/EFM32PG12B/system_efm32pg12b.o
 .debug_loc     0x00000000000000fc     0x3274 ./emlib/em_cmu.o
 .debug_loc     0x0000000000003370      0x6b2 ./emlib/em_core.o
 .debug_loc     0x0000000000003a22     0x1e7e ./emlib/em_emu.o
 .debug_loc     0x00000000000058a0      0x890 ./emlib/em_gpio.o
 .debug_loc     0x0000000000006130      0xb90 ./emlib/em_i2c.o
 .debug_loc     0x0000000000006cc0      0x35a ./emlib/em_letimer.o
 .debug_loc     0x000000000000701a      0x5b8 ./emlib/em_leuart.o
 .debug_loc     0x00000000000075d2      0x89d ./emlib/em_timer.o
 .debug_loc     0x0000000000007e6f       0xb6 ./src/Source_Files/HW_delay.o
 .debug_loc     0x0000000000007f25      0x244 ./src/Source_Files/SI7021.o
 .debug_loc     0x0000000000008169      0x23f ./src/Source_Files/app.o
 .debug_loc     0x00000000000083a8      0x77e ./src/Source_Files/ble.o
 .debug_loc     0x0000000000008b26       0x2c ./src/Source_Files/cmu.o
 .debug_loc     0x0000000000008b52       0x2c ./src/Source_Files/gpio.o
 .debug_loc     0x0000000000008b7e      0x4cb ./src/Source_Files/i2c.o
 .debug_loc     0x0000000000009049      0x1c9 ./src/Source_Files/letimer.o
 .debug_loc     0x0000000000009212      0x2fe ./src/Source_Files/leuart.o
 .debug_loc     0x0000000000009510      0x115 ./src/Source_Files/scheduler.o
 .debug_loc     0x0000000000009625      0x1a4 ./src/Source_Files/sleep_routines.o
 .debug_loc     0x00000000000097c9       0x2c ./src/main.o

.debug_ranges   0x0000000000000000     0x17b8
 .debug_ranges  0x0000000000000000       0x58 ./CMSIS/EFM32PG12B/system_efm32pg12b.o
 .debug_ranges  0x0000000000000058      0x8d8 ./emlib/em_cmu.o
 .debug_ranges  0x0000000000000930       0xf0 ./emlib/em_core.o
 .debug_ranges  0x0000000000000a20      0x590 ./emlib/em_emu.o
 .debug_ranges  0x0000000000000fb0      0x178 ./emlib/em_gpio.o
 .debug_ranges  0x0000000000001128      0x130 ./emlib/em_i2c.o
 .debug_ranges  0x0000000000001258       0x80 ./emlib/em_letimer.o
 .debug_ranges  0x00000000000012d8      0x118 ./emlib/em_leuart.o
 .debug_ranges  0x00000000000013f0       0x60 ./emlib/em_timer.o
 .debug_ranges  0x0000000000001450       0x10 ./src/Source_Files/HW_delay.o
 .debug_ranges  0x0000000000001460       0x30 ./src/Source_Files/SI7021.o
 .debug_ranges  0x0000000000001490       0x68 ./src/Source_Files/app.o
 .debug_ranges  0x00000000000014f8       0x98 ./src/Source_Files/ble.o
 .debug_ranges  0x0000000000001590       0x10 ./src/Source_Files/cmu.o
 .debug_ranges  0x00000000000015a0       0x10 ./src/Source_Files/gpio.o
 .debug_ranges  0x00000000000015b0       0x98 ./src/Source_Files/i2c.o
 .debug_ranges  0x0000000000001648       0x20 ./src/Source_Files/letimer.o
 .debug_ranges  0x0000000000001668       0xb0 ./src/Source_Files/leuart.o
 .debug_ranges  0x0000000000001718       0x28 ./src/Source_Files/scheduler.o
 .debug_ranges  0x0000000000001740       0x30 ./src/Source_Files/sleep_routines.o
 .debug_ranges  0x0000000000001770       0x48 ./src/main.o

.debug_macro    0x0000000000000000    0x3554b
 .debug_macro   0x0000000000000000      0x282 ./CMSIS/EFM32PG12B/system_efm32pg12b.o
 .debug_macro   0x0000000000000282      0xa48 ./CMSIS/EFM32PG12B/system_efm32pg12b.o
 .debug_macro   0x0000000000000cca       0x22 ./CMSIS/EFM32PG12B/system_efm32pg12b.o
 .debug_macro   0x0000000000000cec       0x4f ./CMSIS/EFM32PG12B/system_efm32pg12b.o
 .debug_macro   0x0000000000000d3b       0x51 ./CMSIS/EFM32PG12B/system_efm32pg12b.o
 .debug_macro   0x0000000000000d8c       0xef ./CMSIS/EFM32PG12B/system_efm32pg12b.o
 .debug_macro   0x0000000000000e7b       0x6a ./CMSIS/EFM32PG12B/system_efm32pg12b.o
 .debug_macro   0x0000000000000ee5      0x1df ./CMSIS/EFM32PG12B/system_efm32pg12b.o
 .debug_macro   0x00000000000010c4      0x4b1 ./CMSIS/EFM32PG12B/system_efm32pg12b.o
 .debug_macro   0x0000000000001575       0x1c ./CMSIS/EFM32PG12B/system_efm32pg12b.o
 .debug_macro   0x0000000000001591       0x22 ./CMSIS/EFM32PG12B/system_efm32pg12b.o
 .debug_macro   0x00000000000015b3       0xdf ./CMSIS/EFM32PG12B/system_efm32pg12b.o
 .debug_macro   0x0000000000001692      0xff5 ./CMSIS/EFM32PG12B/system_efm32pg12b.o
 .debug_macro   0x0000000000002687       0xe2 ./CMSIS/EFM32PG12B/system_efm32pg12b.o
 .debug_macro   0x0000000000002769      0xe1c ./CMSIS/EFM32PG12B/system_efm32pg12b.o
 .debug_macro   0x0000000000003585     0x2275 ./CMSIS/EFM32PG12B/system_efm32pg12b.o
 .debug_macro   0x00000000000057fa      0x329 ./CMSIS/EFM32PG12B/system_efm32pg12b.o
 .debug_macro   0x0000000000005b23     0x3119 ./CMSIS/EFM32PG12B/system_efm32pg12b.o
 .debug_macro   0x0000000000008c3c     0x1bba ./CMSIS/EFM32PG12B/system_efm32pg12b.o
 .debug_macro   0x000000000000a7f6     0x2674 ./CMSIS/EFM32PG12B/system_efm32pg12b.o
 .debug_macro   0x000000000000ce6a     0x1b19 ./CMSIS/EFM32PG12B/system_efm32pg12b.o
 .debug_macro   0x000000000000e983      0xe2b ./CMSIS/EFM32PG12B/system_efm32pg12b.o
 .debug_macro   0x000000000000f7ae      0x344 ./CMSIS/EFM32PG12B/system_efm32pg12b.o
 .debug_macro   0x000000000000faf2      0x29d ./CMSIS/EFM32PG12B/system_efm32pg12b.o
 .debug_macro   0x000000000000fd8f     0x2763 ./CMSIS/EFM32PG12B/system_efm32pg12b.o
 .debug_macro   0x00000000000124f2     0x31cc ./CMSIS/EFM32PG12B/system_efm32pg12b.o
 .debug_macro   0x00000000000156be     0x136b ./CMSIS/EFM32PG12B/system_efm32pg12b.o
 .debug_macro   0x0000000000016a29      0xde2 ./CMSIS/EFM32PG12B/system_efm32pg12b.o
 .debug_macro   0x000000000001780b      0x249 ./CMSIS/EFM32PG12B/system_efm32pg12b.o
 .debug_macro   0x0000000000017a54     0x1042 ./CMSIS/EFM32PG12B/system_efm32pg12b.o
 .debug_macro   0x0000000000018a96     0x1605 ./CMSIS/EFM32PG12B/system_efm32pg12b.o
 .debug_macro   0x000000000001a09b     0x3cb7 ./CMSIS/EFM32PG12B/system_efm32pg12b.o
 .debug_macro   0x000000000001dd52     0x23fc ./CMSIS/EFM32PG12B/system_efm32pg12b.o
 .debug_macro   0x000000000002014e      0x70c ./CMSIS/EFM32PG12B/system_efm32pg12b.o
 .debug_macro   0x000000000002085a     0x26ef ./CMSIS/EFM32PG12B/system_efm32pg12b.o
 .debug_macro   0x0000000000022f49     0x1700 ./CMSIS/EFM32PG12B/system_efm32pg12b.o
 .debug_macro   0x0000000000024649     0x2efb ./CMSIS/EFM32PG12B/system_efm32pg12b.o
 .debug_macro   0x0000000000027544      0xfaf ./CMSIS/EFM32PG12B/system_efm32pg12b.o
 .debug_macro   0x00000000000284f3      0x6c3 ./CMSIS/EFM32PG12B/system_efm32pg12b.o
 .debug_macro   0x0000000000028bb6     0x1021 ./CMSIS/EFM32PG12B/system_efm32pg12b.o
 .debug_macro   0x0000000000029bd7      0x888 ./CMSIS/EFM32PG12B/system_efm32pg12b.o
 .debug_macro   0x000000000002a45f      0x4ff ./CMSIS/EFM32PG12B/system_efm32pg12b.o
 .debug_macro   0x000000000002a95e     0x1be1 ./CMSIS/EFM32PG12B/system_efm32pg12b.o
 .debug_macro   0x000000000002c53f       0x40 ./CMSIS/EFM32PG12B/system_efm32pg12b.o
 .debug_macro   0x000000000002c57f      0x2ce ./CMSIS/EFM32PG12B/system_efm32pg12b.o
 .debug_macro   0x000000000002c84d      0x381 ./CMSIS/EFM32PG12B/system_efm32pg12b.o
 .debug_macro   0x000000000002cbce      0x190 ./CMSIS/EFM32PG12B/system_efm32pg12b.o
 .debug_macro   0x000000000002cd5e     0x27bf ./CMSIS/EFM32PG12B/system_efm32pg12b.o
 .debug_macro   0x000000000002f51d      0x303 ./CMSIS/EFM32PG12B/system_efm32pg12b.o
 .debug_macro   0x000000000002f820      0x303 ./CMSIS/EFM32PG12B/system_efm32pg12b.o
 .debug_macro   0x000000000002fb23      0x3a9 ./emlib/em_cmu.o
 .debug_macro   0x000000000002fecc       0x58 ./emlib/em_cmu.o
 .debug_macro   0x000000000002ff24      0x34d ./emlib/em_cmu.o
 .debug_macro   0x0000000000030271       0x25 ./emlib/em_cmu.o
 .debug_macro   0x0000000000030296       0xee ./emlib/em_cmu.o
 .debug_macro   0x0000000000030384       0x87 ./emlib/em_cmu.o
 .debug_macro   0x000000000003040b      0x2ae ./emlib/em_core.o
 .debug_macro   0x00000000000306b9       0xba ./emlib/em_core.o
 .debug_macro   0x0000000000030773      0x3c3 ./emlib/em_emu.o
 .debug_macro   0x0000000000030b36       0x52 ./emlib/em_emu.o
 .debug_macro   0x0000000000030b88       0x55 ./emlib/em_emu.o
 .debug_macro   0x0000000000030bdd      0x353 ./emlib/em_emu.o
 .debug_macro   0x0000000000030f30       0xd9 ./emlib/em_emu.o
 .debug_macro   0x0000000000031009       0x81 ./emlib/em_emu.o
 .debug_macro   0x000000000003108a       0xc0 ./emlib/em_emu.o
 .debug_macro   0x000000000003114a      0x295 ./emlib/em_gpio.o
 .debug_macro   0x00000000000313df      0x31e ./emlib/em_i2c.o
 .debug_macro   0x00000000000316fd       0x3f ./emlib/em_i2c.o
 .debug_macro   0x000000000003173c      0x2c1 ./emlib/em_letimer.o
 .debug_macro   0x00000000000319fd      0x2b5 ./emlib/em_leuart.o
 .debug_macro   0x0000000000031cb2      0x283 ./emlib/em_timer.o
 .debug_macro   0x0000000000031f35       0x79 ./emlib/em_timer.o
 .debug_macro   0x0000000000031fae      0x2b4 ./src/Source_Files/HW_delay.o
 .debug_macro   0x0000000000032262      0x4b6 ./src/Source_Files/SI7021.o
 .debug_macro   0x0000000000032718       0x45 ./src/Source_Files/SI7021.o
 .debug_macro   0x000000000003275d       0xc4 ./src/Source_Files/SI7021.o
 .debug_macro   0x0000000000032821       0x10 ./src/Source_Files/SI7021.o
 .debug_macro   0x0000000000032831       0x28 ./src/Source_Files/SI7021.o
 .debug_macro   0x0000000000032859       0x10 ./src/Source_Files/SI7021.o
 .debug_macro   0x0000000000032869       0x16 ./src/Source_Files/SI7021.o
 .debug_macro   0x000000000003287f       0x97 ./src/Source_Files/SI7021.o
 .debug_macro   0x0000000000032916       0xf6 ./src/Source_Files/SI7021.o
 .debug_macro   0x0000000000032a0c       0x10 ./src/Source_Files/SI7021.o
 .debug_macro   0x0000000000032a1c       0x10 ./src/Source_Files/SI7021.o
 .debug_macro   0x0000000000032a2c       0xb6 ./src/Source_Files/SI7021.o
 .debug_macro   0x0000000000032ae2       0x16 ./src/Source_Files/SI7021.o
 .debug_macro   0x0000000000032af8      0x129 ./src/Source_Files/SI7021.o
 .debug_macro   0x0000000000032c21       0x16 ./src/Source_Files/SI7021.o
 .debug_macro   0x0000000000032c37       0x22 ./src/Source_Files/SI7021.o
 .debug_macro   0x0000000000032c59       0x10 ./src/Source_Files/SI7021.o
 .debug_macro   0x0000000000032c69       0x10 ./src/Source_Files/SI7021.o
 .debug_macro   0x0000000000032c79       0x52 ./src/Source_Files/SI7021.o
 .debug_macro   0x0000000000032ccb       0x7f ./src/Source_Files/SI7021.o
 .debug_macro   0x0000000000032d4a       0x58 ./src/Source_Files/SI7021.o
 .debug_macro   0x0000000000032da2       0x34 ./src/Source_Files/SI7021.o
 .debug_macro   0x0000000000032dd6       0x52 ./src/Source_Files/SI7021.o
 .debug_macro   0x0000000000032e28      0x4b2 ./src/Source_Files/app.o
 .debug_macro   0x00000000000332da       0x2e ./src/Source_Files/app.o
 .debug_macro   0x0000000000033308       0x52 ./src/Source_Files/app.o
 .debug_macro   0x000000000003335a      0x4e6 ./src/Source_Files/ble.o
 .debug_macro   0x0000000000033840       0x16 ./src/Source_Files/ble.o
 .debug_macro   0x0000000000033856      0x2a9 ./src/Source_Files/cmu.o
 .debug_macro   0x0000000000033aff      0x2b6 ./src/Source_Files/gpio.o
 .debug_macro   0x0000000000033db5      0x4c8 ./src/Source_Files/i2c.o
 .debug_macro   0x000000000003427d       0x3a ./src/Source_Files/i2c.o
 .debug_macro   0x00000000000342b7      0x2fd ./src/Source_Files/letimer.o
 .debug_macro   0x00000000000345b4      0x4d1 ./src/Source_Files/leuart.o
 .debug_macro   0x0000000000034a85       0x57 ./src/Source_Files/leuart.o
 .debug_macro   0x0000000000034adc       0x1c ./src/Source_Files/leuart.o
 .debug_macro   0x0000000000034af8      0x2bf ./src/Source_Files/scheduler.o
 .debug_macro   0x0000000000034db7      0x2c4 ./src/Source_Files/sleep_routines.o
 .debug_macro   0x000000000003507b      0x4d0 ./src/main.o

.debug_frame    0x0000000000000000     0x2020
 .debug_frame   0x0000000000000000       0xc8 ./CMSIS/EFM32PG12B/system_efm32pg12b.o
 .debug_frame   0x00000000000000c8      0x368 ./emlib/em_cmu.o
 .debug_frame   0x0000000000000430      0x224 ./emlib/em_core.o
 .debug_frame   0x0000000000000654      0x3e8 ./emlib/em_emu.o
 .debug_frame   0x0000000000000a3c       0xac ./emlib/em_gpio.o
 .debug_frame   0x0000000000000ae8      0x10c ./emlib/em_i2c.o
 .debug_frame   0x0000000000000bf4       0xe0 ./emlib/em_letimer.o
 .debug_frame   0x0000000000000cd4      0x118 ./emlib/em_leuart.o
 .debug_frame   0x0000000000000dec       0x9c ./emlib/em_timer.o